Xu, Xu, Xu, Xu, Xu, Xu, Xu, Xu, Xu, Xu, Xu, Xu, Xu, Xu, Xu, Xu, Xu, Xu, Xu, Xu, Xu, Xos, Urb, Urb, Urb, Xos, Xos, Xu, Xos, Xos, Xu, Xu, Xu, Xu, Xu, Xu
Xu, Xu, Xu, Xu, Xu, Xu, Xu, Xu, Xu, Xu, Xu, Xu, Xu, Xu, Xu, Xu, Xu, Xu, Xu, Xu, Xu, Xos, Urb, Urb, Urb, Xos, Xos, Xos, Xu, Xu, Xu, Xu, Xu, Xu, Xu, Xu
Xu, Xu, Xu, Xu, Xu, Xu, Xu, Xu, Xu, Xu, Xu, Xu, Xu, Xu, Xu, Xu, Xu, Xu, Xos, Xos, Xos, Xos, Urb, Urb, Urb, Xos, Xos, Xu, Xu, Xu, Xu, Xu, Xu, Xu, Xu, Xu
Xu, Xu, Xu, Xu, Xu, Xu, Xu, Xu, Xu, Xu, Xu, Xu, Xu, Xu, Xu, Xu, Xu, Xos, Xos, Xos, Xos, Xos, Urb, Urb, Urb, Xos, Xos, Xu, Xu, Xu, Xu, Xu, Xu, Xu, Xu, Xu
Xu, Xu, Xu, Xu, Xu, Xu, Xu, Xu, Xu, Xu, Xu, Xu, Xu, Xu, Xu, Xu, Xu, Xu, Xos, Xos, Xu, Xos, Urb, Urb, Urb, Xos, Xos, Xu, Xu, Xu, Xu, Xu, Xu, Xu, Xu, Xu
Xu, Xu, Xu, Xu, Xu, Xu, Xu, Xu, Xu, Xu, Xu, Xu, Xu, Xu, Xu, Xu, Xu, Xu, Xu, Xu, Xu, Xos, Urb, Urb, Urb, Xos, Xos, Xos, Xos, Xu, Xu, Xu, Xu, Xu, Xu, Xu
Xu, Xu, Xu, Xu, Xu, Xu, Xu, Xu, Xu, Xu, Xu, Xu, Xu, Xu, Xu, Xu, Xu, Xu, Xu, Xos, Xu, Xos, Urb, Urb, Urb, Xos, Xos, Xu, Xu, Xu, Xu, Xu, Xu, Xu, Xu, Xu
Xos, Xu, Xu, Xu, Xu, Xu, Xu, Xu, Xu, Xu, Xu, Xu, Xu, Xu, Xu, Xu, Xu, Xu, Xos, Xos, Xos, Xos, Urb, Urb, Urb, Xos, Xos, Xu, Xos, Xu, Xu, Xu, Xu, Xu, Xu, Xu
Xu, Xu, Xu, Xu, Xu, Xu, Xu, Xu, Xu, Xu, Xu, Xu, Xu, Xu, Xu, Xu, Xu, Xu, Xu, Xos, Xos, Xos, Urb, Urb, Urb, Xos, Xos, Xos, Xos, Xu, Xu, Xu, Xu, Xu, Xu, Xu
Xos, Xu, Xos, Xu, Xu, Xu, Xu, Xu, Xu, Xu, Xu, Xu, Xu, Xu, Xom, Xu, Xu, Xu, Xu, Xu, Xos, Xos, Urb, Urb, Urb, Xos, Xu, Xu, Xu, Xu, Xu, Xu, Xu, Xu, Xu, Xu
Xos, Xu, Xu, Xos, Xu, Xu, Xu, Xu, Xu, Xu, Xos, Xu, Xu, Xu, Xom, Xom, Xom, Xu, Xu, Xu, Xu, Xos, Urb, Urb, Urb, Xos, Xu, Xu, Xu, Xu, Xu, Xu, Xu, Xu, Xu, Xu
Urb, Uh, Uh, Uh, Xuc, Xu, Xu, Xu, Xos, Xos, Xu, Xu, Xuc, Xuc, Uue, Uhe, Xuc, Xu, Xu, Xu, Xu, Xos, Urb, Urb, Urb, Xos, Xu, Xu, Xos, Xu, Xu, Xu, Xu, Xu, Xu, Xu
Urb, Urb, Urb, Tb^Tf, Uh, Xos, Xos, Xos, Xos, Xu, Xu, Xuc, Qxe, Qxe, Uue^Em, Uhe, Uhe, Xuc, Xu, Xos, Xos^Efs, Xos^Efs, Urb, 3 Urb, Urb, Xos, Xos, Xos, Xu, Xu, Xu, Xu, Xu, Xu, Xu, Xu
Urb, Urb, Urb, Tb^Tf, Uu, Xos^Efs, Xos^Efs, Xos, Xu, Xu, Xuc, Xuc, Qxe, Uue, Uue^Tf, Uue^Emf, Ur, Ur, Uu, Xos, Urb, Urb, Urb, Urb, Urb, Xos, Xos, Xu, Xu, Xu, Xu, Xu, Xu, Xu, Xu, Xu
Xos, Urb, Urb, Urb, Urb, Urb, Urb, Xuc, Xuc, Xu, Xu, Qxe, Qxe, Uue, Uhe, Tb^Tf, Ur, Uu, Uu^Ii, Urb, Urb, Urb, Urb, Urb, Xos, Xos, Xos, Xu, Xu, Xu, Xu, Xu, Xu, Xu, Xu, Xu
Xos, Uh, Uu, Urb, Urb, Urb, Urb, Urb, Urb, Xos, Xu, Uhe, Uue^Ii, Uue, Uhe, Uu, Uu, Uu, Urb, Urb^Efs, Uu, Urb, Xu, Xu, Xuc, Xu, Xu, Xu, Xu, Xu, Xu, Xu, Xu, Xu, Xu, Xu
Xu, Xu, Uh, Uh, Xos, Urb, Urb, Urb, Urb, Urb, Urb, Xuc, Qxe, Uue, Xu, Xu, Urb^Efs, Urb, Urb, Urb, Uu, Uu^Ii, Uh, Uh, Xuc, Xu, Xu, Xu, Xu, Xu, Xu, Xu, Xu, Xu, Xu, Xu
Xu, Xos, Xu, Xos, Xos, Xu, Xu, Urb, Urb, Urb, Urb, Xu, Qxe, Qxe, Xu, Urb, 2 Urb, Urb, Xu, Xu, Uu^Emf, Tb^Tf, Uh, Uh, Xuc, Xuc, Xu, Xu, Xu, Xu, Xu, Xu, Xu, Xu, Xu, Xu
Xu, Xu, Xu, Xos, Xos, Xos, Xu, Xu, Xos, Urb, Urb, Urb, Urb, Urb, Urb, Urb, Urb, Urb, Xos, Xu, Uu^Tf, Tb^Tf, Xu, Uh, Uh, Xuc, Xu, Xu, Xu, Xu, Xu, Xu, Xu, Xu, Xu, Xu
Xu, Xu, Xu, Xu, Xos, Xu, Xu, Xos, Xuc, Xuc, Qxe, Urb, Urb, Urb, Urb, 1 Urb, Urb, Urb, Xos, Xu, Xu, Xu, Xu, Xu, Xu, Xu, Xu, Xu, Xu, Xu, Xu, Xu, Xu, Xu, Xu, Xu
Xu, Xu, Xu, Xu, Xu, Xu, Xu, Xos, Xos, Qxe, Qxe, Qxe, Xu, Urb, Urb, Urb, Urb, Urb, Xos, Xos, Xos, Xu, Xu, Xu, Xu, Xu, Xu, Xu, Xu, Xu, Xu, Xu, Xu, Xu, Xu, Xu
Xu, Xu, Xu, Xu, Xu, Xu, Xu, Xu, Qxe, Qxe, Qxe, Xu, Xos, Xos, Urb, Urb, Urb, Urb, Xos, Xos, Xu, Xu, Xu, Xu, Xu, Xu, Xu, Xu, Xu, Xu, Xu, Xu, Xu, Xu, Xu, Xu
Xu, Xu, Xu, Xu, Xu, Xu, Xu, Xu, Qxe, Qxe, Xu, Xos, Xos^Efs, Xos^Efs, Urb, Urb, Urb, Urb, Xos, Xos, Xos, Xu, Xu, Xu, Xu, Xu, Xu, Xu, Xu, Xu, Xu, Xu, Xu, Xu, Xu, Xu
Xu, Xu, Xu, Xu, Xu, Xu, Xu, Xu, Xu, Qxe, Xos^Efs, Xos, Urb, Urb, Urb, Urb, Urb, Urb, Xos, Xos, Xu, Xu, Xu, Xu, Xu, Xu, Xu, Xu, Xu, Xu, Xu, Xu, Xu, Xu, Xu, Xu
Xu, Xu, Xu, Xu, Xos, Xu, Xos, Xos, Xos, Xos^Efs, Urb, Urb, Urb, Urb, Urb, Urb, Xos, Xos, Xos, Xos, Xu, Xu, Xu, Xu, Xu, Xu, Xu, Xu, Xu, Xu, Xu, Xu, Xu, Xu, Xu, Xu
Xu, Xu, Xu, Xu, Xos, Xos, Xos^Efs, Xos^Efs, Urb, Urb, Urb, Urb, Urb, Urb, Xos, Xos, Xos, Xos, Xos, Xos, Xu, Xu, Xu, Xu, Xu, Xu, Xu, Xu, Xu, Xu, Xu, Xu, Xu, Xu, Xu, Xu
Xos, Xu, Xu, Xu, Xos^Efs, Xos, Urb, Urb, Urb, Urb, Urb, Urb, Xos, Xos, Xu, Xos, Xos, Xu, Xu, Xu, Xu, Xu, Xu, Xu, Xu, Xu, Xu, Xu, Xu, Xu, Xu, Xu, Xu, Xu, Xu, Xu
Xos, Xos, Xos, Xos^Efs, Urb, Urb, Urb, Urb, Urb, Urb, Xos, Xos, Xos, Xos, Xu, Xu, Xu, Xu, Xu, Xu, Xu, Xu, Xu, Xu, Xu, Xu, Xu, Xu, Xu, Xu, Xu, Xu, Xu, Xu, Xu, Xu
Xos^Efs, Xos^Efs, Urb, Urb, Urb, Urb, Urb, Urb, Xos, Xos, Xos, Xos, Xu, Xos, Xu, Xu, Xu, Xu, Xu, Xu, Xu, Xu, Xu, Xu, Xu, Xu, Xu, Xu, Xu, Xu, Xu, Xu, Xu, Xu, Xu, Xu
Urb, Urb, Urb, Urb, Urb, Urb, Xos, Xos, Xos, Xos, Xu, Xu, Xos, Xu, Xu, Xu, Xu, Xu, Xu, Xu, Xu, Xu, Xu, Xu, Xu, Xu, Xu, Xu, Xu, Xu, Xu, Xu, Xu, Xu, Xu, Xu
