Rr, Gs, Gs, Gs, Gs^Fdw, Gs^Fdw, Gd^Dr, Gd^Fdw, Gs, Cud, Xos, Xos, Xu, Xu, Xu, Xu, Xu, Xu, Xos, Xos, Xos, Xuc, Xuc, Xu, Xu, Xu, Xu, Xuc, Xos, Xos, Xos, Xos, Xos, Xu, Xu, Xu, Xu, Xu, Xu, Xu, Xu, Xu, Xu, Xu, Xu, Xu, Xu, Xu, Xu, Xu, Xu, Xu, Xu, Xu, Xu, Xu, Xu, Xu, Xu, Xu, Xu, Xu, Xu, Xu, Xu, Xos, Xos, Xos, Xu, Xu, Xu, Xu, Xu, Xu, Xu, Xu, Xu, Xu, Xu, Xu
Rr, Rp, Rr, Cud, Gs, Re^Fdw, Re^Es, Gd^Es, Gd, Cud, Xos, Xos, Xu, Xu, Xu, Xu, Xos, Xos, Xos, Xos, Xu, Xuc, Xuc, Xuc, Cud, Xu, Urb, Xuc, Xos, Xos, Cud, Xos^Efs, Xos^Efs, Xos, Xos, Xu, Xu, Xu, Xu, Xu, Xu, Xu, Xu, Xu, Xu, Xu, Xu, Xu, Xu, Xu, Xu, Xu, Xu, Xu, Xu, Xu, Xu, Xu, Xu, Xu, Xu, Xu, Xu, Xu, Xu, Xos, Xos, Xos, Xu, Xu, Xu, Xu, Xu, Xu, Xu, Xu, Xu, Xu, Xu, Xu
Rp, 1 Rr, Rr, Rr, Rp, Gs, Cud, Re, Gd, Cud, Xos, Xos, Xu, Xu, Xos, Xos, Xos, Xos, Cud, Cud, Urb, Urb, Urb, Urb, Urb, Urb, Urb, Urb, Cud, Iwr, Ior, Iwr, Cud, Xos, Xos, Xu, Xu, Xu, Xu, Xu, Xu, Xu, Xu, Xu, Xu, Xu, Xu, Xu, Xu, Xu, Xu, Xu, Xu, Xu, Xu, Xu, Xu, Xu, Xu, Xu, Xu, Xu, Xu, Xu, Xu, Xos, Xos, Xu, Xu, Xu, Xu, Xu, Xu, Xu, Xu, Xu, Xu, Xu, Xu, Xu
Gd, Rp, Rr, Rr, Rr, Rp, Rp, Gs, Gs, Cud, Xos, Xos, Xu, Xu, Xos, Xos, Xos, Xos, Cud, Urb, Urb, Urb^Ii, Urb, Urb, Urb, Urb, Xu, Xos, Xos, Ior, Ior, Iwr, Cud, Xos, Xos, Xu, Xu, Xu, Xu, Xu, Xu, Xu, Xu, Xu, Xu, Xu, Xu, Xu, Xu, Xu, Xu, Xu, Xu, Xu, Xu, Xu, Xu, Xu, Xu, Xu, Xu, Xu, Xu, Xu, Xos, Xos, Xos, Xu, Xu, Xu, Xu, Xu, Xu, Xu, Xu, Xu, Xu, Xu, Xu, Xu
Re^Es, Gs, Cud, Rr, Rp, Rr, Rr, Rp, Rr, Cud, Xos^Efs, Xos, Xu, Xu, Xos, Xos, Xos, Xos, Xos, Cud, Xu, Urb, Xu, Cud, Xuc, Xu, Xu, Xu, Xos, Xos, Cud, Xos, Xos, Xos, Xos, Xu, Xu, Xu, Xu, Xu, Xu, Xu, Xu, Xu, Xu, Xu, Xu, Xu, Xu, Xu, Xu, Xu, Xu, Xu, Xu, Xu, Xu, Xu, Xu, Xu, Xu, Xu, Xos, Xos, Xos, Xos, Xu, Xu, Xu, Xu, Xu, Xu, Xu, Xu, Xu, Xu, Xu, Xu, Xu, Xu
Gd^Fdw, Gs, Gd, Gs, Gs, Rr, Rr, Rr, Rr, Urb, Urb, Xos^Efs, Xuc, Xu, Xos, Xos, Xos, Xos, Xos, Xos, Xos, Xu, Xuc, Xuc, 4 Kud, Xuc, Xuc, Xu, Xoc^Efs, Xoc^Efs, Urb, Xos, Urb, Xu, Urb, Xu, Xos, Xos, Xos, Xu, Xu, Xu, Xu, Xu, Xu, Xu, Xu, Xu, Xu, Xu, Xu, Xu, Xu, Xu, Xu, Xu, Xu, Xu, Xu, Xu, Xos, Xos, Xos, Xos, Urb, Xu, Xu, Xu, Xu, Xu, Xu, Xu, Xu, Xu, Xu, Xu, Xu, Xu, Xu, Xu
Gd^Dr, Re^Es, Re, Gs^Fdw, Cud, Cud, Xos, Urb, Urb, Rr, Rr, Urb, Urb^Ebn, Xuc, Xos, Xos, Xos, Xos, Xos, Xos, Xos, Xu, Xu, Cud, Cud, Cud, Xuc, Xuc, Urb, Urb, Urb, Urb, Urb, Urb, Urb, Urb, Urb, Xos, Xos, Xos, Xos, Xu, Xu, Xu, Xu, Xu, Xu, Xu, Xu, Xu, Xu, Xu, Xu, Xu, Xu, Xu, Xu, Xu, Xu, Xu, Xos, Xos, Urb, Urb, Urb, Urb, Xu, Xu, Xu, Xu, Xu, Xu, Xu, Xu, Xu, Xu, Xu, Xu, Xu, Xu
Gs, Re, Cud, Cud, Xos, Xos, Xos, Xos, Xu, Urb, Urb, Rr, Rr, Urb, Xos, Xos, Xos, Xos, Xos, Xos, Xos, Xom, Xom, Cud, Urb, Urb, Urb, Urb^Ebn, Urb, Urb, Xu, Urb, Xos, Urb, Xos, Xos, Xos, Cud, Ior, Xos^Efs, Xos^Efs, Xos, Xu, Xu, Xu, Xu, Xu, Xu, Xu, Xu, Xu, Xu, Xu, Xu, Xu, Xu, Xu, Xu, Xu, Xu, Xos, Xos, Xu, Urb, Urb, Xu, Xu, Xu, Xu, Xu, Xu, Xu, Xu, Xu, Xu, Xu, Xu, Xu, Xu, Xu
Cud, Cud, Xos, Xos, Xos, Xos, Xos, Xos, Xu, Xu, Xuc, Urb, Rr, Urb, Xos^Efs, Xos, Xos, Xos, Xos, Xos, Xos, Xu, Xu, Xom, Urb^Ebn, Urb, Urb, Urb, Xu, Xu, Xos, Xos, Xos^Efs, Cud, Xos^Efs, Xos, Xos, Ior, Iwr, Ior, Xos, Xos, Xu, Xu, Xu, Xu, Xu, Xu, Xu, Xu, Xu, Xu, Xu, Xu, Xu, Xu, Xu, Xu, Xu, Xu, Xos, Xos, Urb, Urb, Urb, Xu, Xu, Xu, Xu, Xu, Xu, Xu, Xu, Xu, Xu, Xu, Xu, Xu, Xu, Xu
Xos, Xos, Xos, Xos, Xu, Xu, Xos, Xos, Xos, Xu, Xuc, Urb, Rr, Urb, Urb, Xoc^Efs, Xoc, Xos, Xos^Efs, Xos, Xoc, Xoc, Xom, Xom, Urb, Urb, Xom, Xom, Xu, Xos, Xos, Xos^Efs, Ior, Ior, Iwr, Xos^Efs, Xos, Xos, Ior, Ior, Xos, Xos, Xu, Xu, Xu, Xu, Xu, Xu, Xu, Xu, Xu, Xu, Xu, Xu, Xu, Xu, Xu, Xu, Xu, Xu, Xos, Xos, Urb, Urb, Urb, Xu, Xu, Xu, Xu, Xu, Xu, Xu, Xu, Xu, Xu, Xu, Xu, Xu, Xu, Xu
Xos, Xos, Xu, Xu, Xu, Xu, Xos, Xos, Xos, Xos, Xos, Urb, Urb, Rr, Rr, Urb, Urb, Xoc, Xos^Efs, Xoc, Cud, Cud, Urb, Xom, Urb^Zz\, Urb, Xom, Xu, Xu, Xos, Xos, Xos, Iwr, Ior, Iwr, Xos, Xos, Xos, Xos, Xos, Xos, Xos, Xu, Xu, Xu, Xu, Xu, Xu, Xu, Xu, Xu, Xu, Xu, Xu, Xu, Xu, Xu, Xu, Xu, Xu, Xos, Xos, Urb, Urb, Urb, Xu, Xu, Xu, Xu, Xu, Xos, Xu, Xu, Xu, Xu, Xu, Xu, Xu, Xos, Xos
Xu, Xu, Xu, Xu, Xu, Xu, Xos, Xos, Xos, Xos, Xos, Xos, Xos, Urb, Urb^Ebn, Rr, Rr, Urb, Urb, Cud^Ebur, Urb, Urb, Rr, Urb, Urb, Urb^Zz\, Xom, Xu, Xu, Xos, Xos, Xos, Xos, Ior, Xos, Xos, Xos, Xos, Xos, Xos, Xu, Xu, Xu, Xu, Xu, Xu, Xu, Xu, Xu, Xu, Xos, Xu, Xu, Xu, Xu, Xu, Xu, Xu, Xu, Xu, Xos, Xos, Urb, Urb, Urb, Urb, Urb, Xu, Xu, Xu, Xos, Xos, Xu, Xu, Xu, Xu, Xos, Xos, Xos, Xos
Xu, Xu, Xu, Xu, Xu, Xu, Xu, Xos, Xos, Xos, Xos, Xos, Xos, Xos, Xoc^Efs, Urb, Urb, Rr, Rr, Urb, Rr, Rr, Rr, Rr, Rr, Urb, Urb, Xom, Xom, Xos, Xos, Xos, Xos, Xos, Xos, Xos, Xos, Xos, Xu, Xu, Xu, Xu, Xu, Xu, Xu, Xu, Xu, Xu, Xos, Xos, Xos, Xos, Xu, Xu, Xu, Xu, Xu, Xu, Xu, Xu, Xos, Xos, Xos, Urb, Urb, Urb, Urb, Urb, Urb, Xu, Xos, Xos, Xu, Xu, Xos, Xos, Xos, Xos, Urb, Urb
Xu, Xu, Xu, Xu, Xu, Xu, Xu, Xu, Xos, Xos, Xos, Xos, Xos, Xoc^Efs, Cud, Cud, Urb, Urb, Rr, Rr, Rr, Rr, Rr, Rr, Rr, Rr, Urb, Urb, Cud, Xos, Xos, Xos, Xos, Xos, Xos, Xos, Xu, Xu, Xu, Xu, Xos, Xos, Xos, Xu, Xu, Xu, Xos, Xos, Xos, Xos, Xu, Xu, Xos, Xos, Xu, Xu, Xu, Xu, Xu, Xu, Xu, Xos, Xos, Xos, Xos, Urb, Urb, Urb, Urb, Urb, Xos, Xos, Xos, Xos, Xos, Xos, Urb, Urb, Urb, Urb
Xu, Xu, Xu, Xu, Xu, Xu, Xos, Xos, Xos, Xos, Xos, Xos, Xu, Xu, Xu, Urb, Urb, Rr, Rr, Rr, Rr, Rr, Rr, Rr, Urb, Urb, Urb, Cud, Xos, Xos, Xos, Xos, Xos, Xos, Xu, Xu, Xu, Xu, Xu, Xu, Xuc, Xos, Xos^Efs, Xos, Xos, Xos, Xos^Efs, Xos, Urb, Urb, Xos, Xos, Xu, Xu, Xos, Xos, Xu, Xu, Xu, Xu, Xu, Xu, Xu, Xos, Xos, Xos, Xos, Urb, Urb, Urb, Xos, Xos, Xos, Xos, Urb, Urb, Urb, Urb, Urb, Urb
Xu, Xu, Xu, Xu, Xos, Xos, Xos^Efs, Xos^Efs, Iwr, Xu, Xos, Xos, Xu, Xu, Urb, Cud, Cud, Urb, Urb, Rr, Rr, Rr, Urb, Rr, Rr, Urb, Urb^Zz/, Xos^Efs, Xos^Efs, Xos, Xos, Xos, Xos^Efs, Xos^Efs, Xu, Xu, Xu, Xu, Xu, Xuc, Urb, Urb, Urb^Zz/, Xos^Efs, Xos, Xos^Efs, Urb^Zz\, Urb, Xos, Xos, Urb, Urb, Xos, Xos, Xu, Xu, Xos, Xos, Xu, Xu, Xu, Xu, Xu, Xu, Xu, Xos, Xos, Urb, Rr, Urb, Xos, Xos, Urb, Urb, Urb, Urb, Urb, Urb, Xos, Xos
Xu, Xu, Xu, Xu, Xu, Xos, Xu, Iwr, Ior, Ior, Xos, Xos, Xu, Urb^Ebn, Urb, Urb, Xu, Xu, Xu, Urb, Urb, Urb, Cud, Urb, Urb^Zz/, Rr^Zz/, Rr, Urb, Urb, Xos, Xos^Efs, Xos, Urb^Zz\, Urb, Urb, Xu, Xos, Xu, Urb, Urb, Xos, Xos, Xos^Efs, Urb, Urb, Urb, Urb, Xos, Urb^Zz\, Urb, Xos, Xos, Urb, Urb, Xos, Xos, Xu, Xu, Xu, Xu, Xu, Xu, Xu, Xu, Xu, Xos, Xos, Urb, Rr, Urb, Urb, Urb, Urb, Urb, Urb, Urb, Xos, Xos, Xos, Xos
Xu, Xu, Xu, Xu, Xom, Xu, Xu, Iwr, Ior, Ior, Iwr, Xu, Xu, Urb, Urb, Xu, Xu, Xu, Xu, Xu, Xu, Cud, Xos, Xos, Xos, Urb, Urb, Rr, Kud, Cud, Urb, Urb, Urb, Urb^Zz\, Xos, Xos, Xos^Efs, Xos^Efs, Urb, Xos, Xos, Xos^Efs, Urb, Urb, Rr, Rr, Rr, Urb, Urb, Xos, Urb^Zz\, Urb, Xos, Xos, Xu, Xu, Xu, Xu, Xu, Xu, Xu, Xu, Xu, Xu, Xu, Xos, Xos, Urb, Rr, Urb, Urb, Urb, Urb, Urb, Xos, Xos, Xos, Xos, Xu, Xu
Xu, Xu, Xom, Xom, Urb, Xom, Xom, Xu, Xu, Xu, Xu, Urb, Urb, Urb, Urb, Xuc, Xu, Xos, Xos, Xu, Xos, Xos, Xos, Xos, Xos, Xos, Xos^Efs, Cud, Urb, Rr, Rr, Urb, Cud, Xoc^Efs, Xoc^Efs, Xos, Xos, Urb, Xos, Xos, Xos, Urb, Rr, Rr, Urb, Urb, Urb, Rr, Rr, Urb, Xoc, Xos, Xuc, Xuc, Xuc, Xu, Xos, Xos, Xu, Xu, Xu, Xu, Xu, Xu, Xu, Xos, Xos, Urb, Rr, Urb, Urb, Urb, Xos, Xos, Xos, Xos, Xu, Xu, Xu, Xu
Xu, Xu, Xu, Xom, Urb, Cud, Urb, Xu, Cud, Xu, Urb, Urb, Urb, Urb, Urb, Xuc, Xu, Xos, Xos^Efs, Xos, Xos, Xos, Xos, Xos, Xos, Xos^Efs, Urb^Zz\, Urb, Urb, Urb, Cud, Kud, Rr, Urb, Xu, Xos, Xos^Efs, Urb^Zz|, Xos, Xos, Xos, Urb, Rr, Urb, Xos, Xos, Xos, Urb, Rr, Urb, Wwf, Wwg^Es, Wwrg, Uh, Uu, Xu, Xos, Xos, Xu, Xu, Xu, Xu, Xu, Xu, Xos, Xos, Xos, Urb, Rr, Urb, Xos, Xos, Xos, Xos, Xu, Xu, Xu, Xu, Xu, Xu
Xu, Xu, Xu, Xu, Xu, Urb, Urb, Urb, Urb, Urb, Urb, Urb, Xu, Xu, Xu, Iwr, Ior, Iwr, Ior, Xos^Efs, Xos, Xos, Xos, Xos, Xu, Urb, Urb, Urb^Zz\, Xos, Xos, Xos, Urb, Rr, Urb, Xos, Xos^Efs, Urb, Urb, Xos, Xos, Xos^Efs, Urb, Rr, Urb, Xos, Xos, Xos, Urb, Rr, Urb, Wwg, Wwg, Wog, Wog, Wog^Es, Wog, Xos, Xos, Xu, Xu, Xu, Xu, Xos, Xos, Xos, Xos, Urb, Urb, Rr, Urb, Xos, Xos, Xu, Xu, Xu, Xu, Xu, Xu, Xu, Xu
Xu, Xu, Xu, Xu, Xu, Cud, Urb, Urb, Xoc, Urb, Xoc, Urb, Xoc, Xu, Xu, Xos, Ior, Ior, Ior, Xu, Xos, Xos, Xos, Xu, Xu, Xu, Xos, Xos, Xos, Xos, Xos, Urb, Rr, Urb, Urb, Urb, Xos, Xos^Efs, Xoc, Xos^Efs, Urb, Cud, Kud, Urb, Xos, Xos, Xos, Urb, Rr, Urb, Wwf, Wwrg, Wog, Wog, Uh, Xu, Xos, Xos, Xos, Xu, Xos, Xos, Xos, Xos, Urb, Urb, Rr, Rr, Urb, Urb, Xos, Xos, Xu, Xu, Xu, Xu, Xu, Xu, Xu, Xu
Xu, Xu, Xu, Xu, Xu, Urb, Xoc, Xoc, Xoc^Efs, Cud, Xoc, Cud, Xoc, Xos, Xos, Xos, Xu, Iwr, Xos, Xos, Xos, Xos, Xu, Xu, Xu, Xu, Xu, Xos, Xu, Xos, Xos, Urb, Urb, Rr, Rr, Urb, Urb, Xoc^Efs, Urb, Urb, Rr, Rr, Urb, Cud, Xos, Xos, Xos, Urb, Rr, Urb, Xu, Uh, Uu^Tf, Wog, Xu, Xos, Xos, Xos, Xos, Xos, Xos, Xos, Urb, Urb, Rr, Rr, Urb, Urb, Xos, Xos, Xos, Xos, Xu, Xu, Xu, Xu, Xu, Xu, Xu, Xu
Xu, Xu, Xu, Xu, Xos, Xoc, Xoc, Xoc^Efs, Ior, Iwr, Ior, Ior, Xu, Xos, Xos, Xos, Xos, Xos, Xos, Xos, Xu, Xu, Xu, Xu, Xu, Xu, Xu, Xu, Xu, Xos, Xos, Xu, Urb, Urb, Urb, Rr, Rr, Urb, Rr, Rr, Urb, Urb, Xos, Xos, Xos, Xos, Xos^Efs, Urb, Rr, Urb, Xu, Xu, Xu, Xu, Xu, Xos, Xos, Xos, Xos, Xos, Urb, Urb, Rr, Rr, Urb, Urb, Xos, Xos, Xos, Xos, Xu, Xu, Xu, Xu, Xu, Xu, Xu, Xu, Xu, Xu
Xu, Xu, Xos, Xos, Xos, Xos, Xu, Cud, Iwr, Ior, Iwr, Ior, Xu, Xu, Xos, Xos, Xos, Xos, Xos, Xos, Xu, Xu, Xu, Xu, Xu, Xu, Xu, Xu, Xos, Xos, Xoc^Efs, Xoc^Efs, Urb, Xu, Xu, Urb, Urb, Rr, Rr, Urb, Urb, Xos^Efs, Xos^Efs, Xu, Xu, Xos^Efs, Urb, Urb, Rr, Urb, Xu, Xu, Xu, Xu, Xu, Xos, Xos, Xos, Urb, Urb, Rr, Rr, Urb, Urb, Xos, Xos, Xos, Xos, Xu, Xu, Xu, Xu, Xu, Xu, Xu, Xu, Xu, Xu, Xu, Xu
Xos, Xos, Xos, Xos, Xos, Xu, Xu, Xu, Xos, Xos, Xos, Cud, Urb^Ebn, Xu, Xoc, Xos^Efs, Xoc, Xu, Urb, Xu, Xuc, Xu, Xos, Xu, Xu, Xu, Xu, Xu, Xos, Xoc, Urb, Urb^Zz\, Xos, Xos, Xos, Xu, Xu, Urb, Urb, Rr, Rr, Urb, Urb, Xu, Urb, Urb, Rr, Rr, Urb, Urb, Xos, Xu, Xu, Xu, Xu, Xos, Xos, Urb, Rr, Rr, Urb, Urb, Xos, Xos, Xos, Xos, Xu, Xu, Xu, Xu, Xu, Xu, Xu, Xu, Xu, Xu, Xu, Xu, Xu, Xu
Xos, Xos, Xu, Xos, Xos, Xos, Xos, Xos, Xos, Xos, Xos, Urb, Urb, Xu, Urb, Xoc^Efs, Urb, Urb, Cud, Urb, Urb, Xos, Xos, Xu, Xu, Xu, Xu, Xu, Xos, Xos, Urb, Xos, Xos, Xos, Xos, Xos, Xos, Xos, Xos, Urb, Urb, Rr, Rr, Urb, Rr, Rr, Urb, Urb, Xos, Xos, Xos, Xos, Xu, Xu, Xu, Xos, Xos, Urb, Rr, Urb, Xos, Xos, Xos, Xos, Xu, Xu, Xu, Xu, Xu, Xu, Xu, Xu, Xu, Xu, Xu, Xu, Xu, Xu, Xu, Xu
Xu, Xu, Xu, Xu, Xu, Xos, Xos, Xos, Xu, Xos, Xos, Urb, Urb, Urb, Urb, Urb, Urb, Cud, 5 Kud, Cud, Urb, Xos, Xos, Xu, Xu, Xu, Xu, Xu, Urb, Urb, Xos, Xos, Xos, Xu, Xu, Xos, Xos, Xos, Xos, Xos, Xos^Efs, Urb, Rr, Rr, Urb, Urb, Xos, Xos, Xos, Xos, Xu, Xu, Xu, Xu, Xu, Xos, Xos, Urb, Rr, Urb, Xos, Xos, Xu, Xu, Xu, Xu, Xu, Xu, Xu, Xu, Xu, Xu, Xu, Xu, Xu, Xu, Xu, Xu, Xu, Xu
Xu, Xu, Xu, Xu, Xu, Xu, Xu, Xu, Xu, Xos, Xos, Xu, Urb^Ebn, Urb, Urb, Urb, Urb, Cud, Cud, Cud, Urb, Xos, Xos, Xu, Xu, Xu, Xu, Xu, Xos, Xos, Xos, Xos, Xu, Xu, Xu, Xu, Xu, Urb, Urb, Xos, Xos^Efs, Urb, Rr, Urb, Xu, Xos, Xos, Xos, Xom, Xu, Xu, Xu, Xu, Xu, Xu, Xos, Xos, Urb, Rr, Urb, Xos, Xos, Xu, Xu, Xu, Xu, Xu, Xu, Xu, Xu, Xu, Xu, Xu, Xu, Xu, Xu, Xu, Xu, Xu, Xu
Xu, Xu, Xu, Xu, Xu, Xu, Xu, Xu, Xu, Xos, Xos, Xos, Xos, Xu, Xu, Urb, Xos, Urb, Urb, Urb, Xu, Xos, Xu, Xu, Xu, Xu, Xu, Xu, Xos, Xos, Xu, Xu, Xu, Xu, Xu, Xu, Xu, Xu, Xu, Urb^Zz/, Urb, Urb, Rr, Urb, Xu, Xu, Xos, Xu, Ior, Xom, Xom, Xu, Xu, Xu, Xos, Xos, Xos, Urb, Rr, Urb, Xos, Xos, Xu, Xu, Xu, Xu, Xu, Xu, Xu, Xu, Xu, Xu, Xu, Xu, Xu, Xu, Xu, Xu, Xu, Xu
Xu, Xu, Xu, Xu, Xu, Xu, Xu, Xu, Xu, Xu, Xu, Xos, Xos, Xos, Xos, Xu, Xu, Xu, Xu, Xu, Xu, Xu, Xu, Xu, Xu, Xu, Xu, Xu, Xu, Xu, Xu, Xu, Xu, Xu, Xu, Xu, Xu, Xu, Xu, Xu, Xos^Efs, Urb, Rr, Urb, Xu, Xu^Efs, Xos, Ior, Ior, Iwr, Xu, Xu, Xu, Xos, Xos, Xos, Urb, Urb, Rr, Urb, Xos, Xos, Xos, Xu, Xu, Xu, Xu, Xu, Xu, Xu, Xu, Xu, Xu, Xu, Xu, Xu, Xu, Xu, Xu, Xu
Xu, Xu, Xu, Xu, Xu, Xu, Xu, Xu, Xu, Xu, Xu, Xu, Xu, Xos, Xos, Xu, Xu, Xu, Xu, Xu, Xu, Xu, Xu, Xu, Xu, Xu, Xu, Xu, Xu, Xu, Xu, Xu, Xu, Xu, Xu, Xu, Xu, Xu, Xos, Xos^Efs, Urb, Urb, Rr, Urb, Urb, Xos^Efs, Cud, Ior, Iwr, Ior, Xos, Xu, Xu, Xos, Xos, Urb, Rr, Rr, Urb, Urb, Xos, Xos, Xos, Xos, Xu, Xu, Xu, Xu, Xu, Xu, Xu, Xu, Xu, Xu, Xu, Xu, Xu, Xu, Xu, Xu
Xos, Xu, Xu, Xu, Xu, Xu, Xu, Xu, Xu, Xu, Xu, Xu, Xu, Xu, Xu, Xu, Xu, Xu, Xu, Xu, Xu, Xu, Xu, Xu, Xu, Xu, Xu, Xu, Xu, Xu, Xu, Xu, Xu, Xu, Xu, Xu, Xos, Xos, Urb, Urb^Zz\, Xos, Urb, Urb, Rr, Rr, Urb, Urb, Xos^Efs, Xoc^Efs, Xos, Xos, Xos, Xos, Xos, Xos, Urb, Rr, Urb, Xos, Xos, Xos, Xos, Uh, Xu, Xuc, Xu, Xu, Xu, Xu, Xu, Xu, Xu, Xu, Xu, Xu, Xu, Xu, Xu, Xu, Xu
Xos, Xos, Xos, Xu, Xu, Xu, Xu, Xu, Xu, Xu, Xu, Xu, Xu, Xu, Xu, Xu, Xu, Xu, Xu, Xu, Xu, Xu, Xu, Xu, Xu, Xu, Xu, Xu, Xu, Xu, Xu, Xu, Xos, Xu, Xos, Xos, Xu, Urb, Xos, Xos, Xuc, Xos, Cud, Urb, Urb, Rr, Rr, Urb, Urb, Xoc, Xos, Xos, Xos, Xos, Xos, Urb, Rr, Urb, Xos, Xos, Xuc, Xu, Uu^Tf, Uh, Tb^Tf, Xuc, Xuc, Xu, Xu, Xu, Xu, Xu, Xu, Xu, Xu, Xu, Xu, Xu, Xu, Xu
Urb, Xos, Xos, Xos, Xos, Xu, Xu, Xu, Xu, Xu, Xu, Xu, Xu, Xu, Xu, Xu, Xu, Xu, Xu, Xu, Xu, Xu, Xu, Xu, Xu, Xu, Xu, Xu, Xu, Xu, Xos, Xos, Xos, Urb, Xos, Xos, Xos, Xos, Xuc, Xuc, Ior, Ior, Ior, Xos, Xos, Urb, Urb, Rr, Rr, Urb, Xos, Xos, Xos, Xos, Xos, Urb, Rr, Urb, Xos, Xos, Uh, Uh, Uu^Tf, Uu^Em, Uu^Emf, Tb^Tf, Xos, Xos, Xu, Xu, Xu, Xu, Xu, Xu, Xu, Xu, Xu, Xu, Xu, Xu
Rr, Urb, Urb, Xos, Xos, Xos, Xos, Xu, Xu, Xu, Xu, Xu, Xu, Xu, Xu, Xu, Xu, Xu, Xu, Xu, Xu, Xu, Xu, Xu, Xu, Xu, Xu, Xu, Xu, Xos^Efs, Xos^Efs, Xos, Xos^Efs, Urb^Zz|, Xos^Efs, Xos, Xos, Xos^Efs, Xos, Ior, Ior, Ior, Ior, Xuc, Xu, Xos, Urb, Urb, Rr, Urb, Xos, Xos, Xu, Xos, Xos, Urb, Rr, Urb, Xos, Xos, Xu, Xu, Uu, Urb^Ii, Uu, Uh, Xos, Xos, Xu, Xu, Xu, Xu, Xu, Xu, Xu, Xu, Xu, Xu, Xu, Xu
Urb, Rr, Rr, Urb, Urb, Xos, Xos, Xos, Xos, Xu, Xu, Xu, Xu, Xu, Xu, Xu, Xu, Xu, Xu, Xu, Xu, Xu, Xu, Xu, Xu, Xu, Xos, Xos, Xos, Urb, Urb^Zz/, Xos, Xos^Efs, Urb, Xoc^Efs, Xoc, Urb^Edt, Xos^Efs, Cud, Ior, Xos, Ior, Xuc, Xuc, Urb, Urb, Rr, Rr, Urb, Urb, Xos, Xos, Xu, Xu, Xu, Urb, Rr, Urb, Xos, Xos, Xu, Xu, Xu, Urb, Xu, Uu^Tf, Xos, Xos, Xu, Xu, Xu, Xu, Xu, Xu, Xu, Xu, Xu, Xu, Xu, Xu
Xos, Urb, Urb, Rr, Rr, Urb, Urb, Xos, Xos, Xos, Xos, Xu, Xu, Xu, Xu, Xu, Xu, Xu, Xu, Xu, Xu, Xu, Xu, Xu, Xos, Xu, Xu, Xos, Xos, Xos, Xos, Urb, Urb, Urb, Urb, Urb^Edt, Rr, Rr^Edt, Urb, Xos, Xos, Xos, Xu, Xu, Urb, Rr, Urb, Urb, Xu, Xu, Xos, Xos, Xu, Xu, Xu, Urb^Xo, Rr^Xo, Urb, Xu, Xu, Xu, Xu, Xu, Urb, Xu, Xu, Xu, Xos, Xu, Xu, Xu, Xu, Xu, Xu, Xu, Xu, Xu, Xu, Xu, Xu
Xos, Wwg, Wwg, Urb, Urb, Rr, Rr, Urb, Urb, Xos, Xos, Xos, Xos, Xu, Xu, Xu, Xu, Xu, Xu, Xu, Xu, Xu, Xu, Xos, Xos, Xos, Xos^Efs, Xu, Xu, Xos, Urb, Urb^Edt, Rr, Rr, Rr, Rr, Urb, Urb, Xu, Xu, Xos, Xos, Xos, Xu, Urb, Rr, Urb, Xu, Xu, Xu, Xos, Urb, Urb^Xo, Xu, Xu, Urb, Rr, Urb^Xo, Xu, Xu, Xu, Xu, Xu, Uu, Xu, Xu, Xu, Xu, Xu, Xu, Xu, Xu, Xu, Xu, Xu, Xu, Xu, Xu, Xu, Xu
Xos, Xos, Xos, Xos, Wwg, Urb, Urb, Rr, Rr, Urb, Urb, Xos, Xos, Xos, Xos, Xu, Xu, Xu, Xu, Xu, Xos, Xos, Xos, Urb, Urb^Zz/, Xos, Xos^Efs, Xos, Urb, Urb, Rr, Rr, Urb, Urb, Urb, Rr, Rr, Urb, Urb, Xuc, Urb, Xos, Urb, Xu, Urb, Rr, Urb, Xu, Xos, Xos, Xos, Rr, Rr^Xo, Urb, Urb, Urb, Rr, Urb, Xu, Xu, Xos, Xu, Xu, Xu^Uov, Xu, Xu, Xu, Xu, Xu, Xu, Xu, Xu, Xu, Xu, Xu, Xu, Xu, Xu, Xu, Xu
Wwg, Xos, Xos, Xos, Xos, Wwg, Xos, Urb, Urb, Rr, Rr, Urb, Urb, Xos, Xos, Xos, Xos, Xu, Xos, Xos, Xos, Xos, Xos, Xos, Xos, Urb, Urb, Urb, Rr, Rr, Urb, Urb, Xos, Xos, Xos, Urb, Urb^Edt, Rr^Edt, Rr, Urb, Urb, Urb, Urb, Urb, Rr, Rr, Urb, Xos, Xos, Xos, Xos, Urb, Urb^Xo, Rr, Rr, Urb, Rr, Urb, Xuc, Xu, Xos, Xos, Xu, Xu^Uov, Xu, Xu, Xu, Xu, Xu, Xu, Xu, Xu, Xu, Xu, Xu, Xu, Xu, Xu, Xu, Xu
Urb, Xos, Wwg, Xos, Xos, Xos, Wwg, Xos, Urb, Urb, Rr, Rr, Rr, Urb, Urb, Xos, Xos, Xos, Xos, Xos, Xos, Xos, Xos, Xos, Xoc^Efs, Xoc^Efs, Urb, Urb, Rr, Urb, Xu, Xu, Xu, Xos, Xu, Xu, Xos, Urb^Edt, Urb, Rr, Rr, Rr, Rr, Rr, Urb, Urb, Xu, Xos, Xos, Xos, Xos, Xos, Xos, Urb, Urb, Rr, Rr, Urb, Urb, Xu, Xos^Efs, Xos, Xu, Xu^Uov, Xu, Xos, Xos, Xu, Xu, Xu, Xu, Xu, Xu, Xu, Xu, Xu, Xu, Xu, Xu, Xu
Rr, Urb, Urb, Wwg, Xos, Wwg, Urb, Urb, Rr, Rr, Urb, Urb, Urb, Rr, Rr, Urb, Urb, Xos, Xos^Efs, Xos, Xos, Xos, Xos^Efs, Xoc, Urb, Cud, Kud, Rr, Urb, Urb, Xos^Efs, Xu, Xu, Xu, Xu, Xu, Xos, Xos, Xos, Urb, Urb, Urb, Urb, Urb, Xos, Xos, Xu, Xos, Xos, Xos, Xos, Xos, Xom^Efs, Xos^Efs, Urb, Urb, Rr, Rr, Rr, Urb, Urb, Xos^Efs, Xuc, Xu^Uov, Xu, Xos, Xos, Xos, Xos, Xu, Xu, Xu, Xu, Xu, Xu, Xu, Xu, Xu, Xu, Xu
Urb, Rr, Rr, Urb, Urb, Urb, Rr, Rr, Urb, Urb, Xos, Xos, Xos, Urb, Urb, Rr, Rr, Urb, Urb^Xo, Xos^Efs, Xos, Xos^Efs, Urb^Edt, Urb, Rr, Rr, Urb, Cud, Xos, Urb, Urb^Zz/, Xos^Efs, Xos, Xu, Xu, Xu, Xu, Xos, Xos, Xu, Xos, Xos, Xos, Xu, Xos, Xos, Xu, Xu, Xos, Xos, Xos, Xom, Urb, Urb, Rr, Rr, Urb, Urb, Urb, Rr, Rr, Urb, Urb, Xu^Uov, Xu, Xos, Xos, Xos, Xos, Xos, Xos, Xu, Xu, Xu, Xu, Xu, Xu, Xu, Xu, Xu
Xos, Urb, Urb, Rr, Rr, Rr, Urb, Urb, Xos, Xos, Xos, Xos, Xos, Xos, Xos, Urb, Urb^Xo, Rr^Xo, Rr, Urb, Urb, Urb, Rr^Edt, Rr, Urb, Urb, Xos, Xos, Xos, Xos, Xos, Urb, Xos, Xos, Xos, Xu, Xu, Xu, Xu, Xu, Xu, Xos, Xu, Xu, Xos, Xu, Xu, Xu, Xos^Xzm/, Xos, Urb, Urb, Rr, Rr, Urb, Urb, Xos, Xos, Xos, Urb, Urb, Ur, Ur, Urb, Urb, Xos, Xos, Xos, Xos, Xos, Xos, Xos, Xos, Xu, Xu, Xu, Xu, Xu, Xu, Xu
Xos, Xos, Xos, Urb, Urb, Rr, Urb, Xos, Xos, Xos, Xu, Xu, Xu, Xos, Xos, Xos, Xos, Urb, Urb, Rr, Rr, Urb, Rr, Urb, Xos^Efs, Xos, Xos, Xos, Xos, Xos, Xos, Xos, Xos, Xos, Xu, Xu, Xu, Xu, Xu, Xu, Xu, Xu, Xu, Xu, Xu, Xu, Xu^Xzm/, Xu, Uh, Urb, Rr, Rr, Uu^Dr, Urb, Xos, Xos, Xos, Xos, Xu, Xu, Xu, Urb, Urb, Rr, Ur^Es, Xu, Uh, Xu, Xu, Xu, Xu, Xu, Xu, Xu, Xu, Xu, Xu, Xu, Xu, Xu
Xu, Xos, Xos, Xos, Urb, Rr, Urb, Xos, Xos, Xu, Xu, Xu, Xu, Xu, Xu, Xos, Xos, Xos, Xos, Urb, Urb, Rr, Rr, Urb, Urb, Xos^Efs, Xoc, Xos, Xos, Xos, Xos, Xos, Xu, Xu, Xu, Xu, Xu, Xu, Xu, Xu, Xu, Xu, Xu, Xu, Xu, Xos, Xos, Tb^Tf, Rb, Rb, Uu^Tf, Uu^Em, Wwf^Es, Xos, Xos, Xos, Xu, Xu, Xu, Xu, Xu, Xom, Urb, Rb^Em, Uu^Tf, Uu, Xu, Xu, Xu, Xu, Xu, Xu, Xu, Xu, Xu, Xu, Xu, Xu, Xu, Xu
Xu, Xu, Xos, Xos, Urb, Rr, Urb, Xos, Xos, Xu, Xu, Xu, Xu, Xu, Xos, Xos, Xos, Xos, Urb, Urb, Rr, Rr, Urb, Rr, Rr, Urb, Urb, Xoc, Xos^Efs, Xos, Xos, Xu, Xu, Xu, Xu, Xu, Xu, Xu, Xu, Xu, Xu, Xu, Xu, Xu, Xos, Xos, Xos, Uu^Emf, Rb, Uu, Wwrg, Wwf^Es, Wwg, Xos, Xos, Xu, Xu, Xu, Xu, Xu, Xu, Xu, Urb, Rb^Em, Urb, Uh, Xuc, Xu, Xu, Xu, Xu, Xu, Xu, Xu, Xu, Xu, Xu, Xu, Xu, Xu
Xu, Xu, Xos, Xos, Urb, Rr, Urb, Xos, Xos, Xos, Xos, Xu, Xos, Xos, Xos, Xos, Urb, Urb^Xo, Rr^Xo, Rr, Urb, Urb, Xos, Urb, Urb, Rr, Rr, Urb, Urb, Xos^Efs, Xos, Xu, Xu, Xu, Xu, Xu, Xu, Xu, Xu, Xu, Xu, Xu, Xos, Xos, Xos, Xos, Uu, Uh, Rb^Es, Ur, Wwg, Wwg, Wog, Xos, Xos, Xos, Xos, Xu, Xu, Xu, Xu, Xuc, Urb, Ur, Rr, Urb, Urb, Xuc, Xom, Xu, Xu, Xu, Xu, Xu, Xu, Xu, Xu, Xu, Xu, Xu
Xu, Xu, Xos, Xos, Urb, Rr, Rr, Urb, Urb, Xos, Xos, Xos, Xos, Xos, Urb, Urb, Rr, Rr, Urb, Urb^Xo, Xos, Xos, Xos, Xos, Xos, Urb, Urb, Rr, Uh, Xos, Xos, Xu, Xu, Xu, Xu, Xu, Xu, Xu, Xu, Xu, Xos, Xos, Xos, Xos, Urb, Urb^Zz\, Xos, Uu, Rr, Uu^Em, Wwf^Es, Wwg, Xos, Wog^Xo, Wog, Xos, Xos, Xos, Xos, Xu, Xu, Xuc, Xu, Urb, Urb, Rr, Rr, Urb, Urb^Ebn, Xu, Xoi, Xoc, Xoc, Xu, Xu, Xu, Xu, Xu, Xu, Xu
Xu, Xu, Xos, Xos, Xos, Urb, Urb, Rr, Rr, Urb, Urb, Xos, Urb, Urb, Rr, Rr, Urb, Urb, Xos, Xos, Xos, Xos, Xu, Xos, Xu, Xu, Uu, Rr, Uu, Xom, Xom^Efs, Xos, Xos, Xu, Xu, Xu, Xu, Xu, Xos, Xos, Xos, Xos, Urb, Urb, Xos, Xos, Xos, Urb, Rr, Urb, Xos, Xos, Xos, Xos, Xos, Wog, Wog, Xos, Xos, Xos, Xos, Xu, Xu, Xu, Xu, Urb, Urb^Ebn, Rr, Rr, Xoi, Irs^Ebur, Xoi^Efs, Xoi^Efs, Xos, Xos, Xu, Xu, Xu, Xu, Xu
Xu, Xu, Xu, Xos, Xos, Xos, Xos, Urb, Urb, Rr, Rr, Urb, Rr, Rr, Urb, Urb, Xos, Xos, Xos, Xos, Xu, Xu, Xu, Xu, Xu^Xzm/, Xuc, Urb, Ur, Rr, Urb, Uu, Xos^Efs, Xuc, Xu, Xu, Xu, Xu, Xu, Xos, Xos, Urb, Urb, Xos, Xos, Xos, Xos, Xos, Urb, Rr, Urb, Xos, Xos, Xu, Xos, Xos, Xos, Xos, Wog, Wog, Xos, Xos, Xos, Xos, Xu, Xu, Xu, Xoi, Xoi, Irs, Irs, Irs, Irs, Irs, Xoi, Xos, Xos, Xos, Xu, Xu, Xu
Xu, Xu, Xu, Xu, Xos, Xos, Xos, Xos, Urb, Urb, Rr, Rr, Urb, Urb, Xos, Xos, Xos, Xos, Xu, Xu, Xu, Xu, Xu, Xu, Xuc, Uu, Uu^Eb, Xom, Rr, Uu^Edb, Ur^Edb, Uh, Xuc, Xos, Xu, Xu, Xu, Xu, Xos, Xos, Urb, Xos, Xos, Xos, Xos, Xos, Xos^Efs, Urb, Rr, Urb, Xos, Xos, Xu, Xu, Xu, Xos, Xos, Xos, Xos, Wog, Wog, Xos, Xos, Xu, Xu, Xos, Xos, Xoi, Xoi, Irs, Irs, Irs, Xoi, Xoi, Xos, Xos, Xu, Xu, Xu, Xu
Xu, Xu, Xos, Xos, Xos, Xos, Urb, Urb, Rr, Rr, Urb, Urb, Xos, Xos, Xos, Xos, Xu, Xu, Xu, Xu, Xu, Xu, Xu, Xu, Xu, Uu^Em, Uu^Tf, Ur^Em, Rr, Uu^Edb, Urc, Ur, Xos, Xos, Xu, Xu, Xu, Xu, Xos, Xos, Urb^Zz|, Xos, Xos^Efs, Xos, Xoc, Xos^Efs, Urb, Urb, Rr, Urb, Xos, Xos, Xu, Xu, Xu, Xu, Xu, Xos, Xos, Xos, Wog^Es, Xos, Xos, Xu, Xu, Xu, Xu, Xos, Xos, Xoi, Xoi, Xoi, Xos, Xos, Xu, Xu, Xu, Xu, Xu, Xu
Xos, Xos, Xos, Xos, Urb, Urb, Rr, Rr, Urb, Urb, Wwg, Wwg, Xos, Xos, Xu, Xu, Xu, Xu, Xu, Xu, Xu, Xu, Xu, Xos, Xos, Uu^Edt, Urb^Edt, Ur^Em, Rr, Rr, Ur^Es, Ur^Edt, Xos^Efs, Xos, Xos, Xu, Xos, Xos, Xoc^Efs, Xos^Efs, Urb, Xos, Xos^Efs, Xoc, Urb, Cud, Kud, Rr, Urb, Urb, Xos, Xos, Xu, Xu, Xu, Xu, Xu, Xu, Xos, Xos, Wog^Es, Xos, Xos, Xu, Xu, Xu, Xu, Xu, Xu, Xos, Xos, Xos, Xu, Xu, Xu, Xu, Xu, Xu, Xu, Xu
Xos, Xos, Urb, Urb, Rr, Rr, Urb, Urb, Wwg, Wwg, Wog, Wog, Xos, Xos, Xu, Xu, Xu, Xu, Xu, Xu, Xu, Xu, Xu, Xos, Xos, Uu^Em, Ur, Urb, Uu^Eb, Xom, Rr, Uu^Edt, Urb, Xos^Efs, Xoc^Xzm\, Xos^Efs, Xos, Xoc, Urb, Urb, Rr, Urb, Urb, Urb, Rr, Rr, Urb, Cud, Xos, Xos, Xos, Xos, Xu, Xu, Xu, Xu, Xu, Xu, Xos, Xos, Wog^Es, Xos, Xos, Xu, Xu, Xu, Xu, Xu, Xu, Xu, Xu, Xu, Xu, Xu, Xu, Xu, Xu, Xu, Xu, Xu
Urb, Urb, Rr, Rr, Urb, Urb, Xos, Xos, Xos, Wog, Wog, Wog, Xos, Xos, Xu, Xu, Xu, Xu, Xu, Xu, Xu, Xu, Xu, Xos, Xu, Xu, Xu, Uu, Uh, Uu, Urb, Rr, Rr, Urb, Urb, Xoc^Efs, Urb, Urb, Rr, Rr, Urb, Rr, Rr, Rr, Urb, Urb, Xos, Xos, Xos, Xos, Xu, Xu, Xu, Xu, Xu, Xu, Xu, Xu, Xos, Xos, Xos, Xos, Xos, Xu, Xu, Xu, Xu, Xu, Xu, Xu, Xu, Xu, Xu, Xu, Xu, Xu, Xu, Xu, Xu, Xu
Rr, Rr, Urb, Urb, Xos, Xos, Xos, Xos, Xos, Xos, Xos, Xos, Xos, Xos, Xu, Xu, Xu, Xu, Xu, Xu, Xu, Xu, Xu, Xu, Xu, Xu, Xu, Xu, Xos, Xos, Xos, Urb, Urb, Rr, Rr, Urb, Rr, Rr, Urb, Urb, Xos, Urb, Urb, Urb, Xos, Xos, Xos, Xos, Xu, Xu, Xu, Xu, Xu, Xu, Xu, Xu, Xu, Xu, Xu, Xos, Xos, Xos, Xu, Xu, Xu, Xu, Xu, Xu, Xu, Xu, Xu, Xu, Xu, Xu, Xu, Xu, Xu, Xu, Xu, Xu
Urb, Urb, Xos, Xos, Xos, Xos, Xu, Xu, Xu, Xos, Xos, Xos, Xu, Xu, Xu, Xu, Xu, Xu, Xu, Xu, Xu, Xu, Xu, Xu, Xu, Xu, Xu, Xu, Xu, Xos, Xos, Xos, Xos, Urb, Urb, Rr, Urb, Urb, Xos, Xos, Xos, Xos, Xos, Xos, Xos, Xos, Xu, Xu, Xu, Xu, Xu, Xu, Xu, Xu, Xu, Xu, Xu, Xu, Xu, Xu, Xu, Xu, Xu, Xu, Xu, Xu, Xu, Xu, Xu, Xu, Xu, Xu, Xu, Xu, Xu, Xu, Xu, Xu, Xu, Xu
Xos, Xos, Xos, Xos, Xu, Xu, Xu, Xu, Xu, Xu, Xu, Xu, Xu, Xu, Xu, Xu, Xu, Xu, Xu, Xu, Xu, Xu, Xu, Xu, Xu, Xu, Xu, Xu, Xu, Xu, Xu, Xos, Xos, Xos, Urb, Rr, Urb, Xos, Xos, Xos, Xu, Xos, Xos, Xos, Xu, Xu, Xu, Xu, Xu, Xu, Xu, Xu, Xu, Xu, Xu, Xu, Xu, Xu, Xu, Xu, Xu, Xu, Xu, Xu, Xu, Xu, Xu, Xu, Xu, Xu, Xu, Xu, Xu, Xu, Xu, Xu, Xu, Xu, Xu, Xu
Xos, Xos, Xu, Xu, Xu, Xu, Xu, Xu, Xu, Xu, Xu, Xu, Xu, Xu, Xu, Xu, Xu, Xu, Xu, Xu, Xu, Xu, Xu, Xu, Xu, Xu, Xu, Xu, Xu, Xu, Xu, Xu, Xos, Xos, Urb^Xo, Rr, Urb^Xo, Xos, Xos, Xu, Xu, Xu, Xu, Xu, Xu, Xu, Xu, Xu, Xu, Xu, Xu, Xu, Xu, Xu, Xu, Xu, Xu, Xu, Xu, Xu, Xu, Xu, Xu, Xu, Xu, Xu, Xu, Xu, Xu, Xu, Xu, Xu, Xu, Xu, Xu, Xu, Xu, Xu, Xu, Xu
Xu, Xu, Xu, Xu, Xu, Xu, Xu, Xu, Xu, Xu, Xu, Xu, Xu, Xu, Xu, Xu, Xu, Xu, Xu, Xu, Xu, Xu, Xu, Xu, Xu, Xu, Xu, Xu, Xu, Xu, Xu, Xu, Xos, Xos, Urb, Rr^Xo, Urb, Xos, Xos, Xu, Xu, Xu, Xu, Xu, Xu, Xu, Xu, Xu, Xu, Xu, Xu, Xu, Xu, Xu, Xu, Xu, Xu, Xu, Xu, Xu, Xu, Xu, Xu, Xu, Xu, Xu, Xu, Xu, Xu, Xu, Xu, Xu, Xu, Xu, Xu, Xu, Xu, Xu, Xu, Xu
Xu, Xu, Xu, Xu, Xu, Xu, Xu, Xu, Xu, Xu, Xu, Xu, Xu, Xu, Xu, Xu, Xu, Xu, Xu, Xu, Xu, Xu, Xu, Xu, Xu, Xu, Xu, Xu, Xu, Xu, Xu, Xu, Xos, Xos, Urb, Rr, Urb, Xos, Xos, Xu, Xu, Xu, Xu, Xu, Xu, Xu, Xu, Xu, Xu, Xu, Xu, Xu, Xu, Xu, Xu, Xu, Xu, Xu, Xu, Xu, Xu, Xu, Xu, Xu, Xu, Xu, Xu, Xu, Xu, Xu, Xu, Xu, Xu, Xu, Xu, Xu, Xu, Xu, Xu, Xu
Xu, Xu, Xu, Xu, Xu, Xu, Xu, Xu, Xu, Xu, Xu, Xu, Xu, Xu, Xu, Xu, Xu, Xu, Xu, Xu, Xu, Xu, Xu, Xu, Xu, Xu, Xu, Xu, Xu, Xu, Xu, Xu, Xos, Xos, Urb, Rr, Urb, Xos, Xos, Xu, Xu, Xu, Xu, Xu, Xu, Xu, Xu, Xu, Xu, Xu, Xu, Xu, Xu, Xu, Xu, Xu, Xu, Xu, Xu, Xu, Xu, Xu, Xu, Xu, Xu, Xu, Xu, Xu, Xu, Xu, Xu, Xu, Xu, Xu, Xu, Xu, Xu, Xu, Xu, Xu
Xu, Xu, Xu, Xu, Xu, Xu, Xu, Xu, Xu, Xu, Xu, Xu, Xu, Xu, Xu, Xu, Xu, Xu, Xu, Xu, Xu, Xu, Xu, Xu, Xu, Xu, Xu, Xu, Xu, Xu, Xos, Xos, Xos, Xos, Urb, Rr, Urb, Xos, Xos, Xu, Xu, Xu, Xu, Xu, Xu, Xu, Xu, Xu, Xu, Xu, Xu, Xu, Xu, Xu, Xu, Xu, Xu, Xu, Xu, Xu, Xu, Xu, Xu, Xu, Xu, Xu, Xu, Xu, Xu, Xu, Xu, Xu, Xu, Xu, Xu, Xu, Xu, Xu, Xu, Xu
Xu, Xu, Xu, Xu, Xu, Xu, Xu, Xu, Xu, Xu, Xu, Xu, Xu, Xu, Xu, Xu, Xu, Xu, Xu, Xu, Xu, Xu, Xu, Xu, Xu, Xu, Xu, Xu, Xos, Xos, Xos, Xos, Urb, Urb, Rr, Rr, Urb, Xos, Xos, Xu, Xu, Xu, Xu, Xu, Xu, Xu, Xu, Xu, Xu, Xu, Xu, Xu, Xu, Xu, Xu, Xu, Xu, Xu, Xu, Xu, Xu, Xu, Xu, Xu, Xu, Xu, Xu, Xu, Xu, Xu, Xu, Xu, Xu, Xu, Xu, Xu, Xu, Xu, Xu, Xu
Xu, Xu, Xu, Xu, Xu, Xu, Xu, Xu, Xu, Xu, Xu, Xu, Xu, Xu, Xu, Xu, Xu, Xu, Xu, Xu, Xu, Xu, Xu, Xu, Xu, Xu, Xu, Xu, Xos, Xos, Urb, Urb, Rr, Rr, Urb, Urb, Xos, Xos, Xos, Xu, Xu, Xu, Xu, Xu, Xu, Xu, Xu, Xu, Xu, Xu, Xu, Xu, Xu, Xu, Xu, Xu, Xu, Xu, Xu, Xu, Xu, Xu, Xu, Xu, Xu, Xu, Xu, Xu, Xu, Xu, Xu, Xu, Xu, Xu, Xu, Xu, Xu, Xu, Xu, Xu
Xu, Xu, Xu, Xu, Xu, Xu, Xu, Xu, Xu, Xu, Xu, Xu, Xu, Xu, Xu, Xu, Xu, Xu, Xu, Xu, Xu, Xu, Xu, Xu, Xu, Xu, Xu, Xu, Xos, Xos, Urb, Rr, Urb, Urb, Xos, Xos, Xos, Xos, Xu, Xu, Xu, Xu, Xu, Xu, Xu, Xu, Xu, Xu, Xu, Xu, Xu, Xu, Xu, Xu, Xu, Xu, Xu, Xu, Xu, Xu, Xu, Xu, Xu, Xu, Xu, Xu, Xu, Xu, Xu, Xu, Xu, Xu, Xu, Xu, Xu, Xu, Xu, Xu, Xu, Xu
Xu, Xu, Xu, Xu, Xu, Xu, Xu, Xu, Xu, Xu, Xu, Xu, Xu, Xu, Xu, Xu, Xu, Xu, Xu, Xu, Xu, Xu, Xu, Xu, Xu, Xu, Xu, Xu, Xos, Xos, Urb, Rr, Urb, Xos, Xos, Xos, Xu, Xu, Xu, Xu, Xu, Xu, Xu, Xu, Xu, Xu, Xu, Xu, Xu, Xu, Xu, Xu, Xu, Xu, Xu, Xu, Xu, Xu, Xu, Xu, Xu, Xu, Xu, Xu, Xu, Xu, Xu, Xu, Xu, Xu, Xu, Xu, Xu, Xu, Xu, Xu, Xu, Xu, Xu, Xu
