border_size=1
usage=map

Xos, Xos, Xos, Xos, Xos, Xos, Xos, Xos, Xos, Xos, Xos, Xos, Xos, Xos, Xos, Xos, Xos, Xos, Xos, Xos, Xos, Xos, Xos, Xos, Xos, Xos, Xos, Xos, Xos, Xos, Xos, Xos, Xos, Xos, Xos, Xos, Xos, Xos, Urb, Urb, Urb, Xos, Xos, Xos, Xos, Xos, Xos, Xos, Xos, Xos, Xos, Xos, Xos, Xos, Xos, Xos, Xos, Xos, Xos, Xos, Xos, Xos, Xos, Xos, Xos, Xos, Xos, Xos, Xos, Xos, Xos, Xos
Xos, Xos, Xos, Xos, Xos, Xos, Xos, Xos, Xos, Xos, Xos, Xos, Xos, Xos, Xos, Xos, Xos, Xos, Xos, Xos, Xos, Xos, Xos, Xos, Xos, Xos, Xos, Xos, Xos, Xos, Xos, Xos, Xos, Xos, Xos, Xos, Xos, Xos, Urb, Urb, Urb, Xos, Xos, Xos, Xos, Xos, Xos, Xos, Xos, Xos, Xos, Xos, Xos, Xos, Xos, Xos, Xos, Xos, Xos, Xos, Xos, Xos, Xos, Xos, Xos, Xos, Xos, Xos, Xos, Xos, Xos, Xos
Xos, Xos, Xos, Xos, Xos, Xos, Xos, Xos, Xos, Xos, Xos, Xos, Xos, Xos, Xos, Xos, Xos, Xos, Xos, Xos, Xos, Xos, Xos, Xos, Xos, Xos, Xos, Xos, Xos, Xos, Xos, Xos, Xos, Xos, Xos, Xos, Xos, Xos, Urb, Urb, Urb, Xos, Xos, Xos, Xos, Xos, Xos, Xos, Xos, Xos, Xos, Xos, Xos, Xos, Xos, Xos, Xos, Xos, Xos, Xos, Xos, Xos, Xos, Xos, Xos, Xos, Xos, Xos, Xos, Xos, Xos, Xos
Xos, Xos, Xos, Xos, Xos, Xos, Xos, Xos, Xos, Xos, Xos, Xos, Xos, Xos, Xos, Xos, Xos, Xos, Xos, Xos, Xos, Xos, Xos, Xos, Xos, Xos, Xos, Xos, Xos, Xos, Xos, Xos, Xos, Xos, Xos, Xos, Xos, Xos, Urb, Urb, Urb, Xos, Xos, Xos, Xos, Xos, Xos, Xos, Xos, Xos, Xos, Xos, Xos, Xos, Xos, Xos, Xos, Xos, Xos, Xos, Xos, Xos, Xos, Xos, Xos, Xos, Xos, Xos, Xos, Xos, Xos, Xos
Xos, Xos, Xos, Xos, Xos, Xos, Xos, Xos, Xos, Xos, Xos, Xos, Xos, Xos, Xos, Xos, Xos, Xos, Xos, Xos, Xos, Xos, Xos, Xos, Xos, Xos, Xos, Xos, Xos, Xos, Xos, Xos, Xos, Xos, Xu, Xos, Xos, Xos, Urb, Rr, Urb, Xos, Xos, Xos, Xos, Xos, Xos, Xos, Xos, Xos, Xos, Xos, Xos, Xos, Xos, Xos, Xos, Xos, Xos, Xos, Xos, Xos, Xos, Xos, Xos, Xos, Xos, Xos, Xos, Xos, Xos, Xos
Xos, Xos, Xos, Xos, Xos, Xos, Xos, Xos, Xos, Xos, Xos, Xos, Xos, Xos, Xos, Xos, Xos, Xos, Xos, Xos, Xos, Xos, Xos, Xos, Xos, Xos, Xos, Xos, Xos, Xos, Xos, Xos, Xu, Xu, Xu, Xu, Xu, Xos, Urb, Rr, Urb^Xo, Xos, Xos, Xos, Xos, Xos, Xos, Xos, Xos, Xos, Xos, Xos, Xos, Xos, Xos, Xos, Xos, Xos, Xos, Xos, Xos, Xos, Xos, Xos, Xos, Xos, Xos, Xos, Xos, Xos, Xos, Xos
Xos, Xos, Xos, Xos, Xos, Xos, Xos, Xos, Xos, Xos, Xos, Xos, Xos, Xos, Xos, Xos, Xos, Xos, Xos, Xos, Xos, Xos, Xos, Xos, Xos, Xos, Xu, Xos, Xos, Xos, Xos, Xu, Xu, Xu, Xu, Xu, Xu, Xos, Wog^Xo, Rr^Xo, Urb, Xos, Xos, Xos, Xos, Xos, Xos, Xos, Xos, Xos, Xos, Xos, Xos, Xos, Xos, Xos, Xos, Xos, Xos, Xos, Xos, Xos, Xos, Xos, Xos, Xos, Xos, Xos, Xos, Xos, Xos, Xos
Xos, Xos, Xos, Xos, Xos, Xos, Xos, Xos, Xos, Xos, Xos, Xos, Xos, Xos, Xos, Xos, Xos, Xos, Xos, Xos, Xos, Xos, Xos, Xos, Xu, Xu, Xu, Xu, Xu, Xos, Xos, Xos, Uh, Xu, Xu, Xu, Xu, Xos, Wog, Wog, Urb, Xos, Xos, Xos, Xos, Xos, Xos, Xos, Xos, Xos, Xos, Xos, Xos, Xos, Xos, Xos, Xos, Xos, Xos, Xos, Xos, Xos, Xos, Xos, Xos, Xos, Xos, Xos, Xos, Xos, Xos, Xos
Xos, Xos, Xos, Xos, Xos, Xos, Xos, Xos, Xos, Xos, Xos, Xos, Xos, Xos, Xos, Xos, Xos, Xos, Xos, Xos, Xos, Xos, Xos, Xu, Xu, Xu, Xu, Xu, Xu, Xu, Xu, Xos, Yhl, Uh, Xu, Xu, Xos, Wog, Urb, Wog, Wog, Xos, Xos, Xos, Xos, Xos, Xos, Xos, Xos, Xos, Xos, Xos, Xos, Xos, Xos, Xos, Xos, Xos, Xos, Xos, Xos, Xos, Xos, Xos, Xos, Xos, Xos, Xos, Xos, Xos, Xos, Xos
Xos, Xos, Xos, Xos, Xos, Xos, Xos, Xos, Xos, Xos, Xos, Xos, Xos, Xos, Xos, Wog, Wog, Xos, Xos, Xos, Xos, Xos, Xos, Xu, Xu, Xu, Xu, Xu, Xu, Xu, Xu, Xos, Uu, Uh, Xu, Xos, Urb^Ebur, Wog, Urb, Rr, Urb, Xos, Xos, Xos, Xos, Xos, Xos, Xos, Xos, Xos, Xos, Xos, Xos, Xos, Xos, Xos, Xos, Xos, Xos, Xos, Xos, Xos, Xos, Xos, Xos, Xos, Xos, Xos, Xos, Xos, Xos, Xos
Xos, Xos, Xos, Xos, Xos, Xos, Xos, Xos, Xos, Xos, Xos, Xos, Xos, Xos, Xos, Xos, Xos, Wog, Wog, Xos, Xos, Xos, Xos, Xu, Xu, Xu, Xu, Xu, Xu, Xu, Xu, Xu, Ur, Uu, Uh, Qxu, Uh, Urb, Rr, Rr, Urb, Xos, Cud, Xos, Xos, Xos, Xos, Xos, Xos, Xos, Xos, Xos, Xos, Xos, Xos, Xos, Xos, Xos, Xos, Xos, Xos, Xos, Xos, Xos, Xos, Xos, Xos, Xos, Xos, Xos, Xos, Xos
Xos, Xos, Xos, Xos, Xos, Xos, Xos, Xos, Xos, Xos, Xos, Xos, Xos, Xos, Xos, Xos, Xos, Xos, Xos, Wog, Wog^Z/, Xos, Uh, Wwf, Wwf^Es, Xu, Uu^Uf, Wwf, Uu, Xu, Xu, Xu, Ur, Ur, Uh, Uh, Ur, Rr, Urb, Rr, Rr, Urb, Urb, Xos, Cud, Xos, Xos, Xos, Xos, Xos, Xos, Xos, Xos, Xos, Xos, Xos, Xos, Xos, Xos, Xos, Xos, Xos, Xos, Xos, Xos, Xos, Xos, Xos, Xos, Xos, Xos, Xos
Xos, Xos, Xos, Xos, Xos, Xos, Xos, Xos, Xos, Xos, Xos, Yhr, Yhr, Xos, Xos, Xos, Xos, Xos, Xos, Xos, Xos, Wog, Uh, Uh, Wwf, Uu^Uf, Uu^Uf, Ur, Xu, Xu, Xu, Xu, Uh, Qxu, Xos, Uu, Xos, Urb, Xos, Urb, Urb, Rr, Rr, Urb, Urb, Xos, Cud, Xos, Xos, Xos, Xos, Xos, Xos, Xos, Xos, Xos, Xos, Xos, Xos, Xos, Xos, Xos, Xos, Xos, Xos, Xos, Xos, Xos, Xos, Xos, Xos, Xos
Xos, Xos, Xos, Xos, Xos, Xos, Xos, Xos, Xos, Xos, Xos, Xos, Xu, Yhr, Yhr, Xu, Xu, Xos, Xu, Xu, Xos, Wog, Wog, Uh, Ur, Ur, Uh, Uh, Xu, Xu, Xu, Xu, Uh, Uu, Xu, Xos, Xos, Xos, Xos, Cud, Xos, Urb, Urb, Rr, Rr, Urb, Urb, Xos, Xol, Xos, Xos, Xos, Xos, Xos, Xos, Xos, Xos, Xos, Xos, Xos, Xos, Xos, Xos, Xos, Xos, Xos, Xos, Xos, Xos, Xos, Xos, Xos
Xos, Xos, Xos, Xos, Xos, Xos, Xos, Xos, Xos, Xos, Xos, Xos, Xu, Xu, Yhr^Z/, Xu, Xu, Xu, Xu, Xos, Wwg, Wog, Wog, Uu, Uh, Uh, Xu, Uh, Xu, Xu, Xu, Xu, Xos, Xu, Xu, Xu, Xu, Xos, Xos, Xos, Xos, Cud, Xos, Urb, Urb, Rr, Rr, Urb, Urb, Xol, Xos, Xos, Xos, Xos, Xos, Xos, Xos, Xos, Xos, Xos, Xos, Xos, Xos, Xos, Xos, Xos, Xos, Xos, Xos, Xos, Xos, Xos
Xos, Xos, Xos, Xos, Xos, Xos, Xos, Xos, Xos, Xos, Yhr, Xos, Xos, Xu, Yhr, Yhr, Yhr^Xp, Xu, Ss, Ss, Wwg, Wog, Wog, Wog, Xos, Xos, Xos, Xu, Xu, Xu, Xos, Xos, Xos, Xu, Xu, Xu, Xos, Xos, Xos, Xos, Xos, Xos, Xos, Cud, Xos, Urb, Urb, Rr, Kud, Cud, Urb, Xol, Xol, Xos, Xos, Xos, Xos, Xos, Xos, Xos, Xos, Xos, Xos, Xos, Xos, Xos, Xos, Xos, Xos, Xos, Xos, Xos
Xos, Xos, Xos, Xos, Xos, Xos, Xos, Xos, Xos, Yhr, Yhr^Z/, Xos, Uu^Uf, Uh, Urb, Yhr^Xp, Urb, Xu, Ss, Ss, Ss, Uh, Xos, Wog^Z/, Wog, Xos, Xu, Xu, Xu, Xu, Xu, Xos, Xos, Xos, Xos, Xos, Xos, Xos, Xos, Xos, Xos, Xos, Xos, Xos, Xos, Xos, Xos, Cud, Urb, Rr, Rr, Urb, Xos, Xos, Xos, Xos, Xu, Xos, Xos, Xos, Xos, Xos, Xos, Xos, Xos, Xos, Xos, Xos, Xos, Xos, Xos, Xos
Xos, Xos, Xos, Xos, Xos, Xos, Wwb, Xos, Xos, Xos, Xos, Yhr, Yhr^Xp, Urb^Emf, Urb, Urb, Urb, Uh, Xu, Ss, Xu, Xu, Xos, Wog, Wog, Wog, Wog, Xu, Xu, Xu, Xu, Xu, Xu, Xos, Xos, Xos, Xos, Xos, Xos, Xos, Xos, Xos, Xos, Xos, Urb, Xos, Xos, Xos, Xos, Urb, Rr, Urb, Xos, Xos, Xu, Xu, Xu, Xu, Xu, Xos, Xos, Xos, Xos, Xos, Xos, Xos, Xos, Xos, Xos, Xos, Xos, Xos
Xos, Xos, Xos, Xos, Xos, Xos, Xos, Wwb^Z/, Wwb, Xos, Uh, Yhr, Urb, Urb, Urb, Urb, Urb, Uh, Xu, Xu, Xu, Xu, Xos, Xos, Xu, Wog, Wog, Wog, Wog, Xu, Xu, Xu, Xu, Xos, Xos, Xos, Xos, Xos, Xos, Xos, Xos, Xos, Xos, Xos, Urb, Rr, Urb, Xos, Xos, Urb, Rr, Urb, Xos, Xos, Xu, Xu, Qxu, Xu, Xu, Xu, Xu, Xos, Xos, Xos, Xos, Xos, Xos, Xos, Xos, Xos, Xos, Xos
Xos, Xos, Xos, Xos, Xos, Xos, Xos, Xos, Yhl, Wwb, Wwb, Urb, Urb, Urb, Urb, Urb, Urb, Urb, Urb, Wwf, Wwf, Xos, Xos, Xu, Xu, Xu, Xu, Wog, Xu, Xu, Xu, Xu, Xos, Xos, Xos, Xos, Xos, Xos, Xos, Xos, Xos, Xos, Xos, Xos, Urb^Xo, Rr^Xo, Urb^Xo, Xos, Xos, Urb, Rr, Urb, Xol, Xos, Xu, Xu, Qxu^Xo, Qxu, Qxu, Xu, Xu, Xos, Xos, Xos, Xos, Xos, Xos, Xos, Xos, Xos, Xos, Xos
Xos, Xos, Xos, Xos, Xos, Xos, Yhl, Yhl^Z\, Xos, Xos, Wwb, Wwb, Wwb, Urb, Urb, Uu^Uf, Uu^Uf, Urb, Urb, Urb, Wwf, Xol, Xol, Uh, Uu^Uf, Xu, Xu, Xu, Xu, Xu, Xos, Xos, Xos, Xos, Iwr^Ebme, Xos, Xos, Xos, Xos, Xos, Xos, Xos, Xos, Xos, Urb, Rr, Urb, Xos, Xos, Urb, Rr, Urb, Urb, Xol, Xu, Xu, Qxu, Qxu^Xo, Qxu^Xo, Xu, Xu, Xos, Xos, Xos, Xos, Xos, Xos, Xos, Xos, Xos, Xos, Xos
Xos, Xos, Xos, Xos, Yhl, Yhl, Xos, Xos, Yhl^Z\, Yhl, Xos, Wwb, Wwb, Wwb, Urb, Uu^Uf, Xu, Xu, Xu, Urb, Wwf, Urb, Urb, Uh, Yhr^Xp, Xu, Xu, Xu, Xos, Xos, Xos, Xos, Xos, Iwr, Rb^Ii, Iwr, Xos, Xos, Xos, Xos, Xos, Xos, Xos, Xos, Urb, Rr, Urb, Xos, Xos, Urb, Urb, Rr, Rr, Urb, Uh, Xu, Qxu, Qxu, Qxu, Xu, Xu, Xos, Xos, Xos, Xos, Xos, Xos, Xos, Xos, Xos, Urb, Urb
Xos, Xos, Xos, Yhl, Xos, Xos, Yhl, Yhl, Xos, Xos, Yhl, Yhl^Xp, Wwb, Wwb, Xos, Uh, Xu, Xu, Xos, Xos, Xos, Wwf, Wwf^Xo, Urb^Xo, Urb^Xo, Uh, Xos, Xos, Xos, Xos, Iwr^Ebme, Xos, Iwr, Iwr, Iwr, Iwr, Iwr, Xos, Xos, Xos, Xos, Xos, Xos, Xos, Urb, Rr, Urb, Xos, Xos, Xos, Xos, Urb, Urb, Rr, Uh, Qxu, Qxu, Qxu, Xu, Xu, Xu, Xos, Xos, Xos, Xos, Xos, Xos, Xos, Urb, Urb, Urb, Urb
Xos, Xos, Xos, Xos, Xos, Yhl, Xos, Xos, Xos, Xos, Wwb, Wwb, Xos, Xos, Xos, Xu, Xu, Xos, Xos, Xos, Xos, Xos, Wwf, Urb, Urb, Xos, Xos, Xos, Xos, Iwr, Rb^Ii, Iwr, Xos, Xos, Xos, Xos, Xos, Iwr, Iwr, Iwr^Ebme, Iwr, Xos, Xos, Xos, Urb, Rr, Urb, Xos, Xos, Xos, Xos, Xos, Xos, Urb, Qxu, Qxu, Qxu, Qxu, Urb, Xu, Xos, Xos, Xos, Xos, Xos, Xos, Urb, Urb, Urb, Urb, Urb, Urb
Xos, Xos, Xos, Xos, Xos, Xos, Xos, Xos, Wwb, Wwb^Z\, Xos, Xos, Xos, Xos, Xos, Xu, Xos, Xos, Xos, Xos, Uu^Uf, Uu^Uf, Wwf, Urb, Urb, Urb, Urb^Bzu, Xos, Urb^Xo, Iwr, Iwr, Iwr, Iwr, Xos, Iwr^Ebme, Xos, Xos, Xos, Iwr, Rb^Ii, Iwr, Xos, Xos, Xos, Urb, Rr, Urb, Xos, Xos, Xos, Xu, Xos, Xu, Xu, Qxu^Xo, Qxu, Qxu, Uh, Rr, Uh, Urb, Xos, Xol, Xos, Xos, Xos, Urb, Urb, Urb, Urb, Xos, Xos
Xos, Xos, Xos, Xos, Xos, Xos, Xos, Wwb, Xos, Xos, Xos, Xos, Xos, Xos, Xos, Xos, Xos, Xos, Wwf, Wwf, Wwf, Xos, Wwf, Urb, Urb, Urb, Urb, Urb, Urb, Xos, Xos, Xos, Xos, Iwr, Rb^Ii, Iwr, Xos, Xos, Xos, Iwr, Xos, Xos, Xos, Xos, Urb, Rr, Urb, Xos, Xos, Xu, Xu, Xos, Xu, Xu, Qxu, Qxu^Xo, Qxu^Xo, Uh, Uh, Rr, Rr, Urb, Urb, Xol, Xos, Xos, Urb, Urb, Urb, Xos, Xos, Xos
Xos, Xos, Xos, Xos, Xos, Xos, Xos, Xos, Xos, Xos, Xos, Xos, Xos, Xos, Xos, Xos, Xu, Uu^Uf, Wwf, Wwf^Es, Wwf^Es, Wwf, Urb, Urb, Urb, Urb, Urb, Urb, Urb, Urb^Bzu, Urb, Xos, Xos, Iwr, Iwr, Iwr, Xos, Xos, Xos, Xos, Xos, Xos, Xos, Xos, Urb, Rr, Urb, Xos, Xos, Wwg, Wwf, Xu, Xu, Xu, Qxu, Qxu, Xu, Xu, Xos, Urb, Urb, Rr, Rr^Xo, Urb^Xo, Urb, Xos, Urb, Urb, Urb, Xos, Xos, Xos
Xos, Xos, Xos, Xos, Xos, Xos, Xos, Xos, Xos, Xos, Xu, Xos, Xos, Xos, Wwf, Xu, Xu, Rb^Uf, Urb, Wwf, Wwf, Urb, Urb, Urb, Urb, Urb, Urb, Urb, Urb, Urb, Urb, Urb, Xos, Xos, Xos, Xos, Xos, Xos, Xu, Xos, Xos, Xos, Xos, Xos, Urb, Rr, Urb, Xos, Xos, Wwg, Wwg, Wwf, Xu, Xu, Qxu, Qxu, Xu, Xu, Xos, Xos, Xos, Urb^Xo, Urb, Rr, Rr, Urb, Urb, Urb, Urb, Xos, Xos, Xos
Xos, Xos, Xos, Xos, Xos, Xos, Xos, Xos, Xos, Xu, Xu, Xu, Xu, Wwf, Wwf^Es, Xu, Xu, Rb, Urb, Urb, Urb, Urb, Urb, Urb, Urb, Urb, Rb, Xos, Urb, Urb, Xos, Xos, Xos, Xos, Xos, Xos, Uh, Xu, Xu, Xu, Xu, Xos, Xos, Xos, Urb^Xo, Rr, Urb^Xo, Xos, Xos, Wwg, Wwg, Uh, Xu, Xu, Xu, Xu, Xu, Xu, Xos, Xos, Xos, Xos, Xos, Urb, Urb, Urb, Urb, Urb, Urb, Xos, Xos, Xos
Xos, Xos, Xos, Xos, Xos, Xos, Xos, Xos, Xos, Xos, Uh, Xu, Urb, Urb, Wwf, Urb, Urb, Urb, Urb, Urb, Urb, Urb, Urb, Urb, Uh, Rb, Rb, Urb, Xos, Xos, Xos, Xos, Xu, Xu, Xu, Uu^Uf, Uu^Uf, Uh, Xu, Xu, Xu, Xu, Xos, Xos, Urb, Rr^Xo, Urb, Xos, Xos, Xu, Wwf, Wwg, Wwg, Xu, Xu, Xu, Uh, Xos, Xos, Xos, Xos, Xos, Xos, Xos, Xos, Urb, Urb, Urb, Urb, Urb, Urb, Xos
Xos, Xos, Xos, Xos, Xos, Xos, Xos, Xos, Xu, Uh, Uh, Xos, Urb, Urb, Urb, Wwf^Es, Urb, Urb, Urb, Urb, Wwf, Wwf, Xos, Urb, Uh, Rb, Xos, Xos, Xos, Xos, Uu, Uu, Urb, Xu, Wwf, Uu^Emf, Uu^Uf, Uu^Uf, Uh, Uh, Xos, Xos, Xos, Xos, Urb, Rr, Urb, Xos, Xos, Xu, Xu, Wwg, Wwg, Wwf^Es, Wog, Wog, Uu^Uf, Xos, Xos, Xos, Xos, Xos, Xos, Xos, Xos, Xos, Xos, Urb, Urb, Urb, Urb, Urb
Xos, Xos, Xos, Xos, Xos, Xos, Xos, Xu, Xu, Xu, Uu^Uf, Uu^Uf, Uu^Uf, Urb, Urb, Urb, Urb, Urb, Urb, Urb, Xu, Wwf, Wwf, Urb, Xos, Xos, Xos, Xos, Uu, Uu, Xu, Rb, Urb, Urb, Wwf, Uu^Em, Uh, Uh, Xu, Xos, Xos, Xos, Xos, Xos, Xos, Xos, Xos, Xos, Xos, Xu, Xu, Xu, Xu, Wwg^Es, Wog, Wwg^Es, Uh, Xos, Xos, Xos, Xos, Xos, Xos, Xos, Xos, Xos, Xos, Xos, Xos, Urb, Urb, Urb
Xos, Xos, Xos, Xos, Xos, Xos, Xos, Xos, Xos, Urb, Xu, Uh, Urb, Urb, Urb, Urb, Urb, Urb, Uh, Rb, Xu, Xu, Xos, Xos, Xos, Xos, Uh, Uh, Uh, Uu, Rb, Rb, Urb, 1 Urb, Rb, Wwf, Wwf, Xu, Xu, Xos, Xos, Xos, Xos, Xos, Xos, Xos, Xos, Xos, Xos, Xos, Xos, Xu, Xos, Wog, Wwg^Es, Wwf, Xu, Xos, Xos, Xos, Xos, Xos, Xos, Xos, Xos, Xos, Xos, Xos, Xos, Xos, Xos, Urb
Xos, Xos, Xos, Xos, Xos, Xos, Xos, Xos, Xos, Xos, Xos, Uh, Uh, Xu, Xu, Urb, Wwf^Es, Xos, Uh, Rb^Uf, Xos, Xu, Xos, Xos, Xos, Xos, Xu, Uh, Uh, Uh, Urb, Uh, Urb, Urb, Urb, Urb, Qxu, Qxu, Qxu, Qxu, Xu, Xos, Xos, Xos, Xos, Xos, Xos, Xos, Xos, Xos, Xu, Xos, Wwg, Wwg, Wwf, Xu, Xu, Xos, Xos, Xos, Xos, Xos, Xos, Xos, Xos, Xos, Xos, Xos, Xos, Xos, Xos, Xos
Xos, Xos, Xos, Xos, Xos, Xos, Xos, Xos, Xos, Xos, Xos, Xos, Xos, Xu, Xu, Wwf, Wwf, Wwf, Xos, Xos, Xos, Xos, Uh, Uh, Xos, Xu, Xu, Xu, Rb^Es, Rb, Uh, Uh, Uu, Urb, Rb, Urb, Qxu, Qxu, Qxu, Qxu, Xu, Xu, Xos, Xos, Xos, Xos, Xos, Xos, Xos, Xu, Xu, Xu, Wwg, Wwg, Wwf, Xu, Xos, Xos, Xos, Xos, Gd^Fdw, Xos, Xos, Xos, Xos, Xos, Xos, Xos, Xos, Xos, Xos, Xos
Xos, Xos, Xos, Xos, Xos, Xos, Xos, Xos, Xos, Xos, Xos, Xos, Xos, Xos, Xos, Wwf^Es, Xos, Xos, Xu, Xu, Uh, Urb, Urb, Uh, Xos, Xos, Urb, Urb, Xu, Xos, Xos, Uh, Uh, Uu, Xu, Xu, Xu, Qxu, Qxu, Qxu, Urb, Xu, Xos, Xos, Xos, Xos, Xos, Xos, Xos, Xos, Xos, Xu, Xu, Wwg, Wwg, Xos, Iwr, Iwr^Bzu, Iwr, Gd^Fdw, Gd^Fdw, Gd^Fdf, Xos, Xos, Xos, Xos, Xos, Xos, Xos, Xos, Xos, Xos
Xos, Xos, Xos, Xos, Xos, Xos, Xos, Xos, Xos, Xos, Xos, Xos, Xos, Xos, Xos^Zok, Xos, Xos, Xos, Xu, Xu, Uh, Urb, Urb, Urb, Urb, Xos, Xos, Xos, Xos, Xos, Xos, Uh, Xu, Uu, Xu, Xu, Xu, Qxu, Qxu, Qxu, Xu, Urb, Urb, Xos, Xos, Xos, Xos, Xos, Xos, Xos, Xos, Xu, Xos, Xos, Iwr, Wwg, Wwg, Wwg, Wwg, Iwr, Iwr, Xos, Xos, Xos, Xos, Xos, Xos, Xos, Xos, Xos, Xos, Xos
Xos, Xos, Xos, Xos, Xos, Xos, Xos, Xos, Xos, Xos, Xos, Xos, Xos, Xos^Zok, Yhl^Zok, Xos^Zok, Xos, Xu, Uh, Uh, Xu, Xu, Uh, Urb, Urb, Urb, Urb, Xos, Xos, Xos, Xos, Xu, Xu, Xu, Xu, Xu, Xu, Qxu, Qxu, Xu, Xu, Xu, Urb, Xos, Xu, Xos, Xos, Xos, Xos, Xos, Xos, Xos, Iwr^Bz, Iwr, Wwg, Wwg, Wwg, Wwg, Wwg, Wwg, Iwr, Iwr^Bz, Xos, Xos, Xos, Xos, Xos, Xos, Xos, Xos, Xos, Xos
Xos, Xos, Xos, Xos, Xos, Xos, Xos, Xos, Xos, Xos, Xos, Xos, Xos, Xos^Zok, Yhl^Zok, Xos^Zok, Xos, Xos, Xos, Xu, Xu, Uh, Uh, Uh, Uh, Urb, Urb, Xu, Xu, Xos, Xos, Xu, Xu, Xu, Xu, Xu, Xu, Xos, Xos, Xu, Xos, Xu, Urb, Xu, Xu, Xu, Xos, Xos, Xos, Xos, Xos, Xos, Xos, Iwr, Iwr, Wwg, Wwg, Wwg, Iwr, Iwr, Xol, Xos, Xos, Xos, Xos, Xos, Xu, Xu, Xu, Xos, Xos, Xos
Xos, Xos, Xos, Xos, Xos, Xos, Xos, Xos, Xos, Xos, Xos, Xos, Xos, Xos^Zok, Yhl^Zok, Xos^Zok, Xos, Xos, Xos, Xu, Xos, Xos, Xos, Xu, Xu, Uh, Xos, Xu, Xu, Xu, Xu, Xu, Xu, Xu, Xu, Xu, Xu, Xos, Xos, Xos, Xos, Xos, Xos, Xu, Xu, Xos, Xos, Xos, Xos, Xos, Xos, Xos, Gd^Fdw, Gd^Fdf, Gd^Fdw, Iwr, Iwr^Bz, Iwr, Xos, Rr, Rr, Xol, Xos, Xos, Xol, Xos, Xos, Xu, Xu, Xu, Xu, Xos
Xos, Xos, Xos, Xos, Xos, Xos, Xos, Xos, Yhr, Xos, Xos, Xos, Xos, Xos, Yhl, Xos, Xos, Xos, Xos, Xos, Xos, Xos, Xos, Xu, Xu, Xos, Xos, Xos, Xu, Xu, Xu, Xu, Xu, Xu, Xu, Xu, Xos, Xos, Xos, Xos, Xos, Xos, Xos, Xu, Xos, Urb, Urb, Xos, Xos, Xos, Xos, Xos, Xos, Gd^Fdf, Xos, Xos, Xos, Xos, Xos, Xos, Xos, Rr, Rr, Urb, Urb, Xol, Uu, Uh, Uh, Xu, Xu, Xu
Xos, Xos, Xos, Xos, Xos, Xos, Wwb, Xos, Xos, Yhr, Yhr, Xos, Xos, Xos, Yhl, Xos, Xos, Xos, Yhr, Wwb, Wwb, Xos, Xos, Xos, Xos, Xos, Xos, Xos, Xos, Xu, Xu, Xu, Xu, Xu, Uh, Xos, Xos, Xos, Uu^Uf, Xos, Xos, Xos, Xos, Xos, Xos, Xos, Xos, Urb^Z/, Urb, Urb^Ebur, Urb, Xol, Xol, Xos, Xos, Xos, Xos, Xos, Xos, Xos, Xol, Urb, Urb, Rr, Urb, Urb, Wwf, Wwf^Es, Wwg, Xu, Xu, Xu
Xos, Xos, Xos, Xos, Xos, Xos, Xos, Wwb, Wwb^Z/, Xos, Xos, Yhr, Yhr^Z/, Xos, Yhr, Yhr, Yhr, Yhr, Yhr, Yhr^Xp, Yhr^Xp, Wwb, Wwb, Xos, Xos, Xos, Wwb, Xos, Xos, Xos, Xos, Xu, Xos, Uh, Yhr^Xp, Yhr^Xp, Yhr, Uu^Uf, Uh, Xos, Xu, Xu, Uu, Uu, Uu^Vud, Urb, Urb, Urb, Rr, Rr, Rr, Urb, Urb, Xos, Xol, Xos, Xol, Xos, Xos, Xol, Urb, Urb, Rr, Rr, Urb, Urb, Wwf, Wwg, Uu^Uf, Xu, Xu, Xu
Xos, Xos, Xos, Xos, Xos, Xos, Xos, Xos, Xos, Wwb, Wwb, Xos, Yhr, Yhr, Yhr, Yhr, Xos, Yhr, Yhr^Xp, Yhr, Yhr, Yhr, Yhr, Wwb, Wwb, Wwb^Z\, Xos, Wwb, Wwb, Xos, Xos, Xos, Xos, Xos, Xos, Yhr, Yhr, Yhr^Xp, Yhr, Xu, Xu, Xu, Cud, Uh, Uu, Urb, Rr, Rr, Urb, Urb, Urb, Rr, Cud, Cud, Urb, Xol, Xol, Xol, Urb, Urb, Rr, Rr, Urb, Urb, Xos, Xos, Xos, Uu^Vu, Xu, Xu, Xu, Xu
Xos, Xos, Xos, Xos, Xos, Xos, Xos, Xos, Xos, Wwb, Wwb, Uh, Yhr, Yhr, Xos, Xos, Xos, Xos, Yhr, Yhr, Xos, Yhr, Yhr, Yhr^Xp, Yhr, Wwb, Xos, Xos, Xos, Wwb, Wwb, Xos, Xos, Xos, Xos, Xos, Yhr^Xp, Yhr, Yhr, Xu, Xu, Yhr^Xp, Uu, Uh, Urb, Uu, Cud, Urb, Uu, Urb, Xos, Cud, Urb, Rr, Urb, Xos, Urb, Urb, Rr, Rr, Urb, Urb, Xos, Xos, Xos, Xos, Xos, Xos, Xos, Xu, Xu, Xu
Xos, Xos, Xos, Xos, Xos, Xos, Xos, Xos, Xos, Wwb, Xos, Yhr, Yhr, Xos, Xos, Xos, Xos, Xos, Yhr, Xos, Xos, Xos, Yhr^Xp, Yhr, Yhr, Yhr, Yhr, Xos, Yhr^Xp, Xos, Xos, Wwb, Wwb^Z/, Xos, Xos, Xos, Yhr, Yhr, Xos, Xu, Xu, Yhr^Xp, Urb, Uu^Vud, Urb, Cud, 2 Kud, Cud, Uh, Uu^Vud, Xos, Xos, Urb, Rr, Rr, Urb, Rr, Rr, Urb, Urb, Xos, Xos, Xos, Xos, Xos, Xos, Xos, Xos, Xos, Xos, Xos, Xu
Xos, Xos, Xos, Xos, Xos, Xos, Xos, Xos, Xos, Wwb, Xos, Yhr, Uh, Xos, Xos, Xos, Yhr, Yhr^Z\, Xos, Xos, Xos, Xos, Yhr, Yhr, Xos, Yhr, Yhr, Yhr, Yhr, Yhr^Xp, Yhr^Xp, Xos, Xos, Wwb, Yhr, Yhr, Xos, Xos, Xos, Xu, Xu, Cud, Urb, Urb, Rr, Cud, Cud, Cud, Uh, Uu, Xos, Xos, Xos, Urb, Urb, Rr, Urb, Urb, Xos, Xos, Xos, Xos, Xos, Xos, Urb, Urb, Urb, Urb, Urb, Xos, Xos, Xos
Xos, Xos, Xos, Xos, Xos, Xos, Xos, Xos, Xos, Wwb^Z\, Xos, Yhr, Yhr, Xos, Xos, Xos, Xos, Xos, Xos, Xos, Yhr, Yhr^Z\, Xos, Xos, Xos, Xos, Yhr^Xp, Yhr, Yhr, Yhr, Yhr, Yhr^Xp, Yhr, Yhr, Xos, Wwb, Wwb^Z/, Xos, Xos, Xos, Xol, Uu, Rr, Rr, Cud, Uh, Urb, Rr, Urb, Urb, Xol, Xos, Xos, Xos, Xos, Urb, Xos, Xos, Xos, Xos, Xos, Xos, Urb, Urb, Urb, Urb, Urb, Urb, Urb, Urb, Urb, Xos
Xos, Xos, Xos, Xos, Xos, Xos, Xos, Xos, Wwb, Wwb, Xos, Yhr^Xp, Yhr, Yhr, Yhr, Xos, Uu^Uf, Xos, Xos, Xos, Xos, Xos, Xos, Xos, Yhl, Yhr, Yhr^Xp, Yhr, Xos, Yhr, Yhr, Yhr, Uu^Uf, Uh, Xos, Xos, Xos, Wwb, Xos, Xol, Urb^Z\, Urb, Rr, Urb, Uh, Urb, Urb, Rr, Rr, Urb, Urb^Z/, Xol, Xos, Xos, Xos, Xos, Xos, Xos, Xos, Xos, Urb, Urb, Urb, Urb, Urb, Urb, Urb, Urb, Urb, Urb, Urb, Urb
Xos, Xos, Xos, Xos, Xos, Xos, Wwb, Wwb, Xos, Xos, Xu, Yhr^Xp, Uh, Yhr^Xp, Uu^Ii, Yhr, Yhr^Xp, Uh, Xu, Xos, Xos, Xos, Yhl, Yhl^Z\, Yhl^Z\, Yhl, Xos, Xos, Xos, Xos, Xos, Uu^Uf, Uh, Uh, Xos, Xos, Xos, Xos, Urb, Urb, Rr, Rr^Z\, Urb^Z\, Uh, Uu, Uu^Vud, Xos, Urb, Urb^Z/, Rr^Z/, Rr, Urb, Urb, Xos, Xos, Xos, Xos, Xos, Urb, Urb, Urb, Urb, Urb, Urb, Xos, Xos, Xos, Xos, Xos, Urb, Urb, Urb
Xos, Xos, Xos, Xos, Xos, Xos, Xos, Xos, Xu, Xu, Xu, Uu^Uf, Uh, Uu^Em, Uu^Em, Uu^Emf, Uh, Uh, Xu, Xu, Yhl, Yhl, Yhl, Yhl, Xos, Xos, Xos, Xos, Xos, Xos, Xos, Xos, Xos, Xos, Xos, Xos, Urb, Urb, Rr, Rr, Urb, Urb, Xos, Xos, Xos, Xos, Xos, Xos, Xos, Urb, Urb, Rr, Rr, Urb, Urb, Xos, Urb, Urb, Urb, Urb, Urb, Urb, Xos, Xos, Xos, Xos, Xos, Xos, Xos, Xos, Xos, Urb
Xos, Xos, Xos, Xos, Xos, Xos, Xos, Xos, Xos, Xu, Xu, Xu, Xu, Uh, Uh, Uu^Uf, Xos, Xu, Xu, Xu, Yhl, Yhl, Xos, Xos, Xos, Xos, Xos, Xos, Urb, Urb, Urb, Xos, Xos, Xos, Urb, Urb, Urb, Urb, Urb, Urb, Xos, Xos, Xos, Xos, Xos, Xos, Xos, Xos, Xos, Xos, Xos, Urb, Urb, Urb, Urb, Urb, Urb, Urb, Urb, Urb, Xos, Xos, Xos, Xos, Xos, Xos, Xos, Xos, Xos, Xos, Xos, Xos
Xos, Xos, Xos, Xos, Xos, Xos, Xos, Xos, Xos, Xos, Xos, Xu, Xu, Xu, Xu, Xos, Xos, Xos, Xu, Xu, Xos, Xos, Xos, Xos, Xos, Xos, Xos, Urb, Urb, Urb, Urb, Urb, Urb, Urb, Urb, Urb, Urb, Urb, Xos, Xos, Xos, Xos, Xos, Xos, Xos, Xos, Xos, Xos, Xos, Xos, Xos, Xos, Xos, Urb, Urb, Urb, Urb, Urb, Xos, Xos, Xos, Xos, Xos, Xos, Xos, Xos, Xos, Xos, Xos, Xos, Xos, Xos
Xos, Xos, Xos, Xos, Xos, Xos, Xos, Xos, Xos, Xos, Xos, Xos, Xos, Xu, Xos, Xos, Xos, Xos, Xos, Xu, Xos, Xos, Xos, Xos, Xos, Xos, Xos, Xos, Xos, Urb, Urb, Urb, Urb, Urb, Urb, Urb, Xos, Xos, Xos, Xos, Xos, Xos, Xos, Xos, Xos, Xos, Xos, Xos, Xos, Xos, Xos, Xos, Xos, Xos, Urb, Urb, Urb, Xos, Xos, Xos, Xos, Xos, Xos, Xos, Xos, Xos, Xos, Xos, Xos, Xos, Xos, Xos
Xos, Xos, Xos, Xos, Xos, Xos, Xos, Xos, Xos, Xos, Xos, Xos, Xos, Xos, Xos, Xos, Xos, Xos, Xos, Xos, Xos, Xos, Xos, Xos, Xos, Xos, Xos, Xos, Xos, Xos, Xos, Urb, Urb, Urb, Urb, Urb, Urb, Xos, Xos, Xos, Xos, Xos, Xos, Xos, Xos, Xos, Xos, Xos, Xos, Xos, Xos, Xos, Xos, Xos, Urb, Urb, Urb, Xos, Xos, Xos, Xos, Xos, Xos, Xos, Xos, Xos, Xos, Xos, Xos, Xos, Xos, Xos
Xos, Xos, Xos, Xos, Xos, Xos, Xos, Xos, Xos, Xos, Xos, Xos, Xos, Xos, Xos, Xos, Xos, Xos, Xos, Xos, Xos, Xos, Xos, Xos, Xos, Xos, Xos, Xos, Xos, Xos, Xos, Xos, Xos, Urb, Urb, Urb, Urb, Urb, Urb, Xos, Xos, Xos, Xos, Xos, Xos, Xos, Xos, Xos, Xos, Xos, Xos, Xos, Xos, Xos, Urb, Urb, Urb, Xos, Xos, Xos, Xos, Xos, Xos, Xos, Xos, Xos, Xos, Xos, Xos, Xos, Xos, Xos
