border_size=1
usage=map

Xu          , Xu          , Xu          , Xu          , Xu          , Xu          , Xu          , Xu          , Xu          , Xu          , Xuc         , Xuc         , Xuc         , Xu          , Xu          , Xu          , Xu          , Xu          , Xu          , Xu          , Xu          , Xu          , Xu          , Xu          , Xu          , Xu          , Xu          , Xu          , Xu          , Xu          , Xu          , Xu          , Xu          , Xu          , Xu          , Xu          , Xu          , Xu          , Xu          , Xu          , Xu          , Xu          
Xu          , Xu          , Xu          , Xu          , Xu          , Xu          , Xu          , Xu          , Xu          , Xu          , Uh          , Rb          , Rb          , Uu^Uf       , Ur          , Uh          , Uh          , Uu^Uf       , Uu^Uf       , Xu          , Xu          , Xu          , Xu          , Xu          , Xu          , Xu          , Uu          , Xu          , Uu^Em       , Xu          , Uu^Es       , Xu          , Xu          , Xu          , Xu          , Xu          , Xu          , Xu          , Xu          , Xu          , Xu          , Xu          
Xu          , Xu          , Xu          , Xu          , Xu          , Xu          , Xu          , Xu          , Xuc         , Uu^Uf       , Rb          , Rb          , Uh          , Uu          , Uu          , Ur          , Uu          , Uu^Ii       , Uu^Ii       , Xu          , Xu          , Xu          , Xu          , Xu          , Xu          , Uu^Em       , Ur^Em       , Uh          , Ur          , Uu^Em       , Ur^Es       , Uu^Es       , Uu^Uf       , Xu          , Xu          , Xu          , Xuc         , Xu          , Xu          , Xu          , Xu          , Xu          
Xu          , Xu          , Xu          , Xu          , Xu          , Xu          , Xu          , Xuc         , Uu^Uf       , Rb          , Uu^Uf       , Xuc         , Xuc         , Xuc         , Xuc         , Xuc         , Ur          , Uu          , Uh          , Xuc         , Xuc         , Xu          , Uh          , Uu          , Uu^Ii       , Ur^Em       , Ur          , Uu          , Ur          , Ur^Es       , Ur          , Ur^Em       , Ur          , Xu          , Uu^Em       , Xu          , Xuc         , Xu          , Xu          , Xu          , Xu          , Xu          
Xu          , Xu          , Xu          , Xu          , Xu          , Xu          , Xu          , Xuc         , Uu^Uf       , Uu^Uf       , Uu^Em       , Xuc         , Xu          , Xuc         , Uu          , Uu^Em       , Uu^Uf       , Uh^Ii       , Cud         , Cud         , Cud         , Xuc         , Uu^Uf       , Uu          , Ur^Ii       , Ur^Ii       , Ur^Es       , Ur          , Uh          , Uh          , Uh          , Uh          , Uh          , Uu^Uf       , Uu^Uf       , Uu          , Uu^Ii       , Xuc         , Xuc         , Xu          , Xu          , Xu          
Xu          , Xu          , Xu          , Xu          , Xu          , Xu          , Xu          , Xuc         , Ur          , Ur          , Uu^Em       , Xuc         , Uu^Uf       , Uu^Uf       , Rb          , Uu          , Xuc         , Xuc         , Cud         , 3 Kud       , Cud         , Uh          , Uu          , Ur          , Rb          , Ur          , Xu          , Xu          , Xu          , Xu          , Xu          , Xu          , Xu          , Uu^Em       , Uu^Em       , Ur          , Ur          , Uh          , Uu^Uf       , Uh          , Uh          , Xu          
Xu          , Xu          , Xu          , Xu          , Xu          , Xu          , Xu          , Xu          , Rb^Es       , Rb^Em       , Uu          , Xuc         , Xu          , Uu^Em       , Rb          , Xuc         , Xuc         , Uh^Ii       , Xuc         , Cud         , Xuc         , Xuc         , Uh          , Ur          , Uu^Uf       , Xu          , Xu          , Xu          , Uu^Es       , Uu^Uf       , Uu^Es       , Uu^Uf       , Uu^Uf       , Xuc         , Xuc         , Uu          , Rb^Uf       , Uu^Vu       , Uu^Ii       , Uu^Uf       , Uh          , Xu          
Xu          , Xu          , Xu          , Xu          , Xu          , Xu          , Xu          , Uh          , Rb^Es       , Rb          , Ur          , Xuc         , Xu          , Uh          , Uu          , Rb          , Uu          , Uu^Ufi      , Rb^Em       , Uh          , Uu^Em       , Xuc         , Rb          , Uu          , Xu          , Xu          , Xu          , Qxu         , Qxu         , Uu^Es       , Xu          , Uu          , Uu          , Xuc         , Uu^Em       , Ur          , Uu^Vu       , Ur          , Cud         , Uu^Ii       , Uu          , Xu          
Xu          , Xu          , Xu          , Xu          , Xu          , Xu          , Xu          , Uh          , Uu          , Rb          , Ur          , Uu^Es       , Uu^Uf       , Xu          , Xu          , Uu^Uf       , Uu^Uf       , Uu^Em       , Uh          , Rb^Em       , Uu          , Uu          , Uu          , Uu          , Xu          , Xu          , Xu          , Qxu         , Qxu         , Xu          , Xu          , Uu^Es       , Uh          , Uu          , Rb          , Uu          , Uh          , Uu          , 4 Kud       , Uu          , Xuc         , Xuc         
Xu          , Xu          , Xu          , Xu          , Xu          , Xu          , Xu          , Uh          , Xu          , Qxu         , Qxu         , Ur          , Uh          , Qxu         , Qxu         , Xu          , Xu          , Xu          , Xu          , Uh          , Xu          , Uu^Em       , Xu          , Xu          , Xu          , Xu          , Xu          , Qxu         , Qxu         , Xu          , Qxu         , Xu          , Uu^Vu       , Rb          , Uh          , Uh          , Uh          , Cud         , Cud         , Uu          , Uh          , Xuc         
Xu          , Xu          , Xu          , Xu          , Qxu         , Qxu         , Qxu         , Uu^Ufi      , Uu^Ufi      , Qxu         , Qxu         , Ur          , Ur          , Uu^Ii       , Uu          , Qxu         , Qxu         , Xu          , Wog         , Xu          , Xu          , Xu          , Xu          , Xu          , Xu          , Xu          , Xu          , Xu          , Xu          , Xu          , Qxu         , Qxu         , Uu^Em       , Rb          , Uh          , Xu          , Xu          , Xu          , Xu          , Uh          , Xuc         , Xuc         
Xu          , Xu          , Xu          , Xu          , Xu          , Qxu         , Qxu         , Xu          , Uu^Uf       , Xuc         , Xuc         , Uu^Em       , Uu^Em       , Qxu         , Uu^Uf       , Qxu         , Qxu         , Xu          , Xu          , Wog         , Xu          , Xu          , Xu          , Xu          , Xu          , Xu          , Xu          , Xu          , Xu          , Xu          , Xu          , Qxu         , Qxu         , Uu^Es       , Qxu         , Qxu         , Qxu         , Xu          , Xu          , Xu          , Xu          , Xu          
Xu          , Xu          , Xu          , Xu          , Xu          , Qxu         , Qxu         , Xu          , Uh          , Uu^Em       , Xuc         , Uu^Uf       , Ur^Em       , Uu^Uf       , Uh          , Qxu         , Qxu         , Xu          , Xu          , Wog         , Wog         , Xu          , Xu          , Xu          , Xu          , Xu          , Xu          , Xu          , Xu          , Xu          , Xu          , Xu          , Qxu         , Uu          , Uu          , Qxu         , Qxu         , Qxu         , Xu          , Xu          , Xu          , Qxu         
Xu          , Xu          , Xu          , Xu          , Xu          , Xu          , Xu          , Xu          , Xu          , Uu^Uf       , Uh          , Ur          , Ur          , Uu^Em       , Qxu         , Ur          , Qxu         , Xu          , Xu          , Xu          , Wog         , Xu          , Xu          , Xu          , Xu          , Xu          , Xu          , Xu          , Xu          , Xu          , Xu          , Xu          , Uu^Uf       , Ur          , Ur          , Uu^Em       , Xu          , Qxu         , Xu          , Xu          , Qxu         , Qxu         
Xu          , Xu          , Xu          , Xu          , Xu          , Xu          , Xu          , Xu          , Xuc         , Xuc         , Uh          , Uu^Ii       , Ur          , Uh          , Qxu         , Qxu         , Qxu         , Xuc         , Xuc         , Xu          , Xu          , Wog         , Wog         , Xu          , Xu          , Xu          , Xu          , Xu          , Xu          , Xu          , Xos         , Xu          , Uu          , Ur          , Uu          , Uu^Es       , Uu          , Uu^Es       , Uu          , Uh          , Uu^Uf       , Qxu         
Xuc         , Xuc         , Xuc         , Xu          , Xuc         , Xu          , Xuc         , Xu          , Xuc         , Xuc         , Xuc         , Uu^Ii       , Uu^Uf       , Ur          , Uu^Ii       , Qxu         , Xuc         , Xuc         , Xu          , Xu          , Xu          , Xu          , Wog         , Xu          , Wog         , Xu          , Xu          , Xu          , Xos         , Xos         , Uu^Em       , Xos         , Uh          , Uu          , Ur          , Uu          , Xuc         , Uh          , Xuc         , Uu^Uf       , Xu          , Xu          
Uu^Uf       , Uh          , Uh          , Xuc         , Uu^Uf       , Xuc         , Uh          , Xuc         , Xuc         , Xu          , Xuc         , Uu^Uf       , Uu^Uf       , Ur          , Uu          , Uh          , Uu^Em       , Xuc         , Xuc         , Xu          , Xu          , Xu          , Wog         , Wog         , Xu          , Wog         , Xu          , Xu          , Xos         , Uh          , Uh          , Uu          , Rb          , Rb          , Ur          , Rb^Em       , Rb^Uf       , Xuc         , Uu^Uf       , Xuc         , Xuc         , Xu          
Xuc         , Uu^Uf       , Uu^Uf       , Uu^Em       , Uu^Em       , Uu^Uf       , Uu^Em       , Uu^Uf       , Uu^Em       , Xuc         , Xuc         , Xuc         , Xuc         , Xuc         , Uu          , Ur          , Uh          , Xuc         , Xuc         , Xu          , Xu          , Xu          , Xu          , Wog         , Xu          , Wwf         , Xu          , Xu          , Xos         , Uu^Uf       , Uu^Es       , Uu^Vu       , Uh          , Uh          , Uu^Uf       , Uu^Uf       , Xuc         , Uu^Uf       , Uu^Uf       , Uu^Uf       , Xuc         , Xu          
Ur          , Ur^Em       , Ur          , Uu^Em       , Xuc         , Xuc         , Uu^Vct      , Uu          , Uu^Vct      , Uu          , Ur          , Uu^Uf       , Uu^Es       , Uu          , Ur          , Uu          , Xuc         , Xuc         , Xu          , Xu          , Xu          , Wwf         , Xu          , Wwf         , Xu          , Xu          , Xu          , Xu          , Xos         , Uh          , Uh          , Rb^Uf       , Rb^Uf       , Uu^Uf       , Uu^Uf       , Xuc         , Xuc         , Uu^Uf       , Uu^Uf       , Uu^Uf       , Xuc         , Xu          
Uh          , Uu          , Xuc         , Ur          , Ur          , Uu^Uf       , Ce          , Ce          , Ce          , Ur          , Uu          , Ur          , Ur          , Ur          , Qxu         , Qxu         , Xu          , Xu          , Xu          , Xos         , Xu          , Wog         , Wog         , Xu          , Xuc         , Wwf         , Xu          , Xu          , Xos         , Xos         , Xos         , Rb          , Xos         , Uu^Em       , Xos         , Xos         , Xu          , Xuc         , Xuc         , Xuc         , Xuc         , Xu          
Xuc         , Xuc         , Xuc         , Uu          , Xuc         , Ur          , Ce          , 1 Ke        , Ce          , Uu^Vct      , Xuc         , Rb          , Rb          , Uu          , Uh          , Uu          , Xu          , Xu          , Xu          , Xos         , Uu^Uf       , Uh          , Uh          , Uh          , Xuc         , Wog         , Wog         , Xos         , Xos         , Rb          , Xos         , Xos         , Xos         , Xos         , Xu          , Xu          , Xuc         , Xuc         , Ur^Es       , Xuc         , Xuc         , Xu          
Uh          , Xuc         , Uu^Em       , Uu^Em       , Xuc         , Uu^Em       , Uu          , Ce          , Uu^Vct      , Uu          , Uu^Uf       , Rb          , Xuc         , Uh          , Uh          , Xu          , Xu          , Xu          , Xu          , Xos         , Uu^Uf       , Uu^Uf       , Uu^Uf       , Uh          , Xuc         , Wog         , Wwg         , Wwf         , Wwg         , Rb^Em       , Xos         , Xos         , Wog         , Xos         , Wwf         , Xuc         , Xuc         , Uh          , Ur          , Uu^Uf       , Xuc         , Xu          
Uu          , Uh          , Uh          , Xuc         , Uu          , Uu^Em       , Xuc         , Uu          , Uh          , Uu^Uf       , Uh          , Xuc         , Xu          , Uh          , Xu          , Xu          , Xu          , Xu          , Xuc         , Xos         , Xuc         , Uu^Uf       , Uh          , Xuc         , Uu^Vu       , Uh          , Wwg         , Wwf         , Wwg         , Wwf         , Wwg         , Wog         , Xu          , Xu          , Wog         , Wog         , Uh          , Uu^Es       , Ur          , Uu^Em       , Uh          , Xuc         
Uh          , Uu          , Uu^Em       , Uu^Es       , Xuc         , Uh          , Xuc         , Xuc         , Uu^Em       , Xuc         , Xu          , Xu          , Xu          , Xu          , Xu          , Xu          , Xuc         , Xuc         , Uu^Uf       , Xuc         , Re^Em       , Uh          , Rb          , Rb          , Uu^Em       , Wwf         , Wwg         , Wwg         , Uh          , Wwg         , Wog         , Xu          , Xu          , Wwf         , Xu          , Wog         , Uu^Uf       , Uh          , Uh^Ii       , Uu^Uf       , Uu^Uf       , Xuc         
Xuc         , Uu^Es       , Uu          , Uu          , Uu^Em       , Xuc         , Uu          , Uu^Emf      , Xuc         , Xu          , Xu          , Xu          , Uh          , Xu          , Xuc         , Xu          , Uu          , Uu^Em       , Re^Em       , Re          , Re^Uf       , Uu          , Uh          , Rb^Em       , Uh          , Rb^Em       , Xuc         , Uh          , Uh          , Xu          , Wog         , Xu          , Wog         , Wog         , Xu          , Xuc         , Uu^Uf       , Uh          , Uu^Em       , Uu^Uf       , Uh          , Xuc         
Uh          , Xuc         , Uu          , Xuc         , Uh          , Uu          , Xuc         , Uu          , Xuc         , Xu          , Uh          , Xu          , Uh          , Xu          , Uu^Es       , Xuc         , Uh          , Uu          , Uh          , Uu^Uf       , Uh          , Xu          , Xu          , Xu          , Xu          , Uh          , Xu          , Xu          , Xu          , Xu          , Wwf         , Xu          , Wwf         , Wog         , Xu          , Xuc         , Xuc         , Uh          , Uu^Uf       , Uu^Uf       , Xuc         , Xuc         
Xuc         , Uu^Emf      , Xuc         , Uh          , Xuc         , Xuc         , Uh          , Uh          , Xu          , Xuc         , Xuc         , Uh          , Uh          , Ur^Es       , Urb         , Uu^Vu       , Rb          , Rb          , Xuc         , Xu          , Xu          , Xu          , Xu          , Xu          , Xu          , Xu          , Xu          , Xu          , Xu          , Xu          , Xu          , Xu          , Wog         , Wog         , Wog         , Xu          , Xu          , Xuc         , Xuc         , Xuc         , Xuc         , Xu          
Xu          , Xuc         , Xu          , Xuc         , Xuc         , Xu          , Xu          , Xu          , Xu          , Xu          , Xu          , Xuc         , Xuce        , Uu^Es       , Uu          , Urb         , Rb^Em       , Uu          , Uu          , Xuc         , Xuc         , Xu          , Xu          , Xu          , Xu          , Xu          , Xu          , Xu          , Xu          , Wwf         , Xu          , Wwf         , Xu          , Wwf         , Wog         , Xu          , Wog         , Xu          , Xu          , Xu          , Xu          , Xu          
Xu          , Xu          , Xu          , Xu          , Xu          , Xu          , Xu          , Xu          , Xu          , Xu          , Xu          , Xu          , Xu          , Xuce        , Xuc         , Uu          , Uu          , Urb         , Uu          , Uu          , Uu          , Xuc         , Xuc         , Xu          , Wog         , Xu          , Wog         , Wwf         , Wog         , Wog         , Wwf         , Xu          , Wog         , Xu          , Xu          , Wog         , Xu          , Wog         , Wog         , Xu          , Wog         , Xu          
Xu          , Xu          , Xu          , Xu          , Xu          , Xu          , Xu          , Xu          , Xu          , Xu          , Xu          , Xu          , Xuc         , Xu          , Xu          , Xuc         , Xuc         , Uu          , Uu          , Urb         , Urb         , Uu          , Cud         , Wog         , Wog         , Wog         , Wog         , Wog         , Wwf         , Wog         , Wog         , Wog         , Wog         , Wwf         , Xu          , Xu          , Xu          , Xu          , Xu          , Wog         , Xu          , Wog         
Xu          , Xu          , Xu          , Xu          , Xu          , Xu          , Xu          , Xu          , Xu          , Xu          , Wog         , Wog         , Wog         , Xuc         , Wog         , Xu          , Wog         , Xuc         , Xuc         , Uu          , Cud         , Urb         , Ur          , Cud         , Cud         , Wog         , Xuc         , Xu          , Xuce        , Xuc         , Xuc         , Wog         , Xu          , Xu          , Xu          , Xu          , Xu          , Xu          , Xu          , Xu          , Xu          , Xu          
Xu          , Xu          , Xu          , Xu          , Wog         , Xu          , Wog         , Wog         , Wog         , Wog         , Wog         , Wog         , Wog         , Wog         , Wog         , Wog         , Wog         , Wog         , Wog         , Xuc         , Wog         , Cud         , Cud         , Ur          , Urb         , Cud         , Uu          , Xuc         , Xuc         , Xuc         , Xos         , Xuc         , Xu          , Xu          , Xu          , Xu          , Xu          , Xu          , Xu          , Xu          , Xu          , Xu          
Wog         , Wog         , Wog         , Wog         , Wog         , Wog         , Wog         , Wog         , Wog         , Wog         , Wog         , Wog         , Wog         , Wog         , Xu          , Wog         , Wog         , Wog         , Wog         , Wog         , Wog         , Wog         , Wog         , Cud         , Uu          , Urb         , Urb         , Uu^Es       , Uu^Es       , Xos         , Xos         , Xuc         , Xu          , Xu          , Xu          , Xu          , Xu          , Xu          , Xu          , Xu          , Xu          , Xu          
Wog         , Wog         , Wog         , Wog         , Wog         , Wog         , Wog         , Wog         , Xu          , Xu          , Xu          , Xu          , Xu          , Xu          , Xu          , Xu          , Xuc         , Xuc         , Xuc         , Wog         , Xuc         , Wog         , Xuc         , Xuc         , Xuc         , Uu^Em       , Uu^Es       , Urb^Es      , Uu          , Xos         , Xos         , Xuc         , Xu          , Xu          , Xu          , Xu          , Xu          , Xu          , Xu          , Xu          , Xu          , Xu          
Wog         , Wog         , Xu          , Wog         , Xu          , Xu          , Xu          , Xu          , Xos         , Xos         , Xos         , Xos         , Xos         , Xu          , Xu          , Xu          , Xu          , Xu          , Xuc         , Xuc         , Xuc         , Xuc         , Xuc         , Xos         , Xos         , Xos         , Uu^Em       , Urb         , Uu          , Xos         , Xos         , Xuc         , Xu          , Xu          , Xu          , Xu          , Xu          , Xu          , Xu          , Xu          , Xu          , Xu          
Xu          , Xu          , Xu          , Xu          , Xos         , Xos         , Xos         , Xos         , Cud         , Cud         , Cud         , Xos         , Xos         , Xos         , Xos         , Xu          , Xu          , Xu          , Xos         , Xuc         , Xuc         , Xos         , Xos         , Xuc         , Cud         , Xos         , Urb^Es      , Urb^Es      , Uu          , Xos         , Xos         , Xuc         , Xuc         , Xu          , Xu          , Xu          , Xu          , Xu          , Xu          , Xu          , Xu          , Xu          
Xu          , Xu          , Xos         , Xos         , Xos         , Xos         , Cud         , Cud         , Cud         , Uue^Ii      , Cud         , Cud         , Xos         , Xos         , Xos         , Xos         , Xos         , Xos         , Xos         , Xos         , Xos         , Xuc         , Cud         , Xos         , Urb         , Urb         , Urb         , Urb^Em      , Xos         , Xos         , Xos         , Xos         , Xuc         , Xu          , Xu          , Xu          , Xu          , Xu          , Xu          , Xu          , Xu          , Xu          
Xu          , Xos         , Xos         , Xos         , Xos         , Cud         , Cud         , Uue^Ii      , Cud         , Cud         , Xos         , Cud         , Cud         , Xos         , Xos         , Xos         , Xos         , Cud         , Xos         , Cud         , Xos         , Xos         , Urb^Z\      , Urb         , Urb         , Urb         , Xos         , Cud         , Xuc         , Xos         , Xos         , Xos         , Xuc         , Xu          , Xu          , Xu          , Xu          , Xu          , Xu          , Xu          , Xu          , Xu          
Xu          , Xu          , Xu          , Xos         , Xos         , Xos         , Xos         , Cud         , Xos         , Xos         , Xos         , Xos         , Xos         , Cud^Z/      , Cud         , Xos         , Urb^Es      , Urb         , Urb         , Urb         , Urb         , Urb         , Urb         , Urb^Z\      , Xos         , Cud         , Xuc         , Xos         , Xos         , Xuc         , Xuc         , Xuc         , Xu          , Xu          , Xu          , Xu          , Xu          , Xu          , Xu          , Xu          , Xu          , Xu          
Xu          , Xu          , Xu          , Xu          , Xu          , Xos         , Xos         , Xos         , Xos         , Xos         , Xu          , Xos         , Xos         , Xos         , Xos         , Urb         , Urb         , Urb         , Urb^Es      , Urb         , Urb         , Urb         , Urb         , Urb         , Xos         , Xos         , Xos         , Xuc         , Xu          , Xu          , Xu          , Xu          , Xu          , Xu          , Xu          , Xu          , Xu          , Xu          , Xu          , Xu          , Xu          , Xu          
Xu          , Xu          , Xu          , Xu          , Xu          , Xu          , Xu          , Xos         , Xu          , Xu          , Xu          , Xu          , Xu          , Xos         , Xos         , Urb^Es      , Urb         , Urb         , Urb         , Urb         , Urb         , Urb         , Urb^Es      , Urb^Em      , Xos         , Xu          , Xu          , Xu          , Xu          , Xu          , Xu          , Xu          , Xu          , Xu          , Xu          , Xu          , Xu          , Xu          , Xu          , Xu          , Xu          , Xu          
Xu          , Xu          , Xu          , Xu          , Xu          , Xu          , Xu          , Xu          , Xu          , Xu          , Xu          , Xu          , Xu          , Xos         , Xos         , Urb         , Urb         , Urb         , Urb         , Urb         , Urb         , Urb         , Urb         , Urb         , Xos         , Xu          , Xos         , Xu          , Xu          , Xu          , Xu          , Xu          , Xu          , Xu          , Xu          , Xu          , Xu          , Xu          , Xu          , Xu          , Xu          , Xu          
Xu          , Xu          , Xu          , Xu          , Xos         , Xu          , Xu          , Xu          , Xu          , Xu          , Xos         , Xu          , Xos         , Xos         , Xos         , Urb         , Urb         , Urb         , Urb         , Urb         , Urb         , Urb         , Urb         , Urb^Es      , Xos         , Xos         , Xos         , Xos         , Xos         , Xu          , Xu          , Xu          , Xu          , Xu          , Xu          , Xu          , Xu          , Xu          , Xu          , Xu          , Xu          , Xu          
Xu          , Xu          , Xos         , Xos         , Xos         , Xos         , Xos         , Xu          , Xos         , Xos         , Xos         , Xos         , Xos         , Xos         , Cud         , Urb         , Urb         , Urb         , Urb         , Urb         , Urb         , Urb         , Urb^Es      , Urb         , Urb^Z/      , Xos         , Xos         , Xos         , Xos         , Xos         , Xos         , Xu          , Xu          , Xu          , Xu          , Xu          , Xu          , Xu          , Xu          , Xu          , Xu          , Xu          
Xos         , Xos         , Xos         , Xos         , Cud         , Xos         , Xos         , Xos         , Xos         , Xos         , Cud^Es      , Xos         , Cud         , Cud^Z\      , Xos         , Xos         , Cud         , Xos         , Cud         , Xos         , Cud         , Xos         , Cud         , Xos         , Xos         , Urb         , Urb^Es      , Uu          , Uu^Em       , Xos         , Xos         , Xos         , Xos         , Xu          , Xu          , Xu          , Xu          , Xu          , Xu          , Xu          , Xu          , Xu          
Xos         , Xos         , Cud         , Cud         , Uue^Ii      , Cud         , Cud         , Xos         , Cud         , Cud         , Cud         , Cud         , Cud^Es      , Xos         , Xos         , Xos         , Xos         , Xos         , Xos         , Xos         , Cud^Es      , Xos         , Xos         , Xos         , Xos         , Uu          , Uu^Em       , Urb^Es      , Uu^Emf      , Uh          , Xos         , Xos         , Xos         , Xos         , Xos         , Xu          , Xu          , Xu          , Xu          , Xu          , Xu          , Xu          
Xos         , Xos         , Xos         , Cud         , Cud         , Cud         , Uue^Ii      , Cud         , Cud         , Cud^Es      , Cud         , Cud         , Xos         , Xos         , Xos         , Xos         , Xos         , Xos         , Xos         , Xos         , Cud         , Xos         , Cud         , Cud         , Cud^Z/      , Xos         , Xos         , Uu          , Xos         , Xos         , Cud         , Cud         , Cud^Em      , Xos         , Xos         , Xos         , Xos         , Xu          , Xu          , Xu          , Xu          , Xu          
Xu          , Xos         , Xos         , Xos         , Xos         , Cud         , Cud         , Cud         , Uue^Ii      , Cud         , Cud^Es      , Xos         , Xos         , Xos         , Xos         , Xos         , Xos         , Xos         , Xos         , Cud^Es      , Wo          , Cud         , Xos         , Xos         , Xos         , Cud         , Cud         , Xos         , Cud         , Cud         , Cud         , Cud         , Cud         , Cud         , Cud         , Xos         , Xos         , Xos         , Xos         , Xu          , Xu          , Xu          
Xu          , Xu          , Xu          , Xos         , Xos         , Xos         , Xos         , Cud         , Cud         , Cud         , Uue^Ii      , Cud         , Cud         , Xos         , Xos         , Xos         , Xos         , Xos         , Xos         , Cud         , Wo          , Cud         , Xos         , Xos         , Xos         , Xos         , Xos         , Cud         , Cud         , Cud^Es      , Cud         , Uue^Ii      , Cud^Es      , Cud^Es      , Cud^Es      , Cud         , Xos         , Xos         , Xos         , Xos         , Xu          , Xu          
Xu          , Xu          , Xu          , Xu          , Xu          , Xos         , Xos         , Xos         , Xos         , Cud         , Cud         , Cud         , Xos         , Xos         , Xos         , Xos         , Xu          , Xos         , Xu          , Xos         , Wo^Es       , Xos         , Xos         , Xos         , Xu          , Xos         , Xos         , Xos         , Xos         , Cud         , Cud         , Cud         , Cud^Es      , Cud         , Xos         , Xos         , Xos         , Xos         , Xu          , Xu          , Xu          , Xu          
Xu          , Xu          , Xu          , Xu          , Xu          , Xu          , Xu          , Xos         , Xos         , Xos         , Xos         , Xos         , Xos         , Xos         , Xu          , Xu          , Xu          , Xu          , Wo          , Wo^Es       , Wo^Es       , Xu          , Xu          , Xu          , Xu          , Xu          , Xu          , Xos         , Xos         , Xos         , Xos         , Cud         , Xos         , Xos         , Xos         , Xos         , Xu          , Xu          , Xu          , Xu          , Xu          , Xu          
Xu          , Xu          , Xu          , Xu          , Xu          , Xu          , Xu          , Xu          , Xu          , Xos         , Xos         , Xos         , Xu          , Xu          , Xu          , Xu          , Xu          , Wo^Es       , Wo          , Wo^Es       , Xu          , Xu          , Xu          , Xu          , Xu          , Xu          , Xu          , Xu          , Xu          , Xos         , Xos         , Xos         , Xos         , Xos         , Xu          , Xu          , Xu          , Xu          , Xu          , Xu          , Xu          , Xu          
