border_size=1
usage=map

Gs^Fp       , Gs^Fp       , Gs^Fp       , Gs^Fp       , Gs^Fp       , Gs^Fp       , Gs^Fp       , Gs^Fp       , Gs^Fp       , Gs^Fp       , Gs^Fp       , Gs^Fp       , Ggf         , Gs^Fp       , Gs^Fp       , Rp          , Rp          , Gg          , Gs^Fp       , Gg          , Gs^Fp       , Gs^Fp       , Gs^Fp       , Gs^Fp       , Gs^Fp       , Gs^Fp       , Gs^Fp       , Gs^Fp       , Gs^Fp       , Gs^Fp       , Gs^Fp       , Hh          , Hh          , Ch          , Ch          , Mm          , Ww          , Ww          , Ww          , Mm          , Mm          , Gg          , Hh          , Mm          , Mm          , Mm          , Mm          , Mm          , Mm          , Mm          
Gs^Fp       , Gs^Fp       , Gs^Fp       , Gs^Fp       , Gs^Fp       , Gs^Fp       , Gs^Fms      , Gs^Fds      , Gs^Fp       , Gs^Fp       , Gs^Fp       , Ggf         , Gg          , Ggf         , Rp          , Rp          , Rp          , Gs^Fp       , Gg          , Gs^Fp       , Gs^Fp       , Gg^Ve       , Gs^Fp       , Gs^Fp       , Gs^Fp       , Gs^Fp       , Hh          , Hh          , Gg          , Gs^Fp       , Gg          , Gg          , Hh          , Hh          , Wwf         , Ww          , Ww          , Ww          , Mm          , Hh          , Hh          , Hh          , Mm          , Mm          , Mm          , Mm          , Mm          , Mm          , Mm          , Mm          
Gs^Fp       , Gs^Fp       , Gs^Fp       , Gs^Fds      , Gs^Fms      , Gs^Fms      , Gs^Fds      , Gs^Fms      , Gs^Fp       , Gs^Fp       , Gs^Fp       , Gg          , Ggf         , Cv          , Cv          , Cv          , Cv          , Cv          , Gg          , Ggf         , Ggf         , Gs^Fp       , Gs^Fp       , Gg^Fet      , Gs^Fp       , Gs^Fp       , Gs^Fp       , Hh          , Gs^Fp       , Gg          , Gg          , Hh          , Gg          , Gg          , Wwf         , Ww          , Mm          , Ch          , Mm          , Mm          , Hh          , Mm          , Mm          , Mm          , Mm          , Mm          , Mm          , Mm          , Mm          , Mm          
Gs^Fp       , Gs^Fp       , Gs^Fp       , Gs^Fp       , Gs^Fp       , Gs^Fms      , Gs^Fp       , Gs^Fms      , Gs^Fp       , Gg^Fet      , Gg^Ve       , Ggf         , Gg          , Gg          , Cv          , 2 Kv        , Cv          , Gg          , Gg          , Gg^Ve       , Ww          , Gs^Fp       , Gs^Fp       , Gs^Fp       , Gs^Fp       , Gg          , Hh          , Hh          , Hh          , Gg          , Hh          , Gg          , Hh          , Gs^Fds      , Ww          , Ww          , Hh          , Ch          , Ch          , Mm          , Hh          , Hh          , Mm          , Mm          , Mm          , Mm          , Mm          , Mm          , Mm          , Mm          
Gs^Fp       , Gs^Fp       , Gg^Fet      , Gs^Fp       , Gs^Fp       , Gs^Fp       , Gs^Fp       , Gs^Fds      , Gs^Fms      , Gs^Fp       , Gs^Fp       , Ggf         , Gg          , Cv          , Rp          , Cv          , Rp          , Cv          , Ggf         , Ww^Bw\      , Ww          , Ww          , Gs^Fp       , Gs^Fms      , Gs^Fp       , Gs^Fp       , Gg          , Hh          , Hh          , Hh          , Gg          , Gg          , Gg          , Gs^Fds      , Ww          , Ww          , Wwf         , Hh          , Hh          , Hh          , Hh          , Hh          , Mm          , Mm          , Mm          , Mm          , Mm          , Mm          , Mm          , Mm          
Gs^Fp       , Gs^Fp       , Gs^Fp       , Gs^Fp       , Gg^Vh       , Gs^Fp       , Gs^Fp       , Gs^Fms      , Gs^Fms      , Gs^Fp       , Gs^Fp       , Gs^Fp       , Gs^Fp       , Gg          , Rp          , Rp          , Gg          , Gg          , Wwf         , Ww          , Gs^Fp       , Ww          , Gs^Fp       , Gs^Fms      , Gs^Fp       , Gg          , Gs^Fp       , Hh          , Hh          , Gs^Fds      , Gg^Vh       , Gg          , Hh          , Gg          , Gs^Fds      , Ww          , Ww          , Hh          , Hh          , Ch          , Hh          , Hh          , Hh          , Mm          , Mm          , Mm          , Mm          , Mm          , Mm          , Mm          
Gs^Fds      , Gs^Fp       , Gs^Fp       , Gs^Fp       , Gs^Fp       , Gg          , Gg          , Gs^Fp       , Gs^Fms      , Gs^Fms      , Gs^Fp       , Gg^Fet      , Gs^Fp       , Gg^Ve       , Rp          , Ggf         , Ww          , Ww          , Wwf         , Ww          , Gs^Fds      , Gs^Fp       , Gg^Fet      , Gs^Fp       , Gs^Fp       , Gs^Fp       , Gs^Fp       , Hh          , Gs^Fp       , Gs^Fms      , Gs^Fds      , Gg          , Hh          , Hh          , Gg          , Wwf         , Ww          , Gs^Fds      , Gs^Fds      , Hh          , Gs^Fds      , Hh          , Hh          , Mm^Vhh      , Mm          , Hh          , Mm          , Mm^Vhh      , Hh          , Mm          
Gs^Fp       , Gs^Fp       , Gs^Fp       , Gg          , Gs^Fp       , Gg          , Gg          , Gs^Fp       , Gs^Fp       , Gs^Fds      , Gs^Fp       , Gs^Fp       , Gs^Fp       , Gs^Fp       , Rp          , Gg          , Gs^Fp       , Wwf         , Ww          , Gs^Fp       , Gs^Fms      , Gs^Fp       , Gs^Fms      , Gs^Fp       , Gs^Fp       , Gs^Fp       , Gg          , Gs^Fp       , Gs^Fp       , Gs^Fms      , Gs^Fds      , Hh          , Hh          , Gs^Fds      , Gg          , Wwf         , Ww          , Gs^Fds      , Gg^Vh       , Gs^Fds      , Hh          , Ch          , Hh          , Mm          , Hh          , Hh          , Gg          , Hh          , Hh          , Hh          
Gs^Fp       , Gs^Fp       , Gg          , Gs^Fp       , Gs^Fp       , Gg          , Gg          , Gg          , Gs^Fp       , Gs^Fp       , Gg          , Gs^Fp       , Gs^Fp       , Gs^Fds      , Rp          , Gs^Fp       , Gs^Fp       , Ww          , Ww          , Gs^Fp       , Gs^Fp       , Gs^Fms      , Gs^Fds      , Gs^Fms      , Gs^Fp       , Gg          , Gg^Vh       , Gg          , Gg          , Gs^Fds      , Hh          , Hh          , Gg          , Gg          , Gg          , Ww          , Ww          , Gs^Fds      , Gg          , Gg          , Gg          , Ch          , Hh          , Hh          , Hh          , Gg          , Gg          , Hh          , Gg          , Gg          
Gs^Fp       , Gs^Fp       , Gg          , Gg          , Gs^Fp       , Gg          , Gs^Fp       , Gg          , Gs^Fds      , Gs^Fp       , Gg          , Gg          , Rp          , Rp          , Gg          , Gs^Fp       , Gg^Vh       , Gg          , Gg          , Wwf         , Gs^Fp       , Gs^Fms      , Gs^Fms      , Gs^Fms      , Gs^Fp       , Gg          , Gg          , Gg          , Gs^Fp       , Gg          , Gs^Fms      , Gs^Fms      , Gs^Fms      , Gg          , Ww          , Ww          , Ww          , Ww          , Ww          , Ww^Bw|      , Ww          , Ww          , Ww          , Hh          , Hh          , Gg^Vh       , Rp          , Gg          , Gg          , Gg          
Gs^Fp       , Gs^Fds      , Gs^Fds      , Gs^Fp       , Gs^Fp       , Gg          , Gg          , Gs^Fp       , Gs^Fp       , Gs^Fp       , Gg          , Rp          , Gg          , Gg          , Gs^Fp       , Gg          , Gg          , Gg          , Gg          , Ww          , Wwf         , Gs^Fp       , Gs^Fms      , Gs^Fp       , Gg          , Gg          , Gg          , Gg          , Ww          , Gs^Fp       , Ww          , Gs^Fp       , Ww          , Ww          , Ww          , Ww          , Hh          , Hh          , Ch          , Gg          , Gg          , Gg          , Gg          , Ww          , Ww          , Hh          , Gg          , Rp          , Rp          , Rp          
Gs^Fp       , Gs^Fds      , Gs^Fp       , Gs^Fp       , Gs^Fp       , Gs^Fp       , Gg          , Gs^Fp       , Gs^Fp       , Gg^Vh       , Gg          , Rp          , Gg          , Gs^Fp       , Gs^Fms      , Gs^Fp       , Gs^Fp       , Gg          , Gg          , Gg          , Gg          , Wwf         , Gg          , Gs^Fp       , Gg          , Gg          , Ww          , Ww          , Ww          , Ww          , Ww          , Ww          , Ww          , Ww          , Gg          , Gg          , Ch          , Ch          , Gg          , Gg          , Re^Gvs      , Re^Gvs      , Re^Gvs      , Gg^Wm       , Gg          , Ww          , Ww^Bw/      , Rp          , Gg          , Gg          
Gs^Fp       , Gs^Fp       , Gg          , Gs^Fp       , Gs^Fp       , Gs^Fp       , Gs^Fp       , Gg          , Gg          , Gs^Fp       , Gs^Fp       , Rp          , Gg          , Gs^Fms      , Gs^Fms      , Gs^Fp       , Gs^Fp       , Gg          , Ww          , Gg          , Gg          , Ww          , Ww          , Gg          , Ww          , Ww          , Ww          , Ww          , Gs^Fp       , Ww          , Gg          , Gg          , Gs^Fp       , Gg          , Ch          , Ch          , Gg          , Gg          , Gg          , Re^Gvs      , Re^Gvs      , Re^Gvs      , Re^Gvs      , Re^Gvs      , Rp          , Rp          , Gg          , Ww          , Ww          , Gg          
Gs^Fp       , Gs^Fp       , Gg          , Gg          , Gg          , Gs^Fp       , Gs^Fp       , Gg          , Gg          , Gg          , Gg          , Gg          , Rp          , Gs^Fms      , Gg          , Gg          , Ww          , Ww          , Ww          , Ww          , Ww          , Ww          , Ww          , Ww          , Ww          , Ww          , Gs^Fp       , Gs^Fp       , Gs^Fp       , Gs^Fp       , Gg          , Gg          , Gs^Fp       , Gs^Fp       , Gs^Fp       , Gg          , Re^Gvs      , Re^Gvs      , Re^Gvs      , Gg^Wm       , Gg          , Re^Gvs      , Rp          , Rp          , Rd^Gvs      , Rd^Gvs      , Rd^Gvs      , Gg^Wm       , Gg          , Ww          
Gg          , Gg          , Gg          , Gg          , Gg          , Gg          , Ww          , Ww          , Ww          , Gg          , Ww          , Gg          , Ww          , Rp          , Ww^Bw\      , Ww          , Ww          , Ww          , Gg^Vh       , Ww          , Gg          , Ww          , Gg          , Ww          , Gg          , Gg          , Gg          , Gs^Fp       , Gg          , Gs^Fp       , Gs^Fp       , Ch          , Gs^Fp       , Gs^Fmf      , Gs^Fdf      , Re^Gvs      , Re^Gvs      , Re^Gvs      , Re^Gvs      , Re^Gvs      , Rp          , Rp          , Gg          , Rd^Gvs      , Rd^Gvs      , Rd^Gvs      , Rd^Gvs      , Rd^Gvs      , Gg          , Gg          
Ww          , Gg          , Ww          , Ww          , Ww          , Ww          , Ww          , Ww          , Ww          , Ww          , Ww          , Ww          , Ww          , Ww          , Ww          , Ww^Bw\      , Gg          , Gg          , Re          , Gg          , Re          , Gg          , Gg          , Gg          , Gg          , Gg          , Gg          , Gg          , Gg          , Gg          , Ch          , Ch          , Gs^Fp       , Gs^Fmf      , Gs^Fp       , Gg          , Gg^Vh       , Re^Gvs      , Rp          , Rp          , Re^Gvs      , Re^Gvs      , Re^Gvs      , Gg          , Gg^Wm       , Rd^Gvs      , Gg          , Gg          , Rd^Gvs      , Rd^Gvs      
Ww          , Ww          , Ww          , Ww          , Ww          , Ww          , Gs^Fp       , Ww          , Gs^Fp       , Ww          , Gs^Fp       , Ww          , Gs^Fms      , Ww          , Gg          , Gg          , Re          , Gg          , Gg          , Re          , Gs^Fp       , Re          , Gs^Fp       , Re          , Gg          , Re          , Re          , Gg          , Gs^Fp       , Gg          , Rp          , Gg          , Rp          , Gs^Fp       , Rp          , Rp          , Rp          , Rp          , Gg^Vh       , Re^Gvs      , Re^Gvs      , Re^Gvs      , Re^Gvs      , Re^Gvs      , Gg          , Gg          , Gg          , Rd^Gvs      , Rd^Gvs      , Rd^Gvs      
Ww          , Ww          , Gs^Fp       , Ww          , Gg          , Gg^Vh       , Ggf         , Gs^Fp       , Gg          , Gs^Fp       , Gs^Fms      , Gs^Fms      , Gs^Fms      , Gs^Fp       , Gg          , Re          , Re          , Ggf         , Gg          , Gg          , Gs^Fp       , Gs^Fp       , Gs^Fp       , Gg          , Hh          , Gg          , Gg          , Re          , Re          , Rp          , Gg          , Rp          , Gg          , Rp          , Hh          , Ggf         , Gg          , Rp          , Ggf         , Gg          , Gg          , Re^Gvs      , Gg^Wm       , Gg          , Rd^Gvs      , Rd^Gvs      , Rd^Gvs      , Gg          , Gg          , Rd^Gvs      
Gs^Fp       , Gs^Fp       , Gg^Fet      , Gs^Fp       , Gs^Fp       , Gg          , Gg          , Ggf         , Gg          , Gg          , Gg          , Gg          , Gg          , Gg          , Gg^Vh       , Gg          , Gg          , Ggf         , Ggf         , Gs^Fp       , Gg^Fet      , Gs^Fp       , Hh          , Hh          , Gg          , Gg          , Gg^Vh       , Re          , Gg          , Gs^Fp       , Gg          , Ch          , Ch          , Gg          , Hh          , Hh          , Gg          , Rp          , Ggf         , Gg          , Ggf         , Gg          , Gg          , Rd^Gvs      , Rd^Gvs      , Rd^Gvs      , Rd^Gvs      , Rd^Gvs      , Gg^Wm       , Gg          
Gs^Fms      , Gs^Fp       , Gs^Fp       , Gs^Fp       , Hh          , Gs^Fp       , Gs^Fp       , Gg          , Ggf         , Gs^Fds      , Gg          , Ggf         , Gg          , Gg          , Gg          , Re          , Ggf         , Gg          , Ggf         , Gs^Fp       , Gs^Fp       , Gs^Fp       , Hh          , Hh          , Gg          , Gg          , Gg          , Re          , Gs^Fds      , Gs^Fds      , Hh          , Gg          , Gg          , Ch          , Gs^Fp       , Hh          , Hh          , Gg          , Gs^Fp       , Gg          , Gg          , Gs^Fp       , Gs^Fp       , Gg          , Ggf         , Rd^Gvs      , Gg          , Gg          , Re^Gvs      , Re^Gvs      
Gs^Fds      , Gs^Fms      , Gs^Fms      , Gs^Fms      , Hh          , Hh          , Gs^Fms      , Gg          , Gg          , Gg          , Gg          , Gs^Fp       , Gs^Fp       , Gs^Fds      , Gg          , Gg          , Ggf         , Ggf         , Ggf         , Ggf         , Gg          , Gs^Fp       , Hh          , Hh          , Gg          , Gg          , Gg          , Re          , Gs^Fp       , Gs^Fp       , Gg          , Hh          , Hh          , Ch          , Ch          , Hh          , Gs^Fp       , Gg          , Ch          , Gs^Fp       , Gs^Fp       , Gs^Fmf      , Gs^Fmf      , Gs^Fp       , Ggf         , Ggf         , Gg          , Re^Gvs      , Re^Gvs      , Re^Gvs      
Gs^Fds      , Gs^Fp       , Hh          , Gs^Fds      , Hh          , Gs^Fms      , Hh          , Hh          , Gs^Fp       , Gg          , Gg          , Gs^Fp       , Gs^Fp       , Gs^Fp       , Re          , Re          , Gg          , Gg          , Gs^Fp       , Gg          , Hh          , Hh          , Hh          , Hh          , Gs^Fp       , Gs^Fp       , Gs^Fp       , Re          , Re          , Gs^Fp       , Gg          , Hh          , Hh^Vhh      , Hh          , Hh          , Hh          , Gs^Fmf      , Gs^Fp       , Gs^Fmf      , Ch          , Gs^Fp       , Gs^Fmf      , Ch          , Ch          , Ch          , Gs^Fp       , Ch          , Gg          , Gg          , Re^Gvs      
Hh          , Hh          , Hh          , Hh^Vhh      , Hh          , Gs^Fms      , Gs^Fp       , Gs^Fp       , Gs^Fds      , Gs^Fp       , Gs^Fp       , Gs^Fp       , Re          , Re          , Ggf         , Gg          , Gs^Fp       , Gg^Fet      , Gs^Fp       , Gs^Fp       , Gs^Fp       , Hh          , Hh          , Gs^Fp       , Gs^Fp       , Gs^Fds      , Gs^Fp       , Gs^Fp       , Gs^Fp       , Re          , Gs^Fp       , Gg          , Hh          , Hh          , Hh          , Gs^Fp       , Gs^Fdf      , Gs^Fmf      , Gs^Fmf      , Gs^Fp       , Gs^Fp       , Gs^Fp       , Gs^Fp       , Gs^Fp       , Gs^Fp       , Ch          , Gs^Fp       , Ch          , Gs^Fp       , Gg          
Gs^Fp       , Gs^Fp       , Gs^Fp       , Hh          , Hh          , Gs^Fp       , Gs^Fp       , Gs^Fms      , Gs^Fp       , Gs^Fp       , Re          , Re          , Gg          , Gg          , Gs^Fp       , Gg          , Gg          , Gs^Fp       , Gs^Fp       , Gg^Vh       , Gs^Fp       , Hh          , Hh          , Gs^Fp       , Gs^Fp       , Gs^Fds      , Gs^Fp       , Gs^Fp       , Gg          , Re          , Gg          , Gs^Fp       , Gs^Fp       , Gs^Fp       , Gs^Fp       , Gs^Fp       , Gs^Fmf      , Gs^Fmf      , Hh          , Hh          , Hh          , Hh          , Hh          , Hh          , Hh          , Hh          , Hh          , Gs^Fp       , Gs^Fp       , Ch          
Gs^Fmf      , Gs^Fmf      , Gs^Fp       , Gs^Fmf      , Gs^Fp       , Hh          , Hh          , Gs^Fp       , Gg          , Gg          , Re          , Gg          , Hh          , Gs^Fp       , Gs^Fp       , Gs^Fp       , Gs^Fp       , Gs^Fp       , Hh          , Gs^Fp       , Gs^Fp       , Gs^Fp       , Gs^Fmf      , Gs^Fmf      , Gs^Fp       , Gs^Fp       , Gs^Fp       , Gg          , Gg          , Re          , Gg          , Gs^Fp       , Gs^Fp       , Gs^Fp       , Gg^Fet      , Gs^Fp       , Gs^Fp       , Gs^Fp       , Gg          , Hh          , Gg          , Hh^Vhh      , Gg          , Hh          , Gg          , Hh          , Hh          , Gs^Fp       , Gs^Fp       , Gs^Fp       
Gg          , Gs^Fp       , Gs^Fmw      , Gs^Fmf      , Gs^Fp       , Gg          , Gs^Fmf      , Gs^Fp       , Gs^Fp       , Gs^Fp       , Re          , Gs^Fmf      , Gs^Fp       , Hh          , Hh          , Gs^Fmf      , Gs^Fp       , Gs^Fp       , Hh          , Hh          , Gs^Fp       , Gs^Fp       , Gs^Fmf      , Gs^Fmf      , Gs^Fp       , Gs^Fp       , Gg          , Ggf         , Gg          , Gg          , Gg          , Gs^Fp       , Gs^Fp       , Gs^Fp       , Gs^Fp       , Gs^Fp       , Gg          , Gg          , Gg          , Gg          , Gg          , Gg          , Ggf         , Gg          , Gg          , Hh          , Hh          , Hh          , Gs^Fmf      , Gs^Fp       
Aa          , Aa          , Gg^Fmw      , Gg^Fmw      , Gg          , Gs^Fp       , Gs^Fp       , Gs^Fmf      , Gs^Fp       , Gs^Fp       , Gs^Fmf      , Re          , Gs^Fp       , Hh          , Gg          , Gs^Fp       , Gg          , Hh          , Hh          , Gs^Fp       , Gs^Fp       , Gs^Fdf      , Gs^Fdf      , Gs^Fmf      , Gs^Fp       , Gg          , Gg          , Ggf         , Gg          , Re          , Gg          , Gs^Fp       , Gs^Fp       , Gs^Fp       , Gs^Fp       , Gg          , Gs^Fp       , Gg          , Gs^Fdf      , Gg          , Ggf         , Gg          , Gs          , Gg          , Gg          , Hh          , Gs^Fdf      , Hh^Fdf      , Hh          , Hh          
Ha          , Aa^Fmw      , Aa          , Gg          , Gg          , Gs^Fp       , Gg^Vh       , Gs^Fp       , Gg          , Gs^Fmf      , Gs          , Re          , Ggf         , Gg          , Gg          , Gg          , Gs^Fmf      , Hh          , Gs^Fp       , Gs^Fmf      , Gs^Fmf      , Gs^Fp       , Gs^Fmf      , Gg          , Gg          , Gg          , Ggf         , Gg          , Gg          , Re          , Re          , Gs^Fp       , Gs^Fp       , Gs^Fp       , Gg          , Gg          , Gs^Fp       , Gs^Fp       , Gs^Fmf      , Gs^Fdf      , Gg          , Ggf         , Gg          , Gs          , Gg          , Gs^Fp       , Gs^Fdf      , Gs^Fmf      , Hh          , Hh          
Ha          , Aa          , Aa^Fmw      , Aa          , Aa^Fdw      , Gg          , Gg          , Gg          , Gs          , Gs          , Re          , Re          , Ggf         , Gg          , Gs^Fp       , Gs^Fp       , Gs^Fmf      , Gs^Fmf      , Gs^Fmf      , Gs^Fmf      , Gs^Fdf      , Gg^Vh       , Gs^Fp       , Gg          , Gg          , Gg          , Ggf         , Gs^Fp       , Gs^Fp       , Gs^Fp       , Gs^Fp       , Re          , Gg          , Gg          , Gg          , Gg          , Gg          , Gs^Fp       , Gs^Fp       , Gs^Fmf      , Gg^Fmw      , Gg          , Gg          , Gs          , Gs          , Gg^Vh       , Gs          , Gs^Fmf      , Gs^Fp       , Gs^Fp       
Ms          , Ha          , Ha          , Aa          , Aa          , Gg          , Gg          , Gs          , Ce          , Ce          , Ce          , Gs          , Gg^Vh       , Gg          , Aa          , Gs^Fp       , Aa^Fmw      , Gs^Fp       , Gs^Fmf      , Gs^Fmf      , Gs^Fp       , Gs^Fp       , Gs^Fmf      , Gg          , Gs^Fp       , Gs^Fp       , Gs^Fp       , Ggf         , Gs^Fp       , Gs^Fp       , Gs^Fp       , Gg          , Gg          , Re          , Gg          , Re          , Re          , Gs^Fp       , Re          , Gs^Fdf      , Gs^Fmw      , Gg^Fmw      , Gs^Fmw      , Gs          , Gs          , Gs          , Gs          , Gs          , Gs^Fp       , Gs^Fp       
Ms          , Ms          , Ms^Vhha     , Ms          , Ms          , Aa^Fdw      , Aa          , Gg          , Ce          , 1 Ke        , Ce          , Gs          , Aa          , Aa          , Ha          , Aa          , Ha          , Aa^Fmw      , Aa^Fdw      , Gs^Fmf      , Gs^Fmf      , Gs^Fmf      , Gs^Fmf      , Gs^Fmf      , Gs^Fp       , Gs^Fp       , Gs^Fmf      , Gs^Fp       , Gs^Fp       , Gs^Fp       , Gs^Fp       , Gg          , Gg          , Gg          , Gg          , Gg          , Gs^Fp       , Re          , Gs^Fmf      , Re          , Re          , Gs          , Gs          , Gs          , Gs          , Gs          , Gs          , Gs          , Gs          , Gs^Fp       
Ms          , Ms          , Ms          , Ms          , Aa^Fmw      , Ha          , Aa          , Re          , Re          , Ce          , Gs          , Aa          , Aa          , Aa^Fpa      , Ha          , Ms          , Ms          , Ha          , Ha          , Gs^Fmf      , Aa^Fmw      , Gs^Fmf      , Gs^Fmf      , Gs^Fmf      , Gs^Fmf      , Gs^Fmf      , Gs^Fp       , Gs^Fmf      , Gs^Fp       , Gs^Fp       , Gg          , Gg          , Gg          , Gs^Fp       , Gs^Fp       , Gs^Fp       , Gg^Vh       , Gs^Fmw      , Gs^Fmw      , Gs          , Gs          , Re          , Gs          , Gs          , Ce          , Ce          , Ce          , Gs          , Gs          , Gs^Fp       
Aa^Fpa      , Ha          , Ha          , Ha          , Aa^Fmw      , Ha          , Aa          , Re          , Aa          , Aa          , Aa^Fdw      , Aa          , Aa^Fmw      , Aa^Fmw      , Ha          , Ms          , Ms^Vhha     , Ms          , Ha          , Aa^Fmw      , Aa^Fdw      , Aa^Fmw      , Gs^Fmf      , Gs^Fp       , Gs^Fp       , Gs^Fp       , Gg          , Gs^Fp       , Gg          , Gg          , Gs^Fp       , Gg          , Gs^Fp       , Gg          , Gg          , Gg          , Gg          , Gs^Fdw      , Gs          , Gs          , Gg^Vh       , Gs          , Gs          , Ce          , Ce          , 3 Ke        , Ce          , Ce          , Gs          , Gs          
Aa^Fpa      , Aa^Fpa      , Aa^Fpa      , Aa^Fpa      , Aa^Fdw      , Aa          , Aa          , Aa^Fdw      , Ha          , Aa^Fdw      , Ha          , Ha          , Ha          , Ha          , Ha          , Ms          , Ms          , Ms          , Ha          , Aa^Fmw      , Aa^Fmw      , Aa^Fdw      , Gs^Fmf      , Gs^Fmf      , Gs^Fp       , Gg          , Gg          , Gg          , Gg^Vh       , Gg          , Gs^Fp       , Gs^Fp       , Gs^Fp       , Gg          , Gs^Fp       , Gg          , Gs          , Gs          , Gs          , Gs^Fmw      , Gs          , Gs          , Gs^Fmw      , Gs          , Gs          , Ce          , Gs          , Gs          , Gs          , Gs          
Ms          , Aa^Fpa      , Aa^Fpa      , Aa^Fdw      , Aa^Fdw      , Aa^Fdw      , Aa^Fpa      , Ha          , Ha          , Ms^Vhha     , Ms          , Ha          , Ms          , Ms          , Ms          , Ms          , Ms          , Ha          , Ms          , Aa^Fmw      , Aa^Fdw      , Ms          , Aa^Fmw      , Aa^Fmw      , Gs^Fp       , Gg          , Gg          , Gg          , Gg          , Gg^Fmw      , Gs^Fp       , Gs^Fp       , Gs^Fp       , Gs^Fp       , Gs^Fmf      , Gs          , Gs          , Gs          , Gs^Fp       , Gs          , Gs^Fmw      , Gs^Fdw      , Gs          , Gs          , Gs          , Gs          , Gs          , Gs          , Gs^Fp       , Gs^Fp       
Ha          , Aa^Fpa      , Ha          , Aa^Fpa      , Ha          , Ms          , Ha          , Ha          , Ms          , Ms          , Ms          , Ms          , Mm^Xm       , Ms          , Mm^Xm       , Ms          , Ms          , Ms          , Mm^Xm       , Ms          , Ha          , Ha          , Ha          , Aa^Fmw      , Aa^Fmw      , Gg          , Aa          , Gg          , Aa^Fmw      , Gg^Fmw      , Gs^Fmf      , Gs^Fmf      , Gs^Fdf      , Gs^Fmf      , Gs^Fmf      , Gs^Fp       , Gs^Fp       , Gs^Fmf      , Gs^Fdf      , Gs^Fmw      , Gs^Fmw      , Gs^Fmw      , Gs^Fp       , Gs          , Gg^Vh       , Gs^Fp       , Gs^Fp       , Gs          , Gs^Fp       , Gs^Fp       
Gg          , Ms          , Ms          , Ms          , Ms          , Ha          , Ms          , Ms          , Ms          , Ms          , Mm^Xm       , Mm^Xm       , Mm^Xm       , Mm^Xm       , Mm^Xm       , Mm^Xm       , Mm^Xm       , Mm^Xm       , Mm^Xm       , Mm^Xm       , Mm^Xm       , Mm^Xm       , Mm^Xm       , Mm^Xm       , Mm^Xm       , Ha          , Ha          , Aa^Fmw      , Aa^Fmw      , Gs^Fmf      , Gs^Fmf      , Gs^Fmf      , Gs^Fp       , Gs^Fdf      , Gs^Fmf      , Gs^Fp       , Gs^Fp       , Gs^Fmf      , Gs^Fp       , Gs^Fdf      , Gs^Fp       , Gs^Fp       , Gs^Fp       , Gs^Fp       , Gs^Fp       , Gs^Fp       , Gs^Fp       , Gs^Fp       , Gs^Fp       , Gs^Fp       
