border_size=1
usage=map

Wo          , Wo          , Ww          , Ww          , Ww          , Ds          , Ds          , Gs^Fms      , Gs^Fms      , Re^Gvs      , Re^Gvs      , Re^Gvs      , Rr          , Gs^Fp       , Gs^Fmw      , Gs^Fmw      , Gs^Fms      , Gs^Fp       , Gs^Fp       , Gs^Fmw      , Ggf         , Ggf         , Rr          , Rr          , Gs^Fp       , Re^Gvs      , Re^Gvs      , Re^Gvs      , Rr          , Re^Gvs      , Re^Gvs      , Re^Gvs      , Gs^Fp       , Gg          , Gg          , Gg          , Chw         , Gs^Fp       , Gs^Fp       , Gs^Fp       , Ww          , Ww          , Ww          , Ww          , Ww          , Ww          , Gs^Fdw      , Gg          , Gs^Fp       , Gs^Fp       , Gs^Fp       , Gs^Fdw      , Gs^Fp       , Gs^Fp       , Gs^Fdw      , Gs^Fp       , Gs^Fp       
Wo          , Wo          , Ww          , Ww          , Ww          , Ds          , Ch          , Ds          , Gg^Wm       , Re^Gvs      , Re^Gvs      , Re^Gvs      , Rr          , Rp^Vhc      , Ch          , Gs^Fms      , Gg^Vh       , Gs^Fmw      , Gs^Fms      , Gs^Fp       , Rr          , Rr          , Gg          , Gg          , Gg          , Re^Gvs      , Re^Gvs      , Re^Gvs      , Rr          , Gg          , Gs^Fp       , Gs^Fp       , Gs^Fp       , Gs^Fp       , Ds          , Ggf         , Ww          , Gs^Fp       , Wwf         , Wwf         , Ww          , Wwf         , Gg          , Wwf         , Ss          , Gs^Fms      , Gg          , Gs^Fms      , Gs^Fms      , Gs^Fp       , Gs^Vht      , Gs^Fmw      , Gs^Fmw      , Gs^Fms      , Gs^Fms      , Gs^Fp       , Gs^Fp       
Wo          , Wo          , Wo          , Ww          , Ww          , Ww^Bw/      , Ds          , Ds          , Gg          , Re^Gvs      , Re^Gvs      , Re^Gvs      , Rr          , Ch          , 2 Kh        , Ch          , Gs^Fp       , Gs^Fp       , Rr          , Rr          , Ggf         , Gg          , Gs^Fmw      , Gs^Fp       , Gg          , Gg          , Gg          , Gg          , Rr          , Gg          , Ds          , Ds          , Ww          , Ww          , Ww          , Ww          , Ww          , Ww          , Ww          , Ww          , Gg          , Gg          , Gs^Fms      , Gs^Fms      , Ss          , Gs^Fms      , Ss          , Gs^Fms      , Gs^Fdw      , Gs^Fdw      , Gs^Fp       , Gs^Fms      , Gs^Fmw      , Gs^Fp       , Gs^Fdw      , Gs^Fp       , Gs^Fdw      
Wo          , Wo          , Wo          , Ww          , Ww          , Ww          , Ww^Bw/      , Ch          , Ds          , Gg^Wm       , Re^Gvs      , Re^Gvs      , Rr          , Ch          , Ch          , Ch          , Rr          , Rr          , Gg          , Gg          , Gs^Fmw      , Gs^Fp       , Gs^Fmw      , Gs^Fp       , Ds          , Ds          , Ds          , Gg          , Rr          , Ds          , Ww          , Ww          , Ww          , Ww          , Wwf         , Ww          , Gs^Fp       , Ww          , Ss          , Ss          , Chs         , Gg          , Gs^Fms      , Gs^Fp       , Gs^Fms      , Ss^Vhs      , Ss          , Gs^Fp       , Chs         , Chr         , Chr         , Gs^Fp       , Gs^Fp       , Gs^Fp       , Gs^Fms      , Gs^Fms      , Gs^Fdw      
Wo          , Wo          , Wo          , Wo          , Ww          , Ww          , Ww          , Ds          , Ww          , Gg          , Gg^Vh       , Re^Gvs      , Rr          , Rr          , Rr          , Rr          , Rr          , Ch          , Rp^Vhc      , Gg          , Gs^Fp       , Gs^Fp       , Ds          , Ds          , Wwf         , Wwf         , Ww          , Ww          , Ww^Bw|      , Ww          , Ww          , Ww          , Ds          , Ds          , Gg          , Gg          , Gg          , Gg          , Ch          , Ss          , Ss          , Ss          , Ss          , Gs^Fp       , Gs^Fp       , Ss          , Ss          , Chs         , Chs         , 5 Khs       , Chr         , Gs^Fdw      , Gs^Vht      , Gs^Fp       , Gs^Fp       , Gs^Fms      , Gs^Fms      
Wo          , Wo          , Wo          , Wo          , Ww          , Ww          , Ww          , Ww          , Ww          , Ww          , Ww          , Ww          , Ww^Bw|      , Rr          , Rr          , Rr          , Gg          , Rr          , Rr          , Gs^Fp       , Gg          , Ds          , Wwf         , Ww          , Ww          , Ww          , Ww          , Ww          , Ww^Bw|      , Ww          , Ww          , Ww          , Ds          , Ds          , Gg          , Gg          , Gg          , Gg          , Gs^Fp       , Gs^Fp       , Gs^Fp       , Ss          , Ss          , Ss          , Ss          , Ss          , Ss^Vhs      , Ss          , Chs         , Chr         , Gs^Fdw      , Gs^Fp       , Gs^Fp       , Gs^Fmw      , Gs^Fms      , Gs^Fp       , Gs^Fp       
Wo          , Wo          , Wo          , Wo          , Ww          , Ww          , Ww          , Ww          , Ds          , Ww          , Ds          , Ww          , Ww^Bw|      , Ww          , Ww          , Gg          , Ch          , Gg          , Ch          , Rr          , Rr          , Ds          , Ww          , Ds          , Ww          , Ds          , Ds          , Ww          , Rr          , Ww          , Ggf         , Ds          , Gg          , Gg          , Gg          , Gg^Vc       , Gg          , Gg          , Ss          , Gs^Fmw      , Ss          , Gs^Fmw      , Ss          , Ss^Vhs      , Ss          , Ss          , Ss          , Ss          , Gs^Fmw      , Gs^Fmw      , Gs^Fdw      , Gs^Fms      , Gs^Fmw      , Gs^Fmw      , Gs^Fms      , Gs^Fp       , Gs^Fp       
Wo          , Wo          , Wo          , Wo          , Ww          , Ww          , Ww          , Ww          , Ch          , Ds          , Rp^Vhc      , Ds          , Rr          , Ds          , Ch          , Ww          , Ww          , Gg          , Ds          , Ds          , Ww          , Ww^Bw\      , Ww^Bw\      , Ww          , Ch          , Ds          , Rp^Vhc      , Rr          , Wwf         , Rr          , Ggf         , Gg          , Gs^Fp       , Gs^Fp       , Gs^Fp       , Gs^Fp       , Gs^Fp       , Gs^Fmw      , Ss          , Ss          , Ss          , Ss          , Ss          , Ss          , Gs^Fmw      , Gs^Fmw      , Ss          , Gg          , Gs^Fp       , Gs^Fp       , Gs^Fp       , Gs^Vht      , Gs^Fmw      , Gs^Fmw      , Gs^Fdw      , Gs^Fms      , Gs^Fms      
Wo          , Wo          , Wo          , Wo          , Wo          , Ww          , Ww          , Ww^Bw\      , Ch          , Rr          , Rr          , Rr          , Rr          , Rr          , Ds          , Ds          , Ww          , Ds          , Ww          , Ww          , Ww          , Ww          , Ww          , Ww^Bw\      , Ch          , Rr          , Rr          , Wwf         , Wwf         , Rr          , Ggf         , Gg          , Gg          , Gs^Ft       , Gs^Ft       , Gs^Ft       , Gs^Fp       , Gs^Fmw      , Ch          , Gs^Fp       , Gg          , Gs^Fp       , Gs^Fp       , Gs^Fp       , Gs^Fp       , Gs^Fp       , Gs^Fmw      , Gg          , Gg          , Gg          , Gs^Fds      , Gs^Fp       , Gs^Fmw      , Gs^Fmw      , Gs^Fdw      , Gs^Fds      , Gs^Fms      
Wo          , Wo          , Wo          , Wo          , Wo          , Ww          , Ww          , Ww^Bw/      , Wwf         , Ds          , Ds          , Ch          , Ch          , Ch          , Wwf         , Wwf         , Ds          , Ww          , Wwr         , Wwr         , Ds          , Ds          , Wwf         , Ww          , Ds          , Ggf         , Ggf         , Rr          , Rr          , Rr          , Ggf         , Gg          , Gg          , Ggf         , Gs^Ft       , Gs^Ft       , Gg          , Gs^Fp       , Gg          , Gg          , Gg          , Gg          , Gg          , Gg          , Gg          , Gg          , Gg          , Gg          , Gs^Fp       , Gg          , Gs^Fmw      , Gs^Fds      , Gs^Fms      , Gs^Fms      , Gs^Fms      , Gs^Fp       , Gs^Fms      
Wo          , Wo          , Wo          , Wo          , Wo          , Wo          , Ww          , Ww          , Ch          , Wwf         , Ww          , Ww          , Ww^Bw|      , Ww          , Ww          , Ds          , Ww          , Ww          , Ds          , Wwr         , Wwr         , Wwr         , Wwr         , Wwf         , Ds          , Gs^Fp       , Gs^Fp       , Ggf         , Ggf         , Rr          , Rp^Vhc      , Gg          , Gs^Fp       , Gg          , Gg          , Gs^Ft       , Gg          , Gg          , Gg          , Gg          , Gg          , Gg^Wm       , Gg          , Gg          , Re          , Re          , Re          , Gg          , Gg          , Gg          , Gs^Fp       , Gs^Fds      , Gs^Fp       , Gs^Fms      , Gs^Fp       , Gs^Fms      , Gs^Fp       
Wo          , Wo          , Wo          , Wo          , Wo          , Wo          , Ww          , Ww          , Ch          , Ww          , Ww          , Ww          , Ww^Bw|      , Ww          , Ww          , Ds          , Ww          , Ww          , Wwr         , Wwf         , Ww          , Ds          , Wwr         , Wwf         , Ww          , Ds          , Gs^Fp       , Gs^Fp       , Ggf         , Rr          , Rr          , Gg          , Gs^Fms      , Gg          , Gs^Fp       , Gg          , Hh          , Gg          , Hh          , Hh          , Gg          , Gg          , Re          , Re^Gvs      , Re          , Re          , Gg          , Gg          , Re^Gvs      , Gg          , Gg          , Gg          , Gg          , Gs^Fp       , Gs^Fp       , Gs^Fp       , Gs^Fp       
Wo          , Wo          , Wo          , Wo          , Ww          , Ww          , Ww          , Ww          , Ww          , Ww          , Ch          , Ww          , Rr          , Ww          , Ww          , Wwf         , Wwf         , Ww          , Ww          , Ww          , Wo          , Ww          , Wwr         , Ww          , Ww          , Ch          , Gs^Fp       , Gg^Vh       , Ggf         , Rp          , Rp          , Gg          , Gg          , Gs^Fp       , Gs^Fms      , Gs^Fp       , Gs^Fp       , Hh          , Hh          , Ch          , Gg          , Re^Gvs      , Re          , Re          , Gg          , Gg          , Re^Gvs      , Re          , Re^Gvs      , Re          , Gg          , Gs^Fp       , Gs^Fp       , Gg          , Gs^Fp       , Gs^Fp       , Gg          
Wo          , Wo          , Wo          , Wo          , Ww          , Ww          , Ww          , Ww          , Ww          , Ww          , Ch          , Rp^Vhc      , 4 Kh        , Rp^Vhc      , Ch          , Ww          , Ww          , Ww          , Wo          , Wo          , Ww          , Ww          , Wwr         , Ww          , Ds          , Ds          , Gg          , Gg          , Ggf         , Rp          , Rp          , Gg^Vh       , Gg          , Gs^Ft       , Gs^Fms      , Gs^Fp       , Gs^Fp       , Gg          , Hh          , Hh          , Gg          , Gg          , Gg          , Gg          , Gg^Wm       , Gg          , Re          , Re          , Gg^Vh       , Gg          , Gg          , Gs^Fp       , Gg          , Gg          , Gs^Fp       , Gg          , Gg          
Wo          , Wo          , Wo          , Ww          , Ww          , Ww          , Ww          , Wwr         , Wwr         , Ww          , Ww          , Ch          , Ch          , Ch          , Wo          , Ww          , Wo          , Wo          , Wo          , Wo          , Wo          , Ww          , Ww          , Ww          , Ch          , Gg          , Ch          , Ch          , Ch          , Rr          , Rp          , Gg          , Gs^Fp       , Gs^Fms      , Gs^Fms      , Gs^Ft       , Gs^Fp       , Gg          , Hh          , Hh          , Gg          , Gg          , Re^Gvs      , Gg          , Gg          , Gg          , Gg          , Gg          , Gg          , Gg          , Gs^Fds      , Gg          , Gg          , Gg          , Gg          , Gg          , Gg          
Wo          , Wo          , Wo          , Wo          , Wo          , Wo          , Ww          , Wwr         , Wwr         , Ch          , Ww          , Ww          , Ww          , Ww          , Wo          , Wo          , Wo          , Ch          , Ww          , Wo          , Wo          , Wo          , Ch          , Ww          , Ds          , Gg          , Ch          , 3 Kh        , Ch          , Rr          , Rp          , Rp^Vhc      , Gg          , Gs^Ft       , Gs^Ft       , Gs^Ft       , Gg          , Gg          , Gg          , Ch          , Gg          , Re^Gvs      , Re          , Re          , Re          , Gg          , Gg          , Gg          , Gg          , Gs^Fds      , Re^Gvs      , Gs^Fds      , Gs^Fds      , Gg          , Gg          , Hh          , Hh          
Wo          , Wo          , Wo          , Wo          , Wo          , Wo          , Ww          , Wwr         , Ww          , Wwr         , Wwr         , Ww          , Ch          , Wwr         , Wo          , Wo          , Wo          , Ww          , Ww          , Ww          , Ch          , Wo          , Wo          , Ww          , Ds          , Gg          , Gg          , Ch          , Gs^Fp       , Rr          , Rr          , Gg          , Gg          , Gs^Ft       , Gg          , Gs^Ft       , Gs^Fp       , Gg          , Gg          , Gg          , Gg          , Gg          , Gg          , Re          , Re          , Re^Gvs      , Gs^Fds      , Gg^Wm       , Re          , Re^Gvs      , Gs^Fds      , Re          , Re          , Gg          , Gs^Fds      , Hh          , Hh          
Wo          , Wo          , Wo          , Wo          , Wo          , Wo          , Wo          , Ww          , Ww          , Ww          , Ww          , Ww          , Wo          , Wo          , Wo          , Wo          , Wo          , Wwr         , Ww          , Ww          , Ww          , Wo          , Wo          , Wo          , Ww          , Ch          , Ds          , Gs^Fp       , Gs^Fp       , Rp^Vhc      , Gs^Fp       , Rr          , Rr          , Gg          , Gg          , Gg          , Gg          , Gg          , Ch          , Gg          , Gg          , Gg^Wm       , Gg          , Gg          , Gg          , Gs^Fds      , Re^Gvs      , Re          , Gs^Fds      , Gs^Fds      , Re^Gvs      , Re          , Gs^Fds      , Re          , Re          , Hh          , Hh          
Wo          , Wo          , Wo          , Wo          , Wo          , Wo          , Wo          , Wo          , Wo          , Wo          , Wo          , Wo          , Wo          , Wo          , Wo          , Wo          , Wo          , Wo          , Wo          , Wwr         , Ww          , Ww          , Ww          , Ww          , Ww          , Ww          , Ww          , Ds          , Ch          , Gs^Fp       , Gs^Fp       , Gs^Fp       , Gs^Fp       , Rr          , Gs^Ft       , Gs^Ft       , Gs^Ft       , Gg          , Gg          , Gg          , Gg          , Gg          , Gs^Fp       , Gg          , Gg^Vh       , Gg          , Gg          , Gs^Fds      , Re^Gvs      , Re          , Gs^Fds      , Gs^Fds      , Re          , Re          , Hh          , Hh          , Mm          
Wo          , Wo          , Wo          , Wo          , Wo          , Wo          , Wo          , Wo          , Wo          , Wo          , Wo          , Wo          , Wo          , Wo          , Wo          , Wo          , Wo          , Wo          , Wo          , Wwr         , Wwr         , Ww          , Ww          , Ww          , Ww          , Ww          , Ww          , Ww          , Ds          , Ds          , Gg          , Ch          , Gs^Ft       , Rr          , Gg          , Ch          , Gg          , Gg          , Gs^Ft       , Gs^Ft       , Gg          , Gs^Fp       , Gs^Fp       , Gg          , Gg          , Gg          , Hh          , Gg          , Hh          , Gs^Fds      , Re          , Re          , Hh          , Hh          , Mm          , Mm          , Mm          
Wo          , Wo          , Wo          , Wo          , Wo          , Wo          , Wo          , Wo          , Wo          , Wo          , Wo          , Wo          , Wo          , Wo          , Wo          , Wo          , Ww          , Ww          , Ww          , Ww          , Wwr         , Wwr         , Ww          , Wo          , Ww^Vm       , Wo          , Wo          , Ww          , Ds          , Ds          , Gs^Ft       , Gg          , Gs^Ft       , Rr          , Gs^Ft       , Gs^Ft       , Gs^Fp       , Gs^Fp       , Gs^Ft       , Gs^Fp       , Gs^Ft       , Gs^Fp       , Hh          , Hh          , Hh          , Hh          , Hh          , Gg          , Hh          , Gg          , Gs          , Gs          , Hh          , Hh          , Hh          , Mm          , Mm          
Wo          , Wo          , Wo          , Wo          , Wo          , Wo          , Wo          , Wo          , Wo          , Wo          , Wo          , Wo          , Wo          , Wo          , Wo          , Wo          , Wo          , Ww          , Ww          , Wwr         , Wwr         , Wo          , Wwr         , Wwr         , Wo          , Wo          , Wo          , Ww          , Ds          , Gs^Ft       , Gs^Ft       , Gg          , Gg          , Rr          , Gg          , Gs^Ft       , Gs^Vht      , Gs^Ft       , Gs^Ft       , Gs^Fp       , Gs^Ft       , Hh          , Hh          , Hh          , Hh          , Hh          , Gg          , Gg          , Gg          , Hh          , Mm          , Mm          , Mm          , Mm          , Mm          , Mm          , Mm          
Wo          , Wo          , Wo          , Wo          , Wo          , Wo          , Wo          , Wo          , Wo          , Wo          , Wo          , Wo          , Wo          , Wo          , Wo          , Wo          , Wo          , Wo          , Wo          , Wo          , Wo          , Ww          , Wwr         , Ww          , Wo          , Wo          , Wo          , Ww          , Ww          , Ds          , Gs^Ft       , Gs^Ft       , Gs^Ft       , Rr          , Gs^Ft       , Gs^Ft       , Gs^Ft       , Gs^Ft       , Gs^Ft       , Gs^Ft       , Gs^Ft       , Hh          , Hh          , Hh          , Hh          , Hh          , Hh          , Gg          , Mm          , Hh          , Mm          , Mm          , Mm^Xm       , Mm          , Mm          , Mm          , Mm          
Wo          , Wo          , Wo          , Wo          , Wo          , Wo          , Wo          , Wo          , Wo          , Wo          , Wo          , Wo          , Wo          , Wo          , Wo          , Wo          , Wo          , Wo          , Wo          , Wo          , Wo          , Wwr         , Wo          , Wwr         , Wwr         , Wo          , Wo          , Wo          , Ww          , Ds          , Gs^Ft       , Gs^Ft       , Rr          , Rr          , Gs^Ft       , Gs^Ft       , Gs^Ft       , Gs^Ft       , Gg          , Gs^Ft       , Gg          , Gg          , Gg          , Hh          , Hh          , Hh          , Mm^Xm       , Hh          , Mm          , Mm^Vhh      , Mm          , Mm          , Mm          , Mm          , Mm^Xm       , Mm          , Mm          
Wo          , Wo          , Wo          , Wo          , Wo          , Wo          , Wo          , Wo          , Wo          , Wo          , Wo          , Wo          , Wo          , Wo          , Wo          , Wo          , Wo          , Wo          , Wo          , Wo          , Wwr         , Wo          , Wo          , Wwr         , Wo          , Wo          , Ww          , Ww          , Ds          , Ds          , Gs^Ft       , Rr          , Gs^Ft       , Gs^Ft       , Gs^Ft       , Gs^Ft       , Gs          , Gs^Ft       , Gg          , Gg          , Gg          , Gg          , Hh          , Hh          , Hh          , Mm          , Mm          , Mm          , Mm          , Mm          , Mm          , Mm          , Mm^Xm       , Mm^Xm       , Mm^Xm       , Mm^Xm       , Mm          
Wo          , Wo          , Wo          , Wo          , Wo          , Wo          , Wo          , Wo          , Wo          , Wo          , Wo          , Wo          , Wo          , Wo          , Wo          , Wo          , Wo          , Wo          , Wo          , Wwr         , Wo          , Ww^Vm       , Wo          , Wo          , Wo          , Wo          , Ww          , Ds          , Gg          , Gg          , Gg          , Rr          , Rp          , Gs^Ft       , Rp          , Gg          , Gg          , Gs          , Gg          , Gg          , Gs          , Hh          , Hh          , Hh          , Hh          , Mm          , Mm          , Mm          , Mm          , Mm          , Mm^Xm       , Mm          , Mm          , Mm^Xm       , Mm^Xm       , Mm^Xm       , Mm^Xm       
Wo          , Wo          , Wo          , Wo          , Wo          , Wo          , Wo          , Wo          , Wwr         , Wo          , Wwr         , Wwr         , Wwr         , Ww^Vm       , Wo          , Wo          , Wo          , Wo          , Wo          , Wo          , Wwr         , Wwr         , Ds          , Ds          , Ww          , Ww          , Ds          , Ds          , Gs^Ft       , Gs^Ft       , Gg          , Rr          , Rp          , Rp          , Gg          , Rr          , Rr          , Gs          , Gs          , Gg          , Hh          , Hh          , Hh          , Hh          , Mm          , Hh          , Mm          , Mm          , Hh          , Mm          , Mm          , Mm          , Mm          , Mm          , Hh          , Mm          , Mm^Xm       
Wo          , Wo          , Wo          , Wo          , Wo          , Wo          , Wo          , Wo          , Wo          , Ww^Vm       , Wwr         , Wwr         , Chw         , Wo          , Wo          , Wwr         , Wwr         , Wo          , Wwr         , Wo          , Wo          , Ww          , Ww          , Ww          , Ww          , Ds          , Ds          , Gs^Ft       , Gs^Ft       , Gs^Ft       , Gs^Ft       , Rr          , Gg          , Gg          , Gg          , Gg          , Re          , Gs          , Gs          , Hh          , Hh          , Hh^Vc       , Hh          , Hh          , Mm          , Mm          , Mm          , Mm          , Hh          , Hh          , Hh          , Hh          , Hh          , Gs^Fp       , Hh          , Mm          , Mm          
Wo          , Wo          , Wo          , Wo          , Wo          , Wo          , Wo          , Wo          , Wo          , Wo          , Chr         , Chw         , 6 Khw       , Chw         , Wwr         , Wwr         , Wwr         , Ww^Vm       , Wo          , Wo          , Wo          , Ds          , Ww          , Ds          , Ww          , Ds          , Ds          , Gs^Ft       , Gs^Ft       , Gg          , Gs^Ft       , Rr          , Gg          , Gg          , Gg          , Gg          , Gg          , Rr          , Rp          , Hh          , Gs          , Hh          , Gs^Fds      , Hh          , Hh          , Mm          , Hh          , Gs^Fp       , Gs^Fp       , Gs^Fms      , Gs^Fp       , Gs^Fms      , Gs^Fp       , Gs^Fp       , Hh          , Hh          , Mm          
Wo          , Wo          , Wo          , Wo          , Wo          , Wo          , Wo          , Ww          , Wwr         , Wwr         , Chw         , Chw         , Chr         , Chr         , Chr         , Ww          , Ww          , Wwr         , Ww          , Wwr         , Ww          , Ww          , Ds          , Ds          , Ww          , Ds          , Ds          , Gs^Ft       , Gs^Ft       , Gg          , Rr          , Rr          , Gs^Ft       , Gg          , Gg          , Gs^Ft       , Gg          , Gs          , Gs          , Re          , Rp          , Gs          , Re          , Re          , Re          , Gs          , Gs^Vht      , Gs^Fp       , Gs^Fp       , Gs^Fms      , Gs^Fp       , Gs^Fms      , Gs^Fp       , Gs^Fms      , Gs^Fp       , Hh          , Hh          
Wo          , Wo          , Wo          , Wo          , Wo          , Wo          , Wo          , Ww          , Ww          , Wwr         , Wwr         , Ww          , Ww          , Ds          , Ds          , Ww          , Wwf         , Ww          , Wwf         , Wwr         , Ds          , Ww          , Ww          , Ww          , Ss          , Ds          , Ss          , Ds          , Ds          , Rr          , Gs^Ft       , Gg          , Gg          , Gs^Ft       , Gs^Ft       , Gs^Ft       , Gg          , Gs          , Gs          , Gs          , Gs          , Re          , Gs          , Gs          , Gs          , Re          , Re          , Gs          , Ce          , Ce          , Ce          , Gs          , Gs^Vht      , Gs^Fp       , Gs^Fp       , Gs^Fmw      , Gs^Fmw      
Wo          , Wo          , Wo          , Wo          , Wo          , Wo          , Wo          , Ww          , Ww          , Wwr         , Ww^Vm       , Ww          , Wwf         , Ds          , Ds          , Ww          , Ds          , Wwf         , Ds          , Wwf         , Ww          , Ww          , Ds          , Ds          , Ds          , Ss          , Ss          , Ds          , Ds          , Rr          , Gg          , Gs^Ft       , Gg          , Gs^Ft       , Ss          , Gs^Ft       , Hh          , Hh          , Hh          , Hh          , Hh          , Gs          , Hh          , Hh          , Hh          , Gs^Vht      , Gs          , Re          , Ce          , 1 Ke        , Ce          , Re          , Re          , Gs^Fp       , Gs^Fp       , Gs^Fms      , Gs^Fmw      
Wo          , Wo          , Wo          , Wo          , Wo          , Wo          , Wo          , Wo          , Ww          , Ww          , Wwr         , Wwr         , Wwf         , Ww          , Ww          , Ds          , Ds          , Ds          , Ss          , Ds          , Ss          , Ss          , Ds          , Gs^Ft       , Gs^Ft       , Ss^Vm       , Ss          , Gs^Ft       , Rr          , Rr          , Gs^Ft       , Gs^Ft       , Ss          , Ss          , Gs^Ft       , Gs^Ft       , Hh          , Mm          , Mm          , Mm          , Hh          , Hh          , Hh          , Mm          , Mm          , Hh          , Gs^Fds      , Gs          , Gs          , Ce          , Gs          , Re          , Re          , Re          , Re          , Gs          , Gs          
Wo          , Wo          , Wo          , Wo          , Wo          , Wo          , Wo          , Ww          , Ww          , Ww          , Wwr         , Wwr         , Wwf         , Wwf         , Ds          , Ds          , Gs^Ft       , Gs^Ft       , Gs^Ft       , Ss          , Ss          , Ds          , Ss          , Gs^Ft       , Ss          , Ss          , Ss^Bw/      , Ss^Bw/      , Ss          , Gs^Ft       , Ss          , Gs^Ft       , Ss          , Ss          , Gs^Ft       , Hh          , Hh          , Mm          , Mm          , Hh          , Mm          , Mm^Xm       , Mm          , Mm          , Mm          , Hh          , Mm^Vhh      , Gs^Fds      , Gs^Fds      , Ce          , Gs          , Gs          , Gs^Fp       , Re          , Gs          , Re          , Re          
Wo          , Wo          , Wo          , Wo          , Ww          , Wo          , Ww          , Ds          , Ww          , Wwr         , Ww          , Ww          , Wwf         , Ds          , Ds          , Gs^Ft       , Ds          , Gs^Ft       , Gs^Ft       , Ss^Vm       , Ss          , Ss          , Gs^Ft       , Ss          , Gs^Ft       , Ss^Bw|      , Ss          , Ss          , Gs^Ft       , Ss          , Ss          , Ss          , Gs^Ft       , Gs^Ft       , Hh          , Hh          , Mm          , Mm          , Mm^Xm       , Mm          , Mm          , Mm          , Mm          , Mm          , Mm          , Hh          , Hh          , Gs^Fds      , Gs^Fds      , Gs          , Hh          , Gs^Fms      , Gs^Fp       , Gs^Fp       , Gs^Fp       , Gs          , Gs          
Wo          , Wo          , Wo          , Wo          , Wo          , Ww          , Ww          , Ww          , Ds          , Ww          , Ww          , Ww          , Ds          , Ds          , Ds          , Ds          , Ds          , Ds          , Ds          , Gs^Ft       , Gs^Ft       , Gs^Ft       , Gs^Ft       , Gs^Ft       , Rr          , Rr          , Gs^Ft       , Gs^Ft       , Gs^Ft       , Gs^Ft       , Ss          , Ss^Vhs      , Gs^Ft       , Gs^Ft       , Hh          , Hh          , Mm^Xm       , Mm          , Mm          , Mm          , Mm          , Mm          , Mm          , Mm          , Mm^Xm       , Mm          , Mm          , Mm          , Mm          , Hh          , Hh          , Mm          , Mm          , Gs^Fms      , Gs^Fds      , Gs^Fp       , Gs          
Wo          , Wo          , Wo          , Wo          , Ww          , Ww^Vm       , Ww          , Ww          , Ds          , Ds          , Ds          , Ds          , Ds          , Ds          , Gs^Ft       , Ds          , Gs^Ft       , Gs^Ft       , Ds          , Ds          , Rr          , Rr          , Rr          , Rr          , Gs^Ft       , Gs^Ft       , Gs^Ft       , Gs^Ft       , Gs^Ft       , Ss          , Gs^Ft       , Gs^Ft       , Hh          , Hh          , Mm          , Mm          , Mm          , Mm          , Mm^Xm       , Mm          , Mm^Xm       , Mm          , Mm^Xm       , Mm^Xm       , Mm^Xm       , Mm^Xm       , Mm^Xm       , Mm^Xm       , Mm^Xm       , Mm          , Mm          , Hh          , Mm          , Hh          , Mm          , Gs^Fp       , Hh          
Wo          , Wo          , Wo          , Wo          , Ww          , Ww          , Ww          , Ww          , Ww          , Ww          , Ww          , Ds          , Ds          , Ds          , Gg          , Gs^Ft       , Gg          , Gs^Ft       , Rr          , Rr          , Gs^Ft       , Gs^Ft       , Gg          , Gs^Ft       , Gs^Ft       , Gs^Ft       , Gg          , Gs^Ft       , Gs^Ft       , Gs^Ft       , Gs^Ft       , Hh          , Mm          , Mm          , Mm          , Mm          , Mm          , Mm          , Mm          , Mm^Xm       , Mm^Xm       , Mm^Xm       , Mm^Xm       , Mm^Xm       , Mm^Xm       , Mm^Xm       , Mm^Xm       , Mm^Xm       , Mm^Xm       , Mm^Xm       , Mm          , Mm          , Mm          , Hh          , Hh          , Mm          , Hh          
