border_size=1
usage=map

Gs^Fp       , Gs^Fp       , Gg          , Hh          , Gs^Fp       , Gg          , Gg          , Gg          , Hh          , Hh          , Hh          , Gg          , Mm          , Gg          , Hh          , Hh          , Gs          , Gs          , Gs^Fp       , Gg          , Gs^Fp       , Gg          , Gs^Fp       , Gs^Fp       , Gs^Fdw      , Gg          , Re          , Re          , Gs^Fdw      , Gs^Fdw      , Gs^Fdw      , Gg          , Hh          , Hh          , Hh          , Re          , Gs^Fp       , Gs^Fp       , Gs^Fp       , Gg          , Gg          , Gg          
Gg          , Gs^Fp       , Hh          , Hh          , Gs^Fp       , Gg          , Gg          , Hh          , Hh          , Hh          , Hh          , Hh          , Hh          , Mm          , Hh          , Hh          , Gs          , Gs^Fp       , Gs^Fp       , Gs^Fp       , Gs          , Gs^Fp       , Gs^Fmw      , Gs^Fmw      , Gs^Fdw      , Gs^Fdw      , Re          , Re          , Gs^Fdw      , Gs^Fdw      , Re          , Gs^Fdw      , Re          , Hh          , Re          , Re          , Gs^Fdw      , Gs^Fp       , Gs^Fdw      , Gg          , Hh          , Mm          
Gg          , Hh          , Gg          , Gs^Fms      , Gs^Fp       , Hh          , Gs^Fp       , Gg          , Hh          , Gg          , Gg          , Hh          , Mm          , Hh          , Mm          , Hh          , Hh          , Gs          , Gs          , Gs^Fp       , Gs          , Hh          , Hh          , Gs^Fmw      , Gs^Fdw      , Re          , Re          , Gs^Fdw      , Zw^Fdw      , Re          , Yhs         , Re          , Zw^Fdw      , Re          , Zw          , Gs^Fp       , Yhs         , Gs^Fmw      , Gs^Fdw      , Gs^Fp       , Hh          , Mm          
Gg          , Hh          , Gg          , Gg          , Hh          , Hh          , Gs^Fms      , Gg          , Hh          , Gg          , Hh          , Mm          , Mm          , Hh          , Hh          , Mm          , Hh          , Gs          , Gs          , Gs^Fp       , Gs          , Hh          , Hh          , Gs^Fdw      , Zw^Fdw      , Zw^Fdw      , Yhs         , Zw^Fdw      , Zw^Fdw      , Zw^Fdw      , Zw^Fdw      , Yhs^Xp      , Zw^Fdw      , Zw^Fdw      , Zw          , Re          , Re          , Gs^Fmw      , Gs^Fdw      , Gs^Fp       , Hh          , Mm          
Gg          , Gg          , Gs^Fp       , Gs^Fp       , Hh          , Hh          , Gg          , Gs^Fms      , Gs^Fp       , Gg          , Hh          , Hh          , Mm          , Mm          , Hh          , Mm          , Hh          , Gs          , Hh          , Gs          , Hh          , Hh          , Re          , Zw          , Zw^Fdw      , Yhs^Xp      , Ss          , Zw^Fdw      , Zw^Fdw      , Zw          , Yhs         , Zw^Fdw      , Ss          , Zw          , Zw^Fdw      , Zw          , Zw          , Gs^Fmw      , Gs^Fp       , Gs          , Hh          , Hh          
Gg          , Gs^Fms      , Gg          , Hh          , Gg          , Hh          , Gg          , Gs^Fp       , Gg          , Gg          , Gg          , Gg          , Hh          , Hh          , Gs          , Gs          , Hh          , Hh          , Gs          , Hh          , Gg          , Re          , Re          , Zw          , Zw          , Yhs         , Ss          , Ss          , Ss^Bw|      , Yhs         , Chs         , Chs         , Yhs         , Yhs^Xp      , Zw^Fdw      , Zw^Fdw      , Zw          , Zw^Fdw      , Gs^Fdw      , Gs          , Gs^Fp       , Gg          
Gg          , Gs^Fp       , Gg          , Gg          , Hh          , Hh          , Gg          , Hh          , Ww          , Gs^Fp       , Gs^Fp       , Hh          , Mm          , Mm          , Gs          , Gs          , Re          , Re          , Gs          , Re          , Gs^Fdw      , Gs^Fdw      , Ss          , Zw^Fdw      , Yhs         , Yhs^Xp      , Yhs         , Ss          , Ss^Bw|      , Chs         , 3 Khs       , Chs         , Chs         , Yhs         , Yhs         , Zw^Fdw      , Zw^Fdw      , Zw^Fdw      , Gs^Fdw      , Gs^Fdw      , Gs^Fp       , Gs^Fp       
Gg          , Gg          , Gg          , Gg          , Gs^Fp       , Gs^Fms      , Ww          , Ww          , Gg          , Ww          , Ww          , Gg          , Ww          , Hh          , Ww          , Ss          , Ss          , Gs          , Gs^Fdw      , Gs^Fdw      , Ss          , Ss          , Zw^Fdw      , Ss          , Ss          , Ss          , Ss          , Ss          , Ss          , Chs         , Chs         , Yhs         , Yhs         , Ss          , Ss          , Yhs^Xp      , Zw^Fdw      , Gs^Fdw      , Gs          , Gs          , Gs^Fp       , Gg          
Gg          , Gg          , Gs^Fp       , Gg          , Ww          , Ww          , Gg          , Gg          , Gg          , Gg          , Gs^Fms      , Ww          , Ww          , Ww          , Re          , Ss          , Hh^Fdw      , Ss          , Ss^Bw|      , Ss          , Gs          , Gs          , Gs^Fdw      , Zw^Fdw      , Yhs         , Ss          , Yhs^Xp      , Yhs         , Ss^Bw|      , Ss          , Ss          , Ss          , Ss          , Yhs^Xp      , Yhs         , Ss          , Ss          , Ss          , Ss^Bw/      , Gs          , Ss          , Mm          
Gg          , Gg          , Gg          , Ww          , Gg          , Gg          , Gs^Fp       , Gg          , Gg          , Hh          , Gs^Fp       , Gs^Fp       , Gg          , Gg          , Re          , Re          , Hh^Fdw      , Hh          , Gg          , Re          , Hh          , Gs          , Gs          , Zw^Xp       , Zw^Fdw      , Yhs         , Re^Xp       , Yhs         , Zw^Fdw      , Ss          , Zw^Fdw      , Yhs^Xp      , Zw^Fdw      , Zw^Fdw      , Zw          , Zw^Fdw      , Gs^Fdw      , Ss          , Ss          , Ss          , Ss          , Ss          
Gg          , Gg          , Ww          , Ww          , Gg          , Gs^Fp       , Gs^Fms      , Gg          , Gs^Fms      , Gs^Fms      , Gs^Fds      , Gs^Fp       , Gg          , Gs^Fp       , Gs^Fp       , Gg          , Hh          , Hh^Fdw      , Hh          , Gg          , Hh          , Hh          , Gs          , Zw          , Re          , Re          , Zw^Fdw      , Yhs         , Yhs         , Zw^Fdw      , Zw          , Yhs         , Yhs         , Zw^Fdw      , Zw          , Zw          , Hh          , Hh^Fmw      , Ss          , Ss          , Mm          , Ss          
Ww          , Ww          , Gs^Fms      , Gs^Fp       , Gg          , Gs^Fp       , Gs^Fms      , Gg          , Gs^Fms      , Gs^Fds      , Gs^Fp       , Gs^Fp       , Gg          , Gg          , Gg          , Gg          , Gg          , Gg          , Hh          , Gg          , Hh^Fdw      , Gs          , Gs          , Gs          , Re          , Re          , Gs^Fdw      , Zw^Fdw      , Zw          , Zw^Fdw      , Re          , Zw          , Zw^Xp       , Zw          , Hh^Fmw      , Hh          , Ss          , Ss          , Ss          , Mm          , Hh          , Mm          
Gg          , Gs^Fp       , Gg          , Gg          , Gg          , Gs^Fp       , Gg          , Gg          , Gs^Fms      , Gs^Fds      , Gg          , Gs^Fp       , Gg          , Gg          , Re          , Re          , Gg          , Gg          , Gg          , Hh          , Hh^Fdw      , Hh          , Hh^Fdw      , Gs          , Re          , Re          , Re          , Zw          , Re          , Re          , Re          , Zw          , Zw          , Zw          , Hh          , Hh          , Ss          , Ss          , Ss          , Mm          , Hh          , Hh          
Gg          , Gs^Fp       , Gg          , Gg          , Ds          , Ds          , Gg          , Gs^Fp       , Gs^Fp       , Gs^Fp       , Gg          , Gg          , Gg          , Re          , Re          , Re          , Gs^Fp       , Gg          , Gg          , Hh          , Gg          , Hh          , Hh          , Gs          , Re          , Re          , Re          , Hh          , Hh          , Hh          , Hh^Fmw      , Hh          , Re          , Re          , Gs          , Gs          , Gs          , Ss^Bw|      , Hh^Fmw      , Mm          , Gs          , Gs          
Ds          , Gg          , Gg          , Gg          , Ds          , Ds          , Gg          , Gg          , Gg          , Gs^Fp       , Gg          , Gg          , Ds          , Re          , Re          , Gg          , Gs^Fp       , Gs^Fp       , Gs^Fp       , Hh          , Gg          , Gg          , Gs          , Gs          , Re          , Re          , Gs          , Gs          , Gs          , Hh          , Hh^Fmw      , Hh          , Hh          , Re          , Re          , Gs          , Gs          , Gs          , Hh          , Hh          , Gs          , Gs          
Ds          , Gg          , Ds          , Ds          , Ds          , Gg          , Ds          , Gg          , Ds          , Gg          , Ds          , Ds          , Ds          , Ds          , Gg          , Gs^Fp       , Gs^Fp       , Gs^Fp       , Gs^Fp       , Gs^Fp       , Gs^Fp       , Gg          , Gs          , Re          , Gs          , Gs          , Hh          , Gs          , Gs^Fmw      , Gs          , Gs          , Gs          , Gs          , Re          , Re          , Re          , Re          , Gs          , Gs          , Gs^Fp       , Gs          , Gs          
Ww          , Ds          , Ds          , Ds          , Ds          , Ds          , Ds          , Ds          , Ds          , Ds          , Ds          , Ds          , Ds          , Gg          , Gg          , Gs^Fp       , Gg          , Gs^Fp       , Gs^Fms      , Gs^Fds      , Gs^Fp       , Gg          , Gg          , Gs          , Gs          , Hh          , Hh          , Gs          , Gs^Fmw      , Gs^Fmw      , Gg          , Gg          , Gs^Fmw      , Gg          , Gg          , Gs^Fp       , Gs^Fp       , Re          , Gs^Fp       , Gs^Fp       , Gs          , Gs          
Ww          , Ds          , Wwf         , Ds          , Ds          , Ds          , Ww          , Ds          , Ww          , Ds          , Ww          , Ds          , Ds          , Gg          , Ds          , Gg          , Ds          , Gg          , Gg          , Gs^Fms      , Gg          , Gs^Fp       , Gg          , Gg          , Gs^Fp       , Gs          , Gs          , Gs          , Gs^Fp       , Gs^Fmw      , Gg          , Gg          , Gg          , Gg          , Gs^Fmw      , Gs^Fp       , Gs^Fmw      , Re          , Re          , Gs          , Gs^Fmw      , Gs^Fmw      
Ww          , Ww          , Ww          , Wwf         , Ww          , Ww          , Ww          , Ww          , Ww          , Wwf         , Wwf         , Wwf         , Ww          , Ds          , Ds          , Ds          , Ds          , Gg          , Gs^Fp       , Gs^Fms      , Gg          , Gg          , Gg          , Gs^Fp       , Gs^Fmw      , Gs^Fmw      , Gs^Fp       , Gs          , Gs^Fp       , Gs^Fmw      , Gg          , Gg          , Gs^Fmw      , Gs^Fmw      , Gs^Fmw      , Gs^Fp       , Gs^Fmw      , Re          , Gs^Fmw      , Gs^Fp       , Gs          , Gs^Fp       
Ds          , Ww          , Ww          , Ww          , Ww          , Ww          , Wo          , Ww          , Ww          , Ww          , Ww          , Ww          , Ww          , Wwf         , Ds          , Ds          , Ds          , Gg          , Gg          , Gs^Fp       , Gg          , Gg          , Gg          , Gs^Fp       , Gs^Fp       , Gs^Fms      , Gs^Fms      , Gs^Fmw      , Gs^Fds      , Gs^Fp       , Gg          , Gg          , Gs^Fp       , Gs^Fp       , Ss          , Gs^Fp       , Gs          , Re          , Gs^Fp       , Gs^Fp       , Gs          , Gs^Fp       
Ds          , Ds          , Ww          , Wwr         , Wwr         , Ww          , Ww          , Ww          , Ww          , Ds          , Ww          , Wo          , Wo          , Ww          , Ds          , Ds          , Gg          , Gg          , Gg          , Gg          , Ds          , Gg          , Gg          , Gs^Fp       , Gs^Fms      , Gs^Fp       , Gs^Fms      , Gs^Fds      , Ss          , Gs^Fp       , Gs^Fp       , Gg          , Gg          , Gg          , Ss          , Ss          , Gs          , Re          , Re          , Gs^Fp       , Gs^Fp       , Gs          
Ww          , Ww          , Wwf         , Ww          , Ww          , Wwr         , Wwr         , Ww          , Ww          , Ww          , Ww          , Wo          , Ww          , Ww          , Ww          , Ds          , Gg          , Gg          , Gg          , Ds          , Gg          , Gg          , Gg          , Gs^Fp       , Gg          , Gg          , Gg          , Gs^Fp       , Ss          , Ss          , Gs^Fp       , Gg          , Gs^Fp       , Gg          , Ss          , Gs          , Gs^Fmw      , Gs^Fp       , Re          , Gs^Fp       , Gs^Fmw      , Gs          
Ww          , Ww          , Wwf         , Ww          , Ww          , Ww          , Wwr         , Ww          , Ww          , Wwf         , Ww          , Wo          , Ww          , Wwf         , Ww          , Ds          , Ds          , Gg          , Ds          , Ds          , Gg          , Gg          , Gg          , Gg          , Gg          , Gs^Fp       , Gg          , Gs^Fp       , Gg          , Gs^Fp       , Gs^Fms      , Gg          , Gs^Fp       , Gg          , Ss          , Ss          , Gs^Fmw      , Gs          , Gs          , Re          , Gs^Fmw      , Gs^Fp       
Ww          , Ww          , Ww          , Ww          , Ww          , Wwr         , Wwr         , Wwr         , Wwr         , Ww          , Ww          , Ww          , Ww          , Ww          , Wwf         , Ds          , Gg          , Gg          , Ds          , Ds          , Gg          , Ds          , Gg          , Gg          , Gg          , Gg          , Gg          , Gg          , Gg          , Gs^Fms      , Gs^Fp       , Gs^Fp       , Ss          , Ss          , Ss          , Gs^Fmw      , Gs^Ft       , Gs^Fp       , Re          , Re          , Gs          , Gs^Fp       
Ww          , Ww          , Wo          , Ww          , Wo          , Ww          , Ww          , Wwr         , Ww          , Ww          , Wo          , Ww          , Ww          , Ww          , Ww          , Ww          , Ds          , Ds          , Ds          , Ds          , Ds          , Ds          , Ds          , Gg          , Gg          , Gg          , Ds          , Gg          , Gg          , Gg          , Gg          , Gs^Fms      , Gs^Fp       , Ss          , Ss^Vhs      , Ss          , Gs^Fp       , Gs^Fp       , Re          , Re          , Gs^Fp       , Gs^Fp       
Ww          , Wo          , Wo          , Ww          , Wo          , Wo          , Ww          , Ww          , Wo          , Wo          , Ww          , Wwr         , Ww          , Ww          , Ww          , Wwf         , Ds          , Wwf         , Ww          , Ww          , Ww          , Ds          , Ds          , Gg          , Gg          , Gg          , Ds          , Gg          , Ds          , Gg          , Gg          , Gs^Fms      , Gs^Fp       , Ss          , Ss          , Ss          , Gs^Fds      , Gs          , Re          , Gs          , Gs^Fmw      , Gs^Fp       
Ww          , Wo          , Wo          , Ww          , Ww          , Ww          , Ww          , Ww          , Wo          , Wo          , Ww          , Wwr         , Wwr         , Ww          , Ww          , Ds          , Ww          , Ww          , Ds          , Wwf         , Ww          , Ds          , Wwf         , Ds          , Ds          , Gg          , Ww          , Ds          , Ww          , Ds          , Ds          , Gg          , Gs^Fp       , Gs^Ft       , Ss          , Ss          , Gs          , Gs          , Re          , Gs          , Gs^Fp       , Gs^Fp       
Wo          , Ww          , Wo          , Ww          , Ww          , Wwf         , Ww          , Ww          , Ww          , Wo          , Ww          , Ww          , Ww          , Wwr         , Ww          , Ww          , Wo          , Ww          , Ww          , Ww          , Ww          , Wwf         , Ww          , Wwf         , Ww          , Ww          , Ds          , Ww          , Ww          , Wwf         , Wwf         , Ds          , Ds          , Ds          , Gs^Fp       , Gs^Ft       , Gs^Fms      , Re          , Gs          , Gs^Fds      , Gs^Fms      , Gs^Ft       
Wo          , Wo          , Wo          , Wo          , Wo          , Ww          , Ww          , Wo          , Wo          , Wo          , Wo          , Ww          , Ww          , Ww          , Ww          , Wo          , Wo          , Ww          , Ww          , Wo          , Ww          , Ww          , Ww          , Ww          , Ww          , Wwf         , Ww          , Ww          , Ww          , Ww          , Ww          , Wwf         , Ww          , Ds          , Gs^Fp       , Gs^Fp       , Gs          , Re          , Gs          , Gs^Fms      , Gs^Ft       , Gs^Fms      
Wo          , Wo          , Ww          , Ww          , Ww          , Ww          , Wo          , Wo          , Wo          , Wo          , Wo          , Ww          , Ww          , Wo          , Ww          , Wo          , Wwr         , Ww          , Wwr         , Ww          , Wwr         , Ww          , Ww          , Wo          , Wo          , Ww          , Ww          , Wwr         , Ww          , Ds          , Ww          , Ww          , Ds          , Ds          , Gs^Fp       , Gs          , Gs^Fp       , Re          , Re          , Gs^Fms      , Gs^Fms      , Gs^Fms      
Wo          , Wo          , Wo          , Wo          , Ww          , Wo          , Wo          , Wo          , Wo          , Wo          , Wo          , Ww          , Ww          , Wwf         , Wwf         , Ww          , Ww          , Wwr         , Wo          , Ww          , Ww          , Wwr         , Wwr         , Wwr         , Ww          , Ww          , Ww          , Ww          , Ds          , Ww          , Wwf         , Ww          , Gs^Fp       , Gs^Fp       , Gg          , Gs^Fp       , Gs^Fp       , Gs^Fds      , Re          , Gs^Fds      , Gs^Fds      , Gs^Ft       
Wo          , Wo          , Wo          , Ww          , Wo          , Wo          , Wo          , Wo          , Wo          , Wo          , Wo          , Wo          , Wo          , Ww          , Ww          , Ww          , Wo          , Ww          , Wo          , Wo          , Wo          , Ww          , Ww          , Ww          , Wo          , Ww          , Wwf         , Ds          , Ds          , Wwf         , Wwf         , Ds          , Ds          , Gs^Fp       , Gg          , Gs^Fp       , Gg          , Re          , Re          , Gs^Fp       , Gs^Fds      , Gs^Fds      
Wo          , Wo          , Wo          , Ww          , Wo          , Wo          , Wo          , Wo          , Wo          , Wo          , Wo          , Wo          , Wo          , Wo          , Wo          , Ww          , Wo          , Wo          , Wo          , Wo          , Wo          , Ww          , Wo          , Ww          , Ww          , Ww          , Ww          , Ww          , Ww          , Ww          , Ww          , Ww          , Ww          , Ds          , Gg          , Gg          , Re          , Re          , Gs^Fms      , Gs^Fms      , Gs^Fds      , Gs^Fms      
Wo          , Wo          , Wo          , Wo          , Ww          , Wo          , Wo          , Wo          , Wo          , Wo          , Wo          , Wo          , Wo          , Wo          , Wo          , Wo          , Wo          , Wo          , Wo          , Wo          , Wo          , Wo          , Ww          , Ww          , Ww          , Ww          , Wwr         , Ww          , Ww          , Ww          , Ww          , Ww          , Wwf         , Ds          , Ds          , Gg          , Re          , Re          , Gg          , Gs^Fms      , Gs^Fms      , Gs^Fms      
Wo          , Wo          , Wo          , Wo          , Wo          , Wo          , Wo          , Wo          , Wo          , Wo          , Wo          , Wo          , Wo          , Wo          , Wo          , Wo          , Wo          , Wo          , Wo          , Wo          , Wo          , Wo          , Wwf         , Ww          , Ww          , Ww          , Wwr         , Ww          , Ww          , Ww          , Wwf         , Ww          , Ds          , Ds          , Ds          , Gg          , Re          , Gg          , Gs^Fds      , Gs^Fds      , Gs^Fds      , Gs^Fds      
Wo          , Wo          , Wo          , Wo          , Wo          , Wo          , Wo          , Wo          , Wo          , Wo          , Wo          , Wo          , Wo          , Wo          , Wo          , Wo          , Wo          , Wo          , Wo          , Wo          , Wo          , Wo          , Wo          , Ww          , Ww          , Wwr         , Ww          , Ww          , Ww          , Wwf         , Ww          , Ww          , Ds          , Ds          , Gg          , Gg          , Gg          , Gg          , Gs^Fds      , Gs^Fds      , Gs^Fds      , Gs^Fds      
Wo          , Wo          , Wo          , Wo          , Wo          , Wo          , Wo          , Wo          , Wo          , Wo          , Wo          , Wo          , Wo          , Wo          , Wo          , Wo          , Wo          , Wo          , Wo          , Wo          , Ww          , Ww          , Ww          , Ww          , Wwr         , Ww          , Ww          , Ww          , Ww          , Ww          , Wwf         , Ds          , Ds          , Ds          , Ds          , Gg          , Gg          , Gg          , Gs^Fms      , Gs^Fms      , Gs^Fds      , Gs^Fds      
Wo          , Wo          , Wo          , Wo          , Wo          , Wo          , Wo          , Wo          , Wo          , Wo          , Wo          , Wo          , Wo          , Wo          , Wo          , Wo          , Wo          , Wo          , Wo          , Wo          , Ww          , Ww          , Wwr         , Wwr         , Wwr         , Wwr         , Ww          , Ww          , Ww          , Ww          , Ds          , Ds          , Wwf         , Ds          , Ds          , Gg          , Gg          , Re          , Gg          , Gg          , Gs^Fms      , Gg          
Wo          , Wo          , Wo          , Wo          , Wo          , Wo          , Wo          , Wo          , Wo          , Wo          , Wo          , Wo          , Wo          , Wo          , Wo          , Wo          , Wo          , Wo          , Ww          , Ww          , Wwr         , Ww          , Ww          , Ww          , Wwr         , Wwr         , Ww          , Ww          , Ww          , Ww          , Ww          , Ww          , Wwf         , Ww          , Ds          , Gg          , Gg          , Re          , Re          , Gg          , Gg          , Gg          
Wo          , Wo          , Wo          , Wo          , Wo          , Wo          , Wo          , Wo          , Wo          , Wo          , Wo          , Wo          , Wo          , Wo          , Wo          , Wo          , Ww          , Ww          , Ww          , Ww          , Ww          , Ww          , Wwf         , Ww          , Ww          , Wwr         , Ww          , Ww          , Ww          , Ww          , Ww          , Wwf         , Ds          , Ds          , Ds          , Gg          , Gs^Fds      , Gg          , Re          , Gg          , Gs^Fds      , Gs^Fms      
Wo          , Wo          , Wo          , Wo          , Wo          , Wo          , Wo          , Wo          , Wo          , Wo          , Wo          , Wo          , Wo          , Wo          , Wo          , Wo          , Wo          , Wwf         , Wo          , Wo          , Wo          , Ww          , Wo          , Ww          , Ww          , Ww          , Ww          , Ww          , Ww          , Ww          , Ww          , Ww          , Ds          , Ds          , Gg          , Gg          , Gg          , Gg          , Gg          , Gg          , Gg          , Gg          
Wo          , Wo          , Wo          , Wo          , Wo          , Wo          , Wo          , Wo          , Ww          , Wo          , Wo          , Wo          , Wo          , Wo          , Wo          , Wo          , Wo          , Wo          , Wo          , Wo          , Wo          , Wo          , Wo          , Ww          , Wwr         , Ww          , Ww          , Ww          , Ww          , Ww          , Ww          , Ds          , Ds          , Gg          , Gs^Fp       , Gs^Fds      , Gg          , Gg          , Re          , Gg          , Gg          , Gg          
Wo          , Wo          , Wo          , Wo          , Wo          , Wo          , Wo          , Wo          , Ww          , Wo          , Wo          , Wo          , Wo          , Wo          , Wo          , Wo          , Wo          , Wo          , Wo          , Wo          , Wo          , Wo          , Ww          , Ww          , Ww          , Ww          , Ww          , Ww          , Ww          , Ww          , Ww          , Ds          , Ds          , Gs^Fp       , Gs^Fp       , Gs^Fp       , Gs^Fms      , Gg          , Re          , Gs^Fds      , Gg          , Gg          
Wo          , Wo          , Wo          , Wo          , Wo          , Ww          , Ww          , Ww          , Ww          , Ww          , Ww          , Wo          , Wo          , Wo          , Wo          , Wo          , Wo          , Wo          , Wo          , Wo          , Ww          , Wwf         , Ww          , Ww          , Wwr         , Ww          , Ww          , Ww          , Ww          , Wwf         , Ds          , Ds          , Gs^Fp       , Gs^Fp       , Gs^Fp       , Gs^Fds      , Gs^Fds      , Gg          , Gg          , Re          , Gs^Fds      , Gg          
Wo          , Wo          , Wo          , Wo          , Wo          , Wo          , Ww          , Wwf         , Gs          , Gs^Fp       , Ww          , Ww          , Wo          , Wo          , Wo          , Wo          , Wo          , Wo          , Wo          , Ww          , Ww          , Wwf         , Ww          , Ww          , Wwr         , Ww          , Ww          , Ww          , Ds          , Ds          , Ds          , Gs^Fp       , Gs^Fp       , Gg          , Gs^Fp       , Gs^Fms      , Gs^Fms      , Gs^Fp       , Gg          , Re          , Gs^Fms      , Gs^Fds      
Wo          , Wo          , Wo          , Wo          , Wo          , Wo          , Ww          , Gs          , Gs^Fp       , Khr         , Ww          , Ww          , Wo          , Wo          , Wo          , Wo          , Wo          , Wo          , Ww          , Ww          , Wo          , Wo          , Ww          , Ww          , Wwr         , Wwr         , Ww          , Ww          , Ww          , Wwf         , Ds          , Ds          , Gg          , Gs^Fms      , Gs^Fp       , Gs^Fms      , Gs^Fp       , Gs^Fp       , Gg          , Re          , Re          , Gs^Fds      
Wo          , Wo          , Wo          , Wo          , Wo          , Ww          , Ww          , Gs          , Ww          , Chw         , Wo          , Wo          , Wo          , Wo          , Wo          , Wo          , Ww          , Ww          , Wwr         , Wo          , Wwf         , Wo          , Wo          , Ww          , Ww          , Ww          , Ww          , Ww          , Wwf         , Ds          , Ds          , Gg          , Gs^Fp       , Gg          , Gg          , Gg          , Gg          , Gg          , Gg          , Gg          , Re          , Gs^Fds      
Wo          , Wo          , Wo          , Wo          , Wo          , Ww          , Ww          , Ww          , Ww          , Ww          , Wo          , Wo          , Wo          , Wo          , Wo          , Wo          , Wwr         , Wwr         , Wwr         , Wo          , Ww          , Ww          , Ww          , Ww          , Ww          , Wwf         , Ww          , Wwf         , Wwf         , Ds          , Gg          , Gg          , Gg          , Gg          , Gg          , Gg          , Ce          , Gg          , Gg          , Gg          , Re          , Gs^Fms      
Wo          , Wo          , Wo          , Ww          , Wo          , Wo          , Wo          , Wo          , Wo          , Ww          , Wo          , Wo          , Wo          , Wo          , Wo          , Ww          , Wwr         , Wwr         , Wo          , Ww          , Ww          , Wwr         , Ww          , Ww          , Ww          , Ww          , Ww          , Ds          , Ds          , Ds          , Ds          , Gg          , Gg          , Gg          , Gg          , Ce          , 1 Ke        , Ce          , Gg          , Gg          , Gg          , Re          
Wo          , Wo          , Wo          , Wo          , Wo          , Wo          , Wo          , Wo          , Wo          , Wo          , Wo          , Wo          , Wo          , Wo          , Wo          , Ww          , Wwr         , Wwr         , Wo          , Wo          , Wo          , Ww          , Wwr         , Ww          , Ww          , Ww          , Ww          , Ds          , Ww          , Ds          , Wwf         , Ds          , Ds          , Ds          , Gg          , Ce          , Ce          , Ce          , Gg          , Ds          , Gg          , Gg          
Wo          , Wo          , Wo          , Wo          , Wo          , Wo          , Wo          , Wo          , Wo          , Wo          , Wo          , Wo          , Wo          , Wo          , Wo          , Wo          , Wwr         , Wo          , Wo          , Wo          , Wo          , Ww          , Ww          , Wwr         , Ww          , Ww          , Ww          , Ww          , Ww          , Wwf         , Wwf         , Wwf         , Ds          , Ds          , Ds          , Gg          , Gg          , Gg          , Ds          , Ds          , Gg          , Gg          
Wo          , Wo          , Wo          , Wo          , Wo          , Wo          , Wo          , Wo          , Wo          , Wo          , Wo          , Wo          , Wo          , Wo          , Wo          , Wo          , Wo          , Wo          , Wo          , Wo          , Wwr         , Ww          , Ww          , Ww          , Ww          , Ww          , Wo          , Ww          , Ww          , Wwf         , Ww          , Ds          , Ds          , Ds          , Ds          , Ds          , Ds          , Ds          , Ds          , Ds          , Ds          , Gg          
Wo          , Wo          , Wo          , Wo          , Wo          , Wo          , Wo          , Wo          , Wo          , Wo          , Wo          , Wo          , Wo          , Wo          , Wo          , Wo          , Wo          , Wo          , Wo          , Ww          , Wwr         , Wwr         , Wwr         , Ww          , Wwf         , Ww          , Wo          , Ww          , Ww          , Ww          , Ww          , Wwf         , Ds          , Wwf         , Ww          , Ww          , Ww          , Ww          , Ww          , Ds          , Ww          , Ds          
Wo          , Wo          , Wo          , Wo          , Wo          , Wo          , Wo          , Wo          , Wo          , Wo          , Wo          , Wo          , Wo          , Wo          , Wo          , Wo          , Wo          , Wo          , Wo          , Wo          , Wo          , Wwr         , Wo          , Wo          , Wo          , Wo          , Wo          , Ww          , Ww          , Ww          , Ww          , Wwf         , Ds          , Ds          , Ww          , Ww          , Ww          , Wwf         , Ww          , Ww          , Wwf         , Ww          
Wo          , Wo          , Wo          , Wo          , Wo          , Wo          , Wo          , Wo          , Wo          , Wo          , Wo          , Wo          , Wo          , Wo          , Wo          , Wo          , Wo          , Wo          , Wo          , Wo          , Wo          , Wo          , Wo          , Wo          , Wo          , Wo          , Wo          , Ww          , Ww          , Ww          , Ww          , Ww          , Ds          , Ww          , Ww          , Ww          , Ww          , Ww          , Ww          , Ww          , Ww          , Wwf         
Wo          , Wo          , Wo          , Wo          , Wo          , Wo          , Wo          , Wo          , Wo          , Wo          , Wo          , Wo          , Wo          , Wo          , Wo          , Wo          , Wo          , Wo          , Wo          , Wo          , Wo          , Wo          , Wo          , Wo          , Wo          , Wwr         , Wwr         , Wwf         , Ww          , Ww          , Ww          , Ww          , Ww          , Ww          , Ww          , Ww          , Ww          , Ww          , Ww          , Ww          , Ww          , Ww          
Wo          , Wo          , Wo          , Wo          , Wo          , Wo          , Wo          , Wo          , Wo          , Wo          , Wo          , Wo          , Wo          , Wo          , Wo          , Wo          , Wo          , Wo          , Wo          , Wo          , Wo          , Wo          , Wo          , Wo          , Wo          , Wwr         , Wwr         , Ww          , Ww          , Ww          , Wwr         , Wwr         , Wwr         , Wo          , Wo          , Ww          , Wo          , Wwf         , Ww          , Ww          , Ww          , Ww          
Wo          , Wo          , Wo          , Wo          , Wo          , Wo          , Wo          , Wo          , Wo          , Wo          , Wo          , Wo          , Wo          , Wo          , Wo          , Wo          , Wo          , Wo          , Wo          , Wo          , Wo          , Wo          , Wo          , Wo          , Wo          , Wo          , Ww          , Wo          , Wo          , Wo          , Wo          , Wo          , Wo          , Wwr         , Wo          , Wo          , Wo          , Wo          , Wo          , Ww          , Wwr         , Ww          
