border_size=1
usage=map

Gll^Fp      , Gll^Fp      , Gg          , Hh          , Gll^Fp      , Gg          , Gg          , Gg          , Hh          , Hh          , Hh          , Gg          , Mm          , Gg          , Hh          , Hh          , Gs          , Gs          , Gll^Fp      , Gg          , Gll^Fp      , Gg          , Gll^Fp      , Gll^Fp      , Gll^Fdw     , Gg          , Re          , Re          , Gll^Fdw     , Gll^Fdw     , Gll^Fdw     , Gll         , Hh          , Hh          , Hh          , Re          , Gll^Fp      , Gll^Fp      , Gll^Fp      , Gg          , Gg          , Gg          
Gg          , Gll^Fp      , Hh          , Hh          , Gll^Fp      , Gg          , Gg          , Hh          , Hh          , Hh          , Hh          , Hh          , Hh          , Mm          , Hh          , Hh          , Gs          , Gll^Fp      , Gll^Fp      , Gll^Fp      , Gs          , Gll^Fp      , Gll^Fmw     , Gll^Fmw     , Gll^Fdw     , Gll^Fdw     , Re          , Re          , Gll^Fdw     , Gll^Fdw     , Re          , Gll^Fdw     , Re          , Hh          , Re          , Re          , Gll^Fdw     , Gll^Fp      , Gll^Fdw     , Gg          , Hh          , Mm          
Gg          , Hh          , Gg          , Gll^Fms     , Gll^Fp      , Hh          , Gll^Fp      , Gg          , Hh          , Gg          , Gg          , Hh          , Mm          , Hh          , Mm          , Hh          , Hh          , Gs          , Gs          , Gll^Fp      , Gs          , Hh          , Hh          , Gll^Fmw     , Gll^Fdw     , Re          , Re          , Gll^Fdw     , Rb^Fdw      , Re          , Yhs         , Re          , Rb^Fdw      , Re          , Rb          , Gll^Fp      , Yhs         , Gll^Fmw     , Gll^Fdw     , Gll^Fp      , Hh          , Mm          
Gg          , Hh          , Gg          , Gg          , Hh          , Hh          , Gll^Fms     , Gg          , Hh          , Gg          , Hh          , Mm          , Mm          , Hh          , Hh          , Mm          , Hh          , Gs          , Gs          , Gll^Fp      , Gs          , Hh          , Hh          , Gll^Fdw     , Rb^Fdw      , Rb^Fdw      , Yhs         , Rb^Fdw      , Rb^Fdw      , Rb^Fdw      , Rb^Fdw      , Yhs^Xp      , Rb^Fdw      , Rb^Fdw      , Rb          , Re          , Gll         , Gll^Fmw     , Gll^Fdw     , Gll^Fp      , Hh          , Mm          
Gg          , Gg          , Gll^Fp      , Gll^Fp      , Hh          , Hh          , Gg          , Gll^Fms     , Gll^Fp      , Gg          , Hh          , Hh          , Mm          , Mm          , Hh          , Mm          , Hh          , Gs          , Gd          , Gs          , Gs          , Gs          , Re          , Rb          , Rb^Fdw      , Yhs^Xp      , Ss          , Rb^Fdw      , Rb^Fdw      , Rb          , Yhs         , Rb^Fdw      , Ss          , Rb          , Rb^Fdw      , Rb          , Gll         , Gll^Fmw     , Gll^Fp      , Gs          , Hh          , Hh          
Gg          , Gll^Fms     , Gg          , Hh          , Gg          , Hh          , Gg          , Gll^Fp      , Gg          , Gg          , Gg          , Gg          , Hh          , Hh          , Gs          , Gs          , Gs          , Gs          , Gd          , Gd          , Gll         , Re          , Re          , Rb          , Rb          , Yhs         , Ss          , Ss          , Ss^Bw|      , Yhs         , Chs         , Chs         , Yhs         , Yhs^Xp      , Rb^Fdw      , Rb^Fdw      , Rb          , Gll^Fdw     , Gll^Fdw     , Gs          , Gll^Fp      , Gg          
Gg          , Gll^Fp      , Gg          , Gg          , Hh          , Hh          , Gg          , Hh          , Ww          , Gll^Fp      , Gll^Fp      , Hh          , Mm          , Mm          , Gs          , Gs          , Re          , Re          , Gd          , Gd          , Gll^Fdw     , Gll^Fdw     , Ss          , Rb^Fdw      , Yhs         , Yhs^Xp      , Yhs         , Ss          , Ss^Bw|      , Chs         , 3 Khs       , Chs         , Chs         , Yhs         , Yhs         , Rb^Fdw      , Rb^Fdw      , Gll^Fdw     , Gs^Fdw      , Gs^Fdw      , Gll^Fp      , Gll^Fp      
Gg          , Gg          , Gg          , Gg          , Gll^Fp      , Gll^Fms     , Ww          , Ww          , Gg          , Ww          , Ww          , Gg          , Ww          , Hh          , Ww          , Ss          , Ss          , Gs          , Gd^Fdw      , Gd^Fdw      , Ss          , Ss          , Gll^Fdw     , Ss          , Ss          , Ss          , Ss          , Ss          , Ss          , Chs         , Chs         , Yhs         , Yhs         , Ss          , Ss          , Yhs^Xp      , Rb^Fdw      , Gll^Fdw     , Gs          , Gs          , Gll^Fp      , Gg          
Gg          , Gg          , Gll^Fp      , Gg          , Ww          , Ww          , Gg          , Gg          , Gg          , Gg          , Gll^Fms     , Ww          , Ww          , Ww          , Re          , Ss          , Hh^Fdw      , Ss          , Ss^Bw|      , Ss          , Gs          , Gll         , Gll^Fdw     , Rb^Fdw      , Yhs         , Ss          , Yhs^Xp      , Yhs         , Ss^Bw|      , Ss          , Ss          , Ss          , Ss          , Yhs^Xp      , Yhs         , Ss          , Ss          , Ss          , Ss^Bw/      , Gs          , Ss          , Mm          
Gg          , Gg          , Gg          , Ww          , Gg          , Gg          , Gll^Fp      , Gg          , Gg          , Hh          , Gll^Fp      , Gll^Fp      , Gg          , Gg          , Re          , Re          , Hh^Fdw      , Hh          , Gs          , Re          , Gd          , Gs          , Gll         , Rb^Xp       , Rb^Fdw      , Yhs         , Re^Xp       , Yhs         , Rb^Fdw      , Ss          , Rb^Fdw      , Yhs^Xp      , Rb^Fdw      , Rb^Fdw      , Rb          , Rb^Fdw      , Gs^Fdw      , Ss          , Ss          , Ss          , Ss          , Ss          
Gg          , Gg          , Ww          , Ww          , Gg          , Gll^Fp      , Gll^Fms     , Gg          , Gll^Fms     , Gll^Fms     , Chr         , Gll^Fp      , Gg          , Gll^Fp      , Gll^Fp      , Gg          , Hh          , Hh^Fdw      , Gs          , Gs          , Gd          , Gd          , Gll         , Rb          , Re          , Re          , Rb^Fdw      , Yhs         , Yhs         , Rb^Fdw      , Rb          , Yhs         , Yhs         , Rb^Fdw      , Rb          , Rb          , Hh          , Hh^Fmw      , Ss          , Ss          , Mm          , Ss          
Ww          , Ww          , Gs^Fms      , Gs^Fp       , Gg          , Gll^Fp      , Gll^Fms     , Gg          , Gll^Fms     , Chr         , 2 Khr       , Chr         , Gg          , Gg          , Gg          , Gg          , Gg          , Gg          , Hh          , Gs          , Hh^Fdw      , Gs          , Gs          , Gll         , Re          , Re          , Gll^Fdw     , Rb^Fdw      , Rb          , Rb^Fdw      , Re          , Rb          , Rb^Xp       , Rb          , Hh^Fmw      , Hh          , Ss          , Ss          , Ss          , Mm          , Hh          , Mm          
Gg          , Gs^Fp       , Gg          , Gg          , Gg          , Gll^Fp      , Gg          , Gg          , Gll^Fms     , Chr         , Chr         , Chr         , Gg          , Gg          , Re          , Re          , Gg          , Gg          , Gg          , Hh          , Hh^Fdw      , Hh          , Hh^Fdw      , Gs          , Re          , Re          , Re          , Rb          , Re          , Re          , Re          , Rb          , Rb          , Rb          , Hh          , Hh          , Ss          , Ss          , Ss          , Mm          , Hh          , Hh          
Gg          , Gs^Fp       , Gg          , Gg          , Ds          , Ds          , Gg          , Gll^Fp      , Gll^Fp      , Gll^Fp      , Gg          , Gg          , Gg          , Re          , Re          , Re          , Gll^Fp      , Gg          , Gg          , Hh          , Gg          , Hh          , Hh          , Gll         , Re          , Re          , Re          , Hh          , Hh          , Hh          , Hh^Fmw      , Hh          , Re          , Re          , Gll         , Gll         , Gd          , Ss^Bw|      , Hh^Fmw      , Mm          , Gs          , Gs          
Ds          , Gg          , Gg          , Gg          , Ds          , Ds          , Gg          , Gg          , Gg          , Gll^Fp      , Gg          , Gg          , Ds          , Re          , Re          , Gg          , Gll^Fp      , Gll^Fp      , Gll^Fp      , Hh          , Gg          , Gg          , Gll         , Gll         , Re          , Re          , Gd          , Gll         , Gd          , Hh          , Hh^Fmw      , Hh          , Hh          , Re          , Re          , Gd          , Gs          , Gs          , Hh          , Hh          , Gs          , Gs          
Ds          , Gg          , Ds          , Ds          , Ds          , Gg          , Ds          , Gg          , Ds          , Gg          , Ds          , Ds          , Ds          , Ds          , Gg          , Gll^Fp      , Gll^Fp      , Gll^Fp      , Gll^Fp      , Gll^Fp      , Gll^Fp      , Gg          , Gs          , Re          , Gd          , Gd          , Hh          , Gs          , Gll^Fmw     , Gs          , Gs          , Gd          , Gd          , Re          , Re          , Re          , Re          , Gs          , Gs          , Gll^Fp      , Gs          , Gs          
Ww          , Ds          , Ds          , Ds          , Ds          , Ds          , Ds          , Ds          , Ds          , Ds          , Ds          , Ds          , Ds          , Gg          , Gg          , Gll^Fp      , Gg          , Gll^Fp      , Gll^Fms     , Gs^Fds      , Gll^Fp      , Gg          , Gg          , Gs          , Gs          , Hh          , Hh          , Gs          , Gll^Fmw     , Gll^Fmw     , Gd          , Gd          , Gs^Fmw      , Gll         , Gll         , Gll^Fp      , Gll^Fp      , Re          , Gll^Fp      , Gll^Fp      , Gll         , Gs          
Ww          , Ds          , Wwf         , Ds          , Ds          , Ds          , Ww          , Ds          , Ww          , Ds          , Ww          , Ds          , Ds          , Gg          , Ds          , Gg          , Ds          , Gg          , Gg          , Gll^Fms     , Gg          , Gll^Fp      , Gg          , Gg          , Gll^Fp      , Gs          , Gs          , Gs          , Gll^Fp      , Gll^Fmw     , Gs          , Gs          , Gll         , Gll         , Gll^Fmw     , Gll^Fp      , Gll^Fmw     , Re          , Re          , Gll         , Gll^Fmw     , Gll^Fmw     
Ww          , Ww          , Ww          , Wwf         , Ww          , Ww          , Ww          , Ww          , Ww          , Wwf         , Wwf         , Wwf         , Ww          , Ds          , Ds          , Ds          , Ds          , Gg          , Gll^Fp      , Gll^Fms     , Gg          , Gg          , Gg          , Gll^Fp      , Gll^Fmw     , Gll^Fmw     , Gll^Fp      , Gs          , Gll^Fp      , Gll^Fmw     , Gs          , Gs          , Gll^Fmw     , Gll^Fmw     , Gll^Fmw     , Gll^Fp      , Gll^Fmw     , Re          , Gll^Fmw     , Gll^Fp      , Gll         , Gll^Fp      
Ds          , Ww          , Ww          , Ww          , Ww          , Ww          , Wo          , Ww          , Ww          , Ww          , Ww          , Ww          , Ww          , Wwf         , Ds          , Ds          , Ds          , Gg          , Gg          , Gll^Fp      , Gg          , Gg          , Gg          , Gll^Fp      , Gll^Fp      , Gll^Fms     , Gll^Fms     , Gll^Fmw     , Gll^Fds     , Gll^Fp      , Gg          , Gg          , Gll^Fp      , Gll^Fp      , Ss          , Gll^Fp      , Gs          , Re          , Gll^Fp      , Gll^Fp      , Gll         , Gll^Fp      
Ds          , Ds          , Ww          , Wwr         , Wwr         , Ww          , Ww          , Ww          , Ww          , Ds          , Ww          , Wo          , Wo          , Ww          , Ds          , Ds          , Gg          , Gg          , Gg          , Gg          , Ds          , Gg          , Gg          , Gll^Fp      , Gll^Fms     , Gll^Fp      , Gll^Fms     , Gll^Fds     , Ss          , Gll^Fp      , Gll^Fp      , Gg          , Gg          , Gg          , Ss          , Ss          , Gs          , Re          , Re          , Gll^Fp      , Gll^Fp      , Gll         
Ww          , Ww          , Wwf         , Ww          , Ww          , Wwr         , Wwr         , Ww          , Ww          , Ww          , Ww          , Wo          , Ww          , Ww          , Ww          , Ds          , Gg          , Gg          , Gg          , Ds          , Gg          , Gg          , Gg          , Gll^Fp      , Gg          , Gg          , Gg          , Gll^Fp      , Ss          , Ss          , Gll^Fp      , Gg          , Gll^Fp      , Gg          , Ss          , Gs          , Gll^Fmw     , Gll^Fp      , Re          , Gll^Fp      , Gll^Fmw     , Gll         
Ww          , Ww          , Wwf         , Ww          , Ww          , Ww          , Wwr         , Ww          , Ww          , Wwf         , Ww          , Wo          , Ww          , Wwf         , Ww          , Ds          , Ds          , Gg          , Ds          , Ds          , Gg          , Gg          , Gg          , Gg          , Gg          , Gll^Fp      , Gg          , Gll^Fp      , Gg          , Gll^Fp      , Gll^Fms     , Gg          , Gll^Fp      , Gg          , Ss          , Ss          , Gll^Fmw     , Gs          , Gs          , Re          , Gll^Fmw     , Gll^Fp      
Ww          , Ww          , Ww          , Ww          , Ww          , Wwr         , Wwr         , Wwr         , Wwr         , Ww          , Ww          , Ww          , Ww          , Ww          , Wwf         , Ds          , Gg          , Gg          , Ds          , Ds          , Gg          , Ds          , Gg          , Gg          , Gg          , Gg          , Gg          , Gg          , Gg          , Gll^Fms     , Gll^Fp      , Gll^Fp      , Ss          , Ss          , Ss          , Gll^Fmw     , Gs^Ft       , Gll^Fp      , Re          , Re          , Gs          , Gll^Fp      
Ww          , Ww          , Wo          , Ww          , Wo          , Ww          , Ww          , Wwr         , Ww          , Ww          , Wo          , Ww          , Ww          , Ww          , Ww          , Ww          , Ds          , Ds          , Ds          , Ds          , Ds          , Ds          , Ds          , Gg          , Gg          , Gg          , Ds          , Gg          , Gg          , Gg          , Gg          , Gll^Fms     , Gll^Fp      , Ss          , Ss^Vhs      , Ss          , Gll^Fp      , Gll^Fp      , Re          , Re          , Gll^Fp      , Gll^Fp      
Ww          , Wo          , Wo          , Ww          , Wo          , Wo          , Ww          , Ww          , Wo          , Wo          , Ww          , Wwr         , Ww          , Ww          , Ww          , Wwf         , Ds          , Wwf         , Ww          , Ww          , Ww          , Ds          , Ds          , Gg          , Gg          , Gg          , Ds          , Gg          , Ds          , Gg          , Gg          , Gll^Fms     , Gll^Fp      , Ss          , Ss          , Ss          , Ce          , Gs          , Re          , Gs          , Gll^Fmw     , Gll^Fp      
Ww          , Wo          , Wo          , Ww          , Ww          , Ww          , Ww          , Ww          , Wo          , Wo          , Ww          , Wwr         , Wwr         , Ww          , Ww          , Ds          , Ww          , Ww          , Ds          , Wwf         , Ww          , Ds          , Wwf         , Ds          , Ds          , Gg          , Ww          , Ds          , Ww          , Ds          , Ds          , Gg          , Gll^Fp      , Gs^Ft       , Ss          , Ce          , Ke          , Ce          , Re          , Gs          , Gll^Fp      , Gll^Fp      
Wo          , Ww          , Wo          , Ww          , Ww          , Wwf         , Ww          , Ww          , Ww          , Wo          , Ww          , Ww          , Ww          , Wwr         , Ww          , Ww          , Wo          , Ww          , Ww          , Ww          , Ww          , Wwf         , Ww          , Wwf         , Ww          , Ww          , Ds          , Ww          , Ww          , Wwf         , Wwf         , Ds          , Ds          , Ds          , Gll^Fp      , Ce          , Ce          , Re          , Gs          , Gll^Fds     , Gll^Fms     , Gs^Ft       
Wo          , Wo          , Wo          , Wo          , Wo          , Ww          , Ww          , Wo          , Wo          , Wo          , Wo          , Ww          , Ww          , Ww          , Ww          , Wo          , Wo          , Ww          , Ww          , Wo          , Ww          , Ww          , Ww          , Ww          , Ww          , Wwf         , Ww          , Ww          , Ww          , Ww          , Ww          , Wwf         , Ww          , Ds          , Gll^Fp      , Gll^Fp      , Gs          , Re          , Gs          , Gll^Fms     , Gs^Ft       , Gs^Fms      
Wo          , Wo          , Ww          , Ww          , Ww          , Ww          , Wo          , Wo          , Wo          , Wo          , Wo          , Ww          , Ww          , Wo          , Ww          , Wo          , Wwr         , Ww          , Wwr         , Ww          , Wwr         , Ww          , Ww          , Wo          , Wo          , Ww          , Ww          , Wwr         , Ww          , Ds          , Ww          , Ww          , Ds          , Ds          , Gll^Fp      , Gs          , Gll^Fp      , Re          , Re          , Gs^Fms      , Gs^Fms      , Gs^Fms      
Wo          , Wo          , Wo          , Wo          , Ww          , Wo          , Wo          , Wo          , Wo          , Wo          , Wo          , Ww          , Ww          , Wwf         , Wwf         , Ww          , Ww          , Wwr         , Wo          , Ww          , Ww          , Wwr         , Wwr         , Wwr         , Ww          , Ww          , Ww          , Ww          , Ds          , Ww          , Wwf         , Ww          , Gll^Fp      , Gll^Fp      , Gg          , Gll^Fp      , Gll^Fp      , Gll^Fds     , Re          , Gll^Fds     , Gll^Fds     , Gs^Ft       
Wo          , Wo          , Wo          , Ww          , Wo          , Wo          , Wo          , Wo          , Wo          , Wo          , Wo          , Wo          , Wo          , Ww          , Ww          , Ww          , Wo          , Ww          , Wo          , Wo          , Wo          , Ww          , Ww          , Ww          , Wo          , Ww          , Wwf         , Ds          , Ds          , Wwf         , Wwf         , Ds          , Ds          , Gll^Fp      , Gg          , Gll^Fp      , Gg          , Re          , Re          , Gll^Fp      , Gll^Fds     , Gll^Fds     
Wo          , Wo          , Wo          , Ww          , Wo          , Wo          , Wo          , Wo          , Wo          , Wo          , Wo          , Wo          , Wo          , Wo          , Wo          , Ww          , Wo          , Wo          , Wo          , Wo          , Wo          , Ww          , Wo          , Ww          , Ww          , Ww          , Ww          , Ww          , Ww          , Ww          , Ww          , Ww          , Ww          , Ds          , Gg          , Gg          , Re          , Re          , Gll^Fms     , Gll^Fms     , Gll^Fds     , Gll^Fms     
Wo          , Wo          , Wo          , Wo          , Ww          , Wo          , Wo          , Wo          , Wo          , Wo          , Wo          , Wo          , Wo          , Wo          , Wo          , Wo          , Wo          , Wo          , Wo          , Wo          , Wo          , Wo          , Ww          , Ww          , Ww          , Ww          , Wwr         , Ww          , Ww          , Ww          , Ww          , Ww          , Wwf         , Ds          , Ds          , Gg          , Re          , Re          , Gg          , Gll^Fms     , Gll^Fms     , Gll^Fms     
Wo          , Wo          , Wo          , Wo          , Wo          , Wo          , Wo          , Wo          , Wo          , Wo          , Wo          , Wo          , Wo          , Wo          , Wo          , Wo          , Wo          , Wo          , Wo          , Wo          , Wo          , Wo          , Wwf         , Ww          , Ww          , Ww          , Wwr         , Ww          , Ww          , Ww          , Wwf         , Ww          , Ds          , Ds          , Ds          , Gg          , Re          , Gg          , Gll^Fds     , Gll^Fds     , Gll^Fds     , Gll^Fds     
Wo          , Wo          , Wo          , Wo          , Wo          , Wo          , Wo          , Wo          , Wo          , Wo          , Wo          , Wo          , Wo          , Wo          , Wo          , Wo          , Wo          , Wo          , Wo          , Wo          , Wo          , Wo          , Wo          , Ww          , Ww          , Wwr         , Ww          , Ww          , Ww          , Wwf         , Ww          , Ww          , Ds          , Ds          , Gg          , Gg          , Gg          , Gg          , Gll^Fds     , Gll^Fds     , Gll^Fds     , Gll^Fds     
Wo          , Wo          , Wo          , Wo          , Wo          , Wo          , Wo          , Wo          , Wo          , Wo          , Wo          , Wo          , Wo          , Wo          , Wo          , Wo          , Wo          , Wo          , Wo          , Wo          , Ww          , Ww          , Ww          , Ww          , Wwr         , Ww          , Ww          , Ww          , Ww          , Ww          , Wwf         , Ds          , Ds          , Ds          , Ds          , Gg          , Gg          , Gg          , Gll^Fms     , Gll^Fms     , Gll^Fds     , Gll^Fds     
Wo          , Wo          , Wo          , Wo          , Wo          , Wo          , Wo          , Wo          , Wo          , Wo          , Wo          , Wo          , Wo          , Wo          , Wo          , Wo          , Wo          , Wo          , Wo          , Wo          , Ww          , Ww          , Wwr         , Wwr         , Wwr         , Wwr         , Ww          , Ww          , Ww          , Ww          , Ds          , Ds          , Wwf         , Ds          , Ds          , Gg          , Gg          , Re          , Gg          , Gg          , Gll^Fms     , Gg          
Wo          , Wo          , Wo          , Wo          , Wo          , Wo          , Wo          , Wo          , Wo          , Wo          , Wo          , Wo          , Wo          , Wo          , Wo          , Wo          , Wo          , Wo          , Ww          , Ww          , Wwr         , Ww          , Ww          , Ww          , Wwr         , Wwr         , Ww          , Ww          , Ww          , Ww          , Ww          , Ww          , Wwf         , Ww          , Ds          , Gg          , Gg          , Re          , Re          , Gg          , Gg          , Gg          
Wo          , Wo          , Wo          , Wo          , Wo          , Wo          , Wo          , Wo          , Wo          , Wo          , Wo          , Wo          , Wo          , Wo          , Wo          , Wo          , Ww          , Ww          , Ww          , Ww          , Ww          , Ww          , Wwf         , Ww          , Ww          , Wwr         , Ww          , Ww          , Ww          , Ww          , Ww          , Wwf         , Ds          , Ds          , Ds          , Gg          , Gs^Fds      , Gg          , Re          , Gg          , Gs^Fds      , Gs^Fms      
Wo          , Wo          , Wo          , Wo          , Wo          , Wo          , Wo          , Wo          , Wo          , Wo          , Wo          , Wo          , Wo          , Wo          , Wo          , Wo          , Wo          , Wwf         , Wo          , Wo          , Wo          , Ww          , Wo          , Ww          , Ww          , Ww          , Ww          , Ww          , Ww          , Ww          , Ww          , Ww          , Ds          , Ds          , Gg          , Gg          , Gg          , Gg          , Gg          , Gg          , Gg          , Gg          
Wo          , Wo          , Wo          , Wo          , Wo          , Wo          , Wo          , Wo          , Ww          , Wo          , Wo          , Wo          , Wo          , Wo          , Wo          , Wo          , Wo          , Wo          , Wo          , Wo          , Wo          , Wo          , Wo          , Ww          , Wwr         , Ww          , Ww          , Ww          , Ww          , Ww          , Ww          , Ds          , Ds          , Gg          , Gll^Fp      , Gll^Fds     , Gg          , Gg          , Re          , Gg          , Gg          , Gg          
Wo          , Wo          , Wo          , Wo          , Wo          , Wo          , Wo          , Wo          , Ww          , Wo          , Wo          , Wo          , Wo          , Wo          , Wo          , Wo          , Wo          , Wo          , Wo          , Wo          , Wo          , Wo          , Ww          , Ww          , Ww          , Ww          , Ww          , Ww          , Ww          , Ww          , Ww          , Ds          , Ds          , Gll^Fp      , Gll^Fp      , Gll^Fp      , Gll^Fms     , Gg          , Re          , Gll^Fds     , Gg          , Gg          
Wo          , Wo          , Wo          , Wo          , Wo          , Ww          , Ww          , Ww          , Ww          , Ww          , Ww          , Wo          , Wo          , Wo          , Wo          , Wo          , Wo          , Wo          , Wo          , Wo          , Ww          , Wwf         , Ww          , Ww          , Wwr         , Ww          , Ww          , Ww          , Ww          , Wwf         , Ds          , Ds          , Gll^Fp      , Gll^Fp      , Gll^Fp      , Gll^Fds     , Gll^Fds     , Gg          , Gg          , Re          , Gll^Fds     , Gg          
Wo          , Wo          , Wo          , Wo          , Wo          , Wo          , Ww          , Wwf         , Gs          , Gs^Fp       , Ww          , Ww          , Wo          , Wo          , Wo          , Wo          , Wo          , Wo          , Wo          , Ww          , Ww          , Wwf         , Ww          , Ww          , Wwr         , Ww          , Ww          , Ww          , Ds          , Ds          , Ds          , Gll^Fp      , Gll^Fp      , Gg          , Gll^Fp      , Gll^Fms     , Gll^Fms     , Gll^Fp      , Gg          , Re          , Gll^Fms     , Gll^Fds     
Wo          , Wo          , Wo          , Wo          , Wo          , Wo          , Ww          , Gs          , Gs^Fp       , Khr         , Ww          , Ww          , Wo          , Wo          , Wo          , Wo          , Wo          , Wo          , Ww          , Ww          , Wo          , Wo          , Ww          , Ww          , Wwr         , Wwr         , Ww          , Ww          , Ww          , Wwf         , Ds          , Ds          , Gg          , Gll^Fms     , Gll^Fp      , Gll^Fms     , Gll^Fp      , Gll^Fp      , Gg          , Re          , Re          , Gll^Fds     
Wo          , Wo          , Wo          , Wo          , Wo          , Ww          , Ww          , Gs          , Ww          , Chw         , Wo          , Wo          , Wo          , Wo          , Wo          , Wo          , Ww          , Ww          , Wwr         , Wo          , Wwf         , Wo          , Wo          , Ww          , Ww          , Ww          , Ww          , Ww          , Wwf         , Ds          , Ds          , Gg          , Gs^Fp       , Gg          , Gg          , Gg          , Gg          , Gg          , Gg          , Gg          , Re          , Gll^Fds     
Wo          , Wo          , Wo          , Wo          , Wo          , Ww          , Ww          , Ww          , Ww          , Ww          , Wo          , Wo          , Wo          , Wo          , Wo          , Wo          , Wwr         , Wwr         , Wwr         , Wo          , Ww          , Ww          , Ww          , Ww          , Ww          , Wwf         , Ww          , Wwf         , Wwf         , Ds          , Gg          , Gg          , Gg          , Gg          , Gg          , Gg          , Gg          , Gg          , Gg          , Gg          , Re          , Gll^Fms     
Wo          , Wo          , Wo          , Ww          , Wo          , Wo          , Wo          , Wo          , Wo          , Ww          , Wo          , Wo          , Wo          , Wo          , Wo          , Ww          , Wwr         , Wwr         , Wo          , Ww          , Ww          , Wwr         , Ww          , Ww          , Ww          , Ww          , Ww          , Ds          , Ds          , Ds          , Ds          , Gg          , Gg          , Gg          , Gg          , Gg          , 1 Gg        , Gg          , Gg          , Gg          , Gg          , Re          
Wo          , Wo          , Wo          , Wo          , Wo          , Wo          , Wo          , Wo          , Wo          , Wo          , Wo          , Wo          , Wo          , Wo          , Wo          , Ww          , Wwr         , Wwr         , Wo          , Wo          , Wo          , Ww          , Wwr         , Ww          , Ww          , Ww          , Ww          , Ds          , Ww          , Ds          , Wwf         , Ds          , Ds          , Ds          , Gg          , Gg          , Gg          , Gg          , Gg          , Ds          , Gg          , Gg          
Wo          , Wo          , Wo          , Wo          , Wo          , Wo          , Wo          , Wo          , Wo          , Wo          , Wo          , Wo          , Wo          , Wo          , Wo          , Wo          , Wwr         , Wo          , Wo          , Wo          , Wo          , Ww          , Ww          , Wwr         , Ww          , Ww          , Ww          , Ww          , Ww          , Wwf         , Wwf         , Wwf         , Ds          , Ds          , Ds          , Gg          , Gg          , Gg          , Ds          , Ds          , Gg          , Gg          
Wo          , Wo          , Wo          , Wo          , Wo          , Wo          , Wo          , Wo          , Wo          , Wo          , Wo          , Wo          , Wo          , Wo          , Wo          , Wo          , Wo          , Wo          , Wo          , Wo          , Wwr         , Ww          , Ww          , Ww          , Ww          , Ww          , Wo          , Ww          , Ww          , Wwf         , Ww          , Ds          , Ds          , Ds          , Ds          , Ds          , Ds          , Ds          , Ds          , Ds          , Ds          , Gg          
Wo          , Wo          , Wo          , Wo          , Wo          , Wo          , Wo          , Wo          , Wo          , Wo          , Wo          , Wo          , Wo          , Wo          , Wo          , Wo          , Wo          , Wo          , Wo          , Ww          , Wwr         , Wwr         , Wwr         , Ww          , Wwf         , Ww          , Wo          , Ww          , Ww          , Ww          , Ww          , Wwf         , Ds          , Wwf         , Ww          , Ww          , Ww          , Ww          , Ww          , Ds          , Ww          , Ds          
Wo          , Wo          , Wo          , Wo          , Wo          , Wo          , Wo          , Wo          , Wo          , Wo          , Wo          , Wo          , Wo          , Wo          , Wo          , Wo          , Wo          , Wo          , Wo          , Wo          , Wo          , Wwr         , Wo          , Wo          , Wo          , Wo          , Wo          , Ww          , Ww          , Ww          , Ww          , Wwf         , Ds          , Ds          , Ww          , Ww          , Ww          , Wwf         , Ww          , Ww          , Wwf         , Ww          
Wo          , Wo          , Wo          , Wo          , Wo          , Wo          , Wo          , Wo          , Wo          , Wo          , Wo          , Wo          , Wo          , Wo          , Wo          , Wo          , Wo          , Wo          , Wo          , Wo          , Wo          , Wo          , Wo          , Wo          , Wo          , Wo          , Wo          , Ww          , Ww          , Ww          , Ww          , Ww          , Ds          , Ww          , Ww          , Ww          , Ww          , Ww          , Ww          , Ww          , Ww          , Wwf         
Wo          , Wo          , Wo          , Wo          , Wo          , Wo          , Wo          , Wo          , Wo          , Wo          , Wo          , Wo          , Wo          , Wo          , Wo          , Wo          , Wo          , Wo          , Wo          , Wo          , Wo          , Wo          , Wo          , Wo          , Wo          , Wwr         , Wwr         , Wwf         , Ww          , Ww          , Ww          , Ww          , Ww          , Ww          , Ww          , Ww          , Ww          , Ww          , Ww          , Ww          , Ww          , Ww          
Wo          , Wo          , Wo          , Wo          , Wo          , Wo          , Wo          , Wo          , Wo          , Wo          , Wo          , Wo          , Wo          , Wo          , Wo          , Wo          , Wo          , Wo          , Wo          , Wo          , Wo          , Wo          , Wo          , Wo          , Wo          , Wwr         , Wwr         , Ww          , Ww          , Ww          , Wwr         , Wwr         , Wwr         , Wo          , Wo          , Ww          , Wo          , Wwf         , Ww          , Ww          , Ww          , Ww          
Wo          , Wo          , Wo          , Wo          , Wo          , Wo          , Wo          , Wo          , Wo          , Wo          , Wo          , Wo          , Wo          , Wo          , Wo          , Wo          , Wo          , Wo          , Wo          , Wo          , Wo          , Wo          , Wo          , Wo          , Wo          , Wo          , Ww          , Wo          , Wo          , Wo          , Wo          , Wo          , Wo          , Wwr         , Wo          , Wo          , Wo          , Wo          , Wo          , Ww          , Wwr         , Ww          
