border_size=1
usage=map

Hd          , Hd          , Hd          , Hd          , Hd          , Md          , Md          , Md          , Md          , Md          , Md          , Hd          , Md          , Hd          , Hd          , Hd          , Hd          , Md          , Hd          , Dd          , Dd          , Dd          , Dd          , Dd          , Dd          , Dd          , Hd          , Hd          , Hhd         , Hhd         , Md          , Md          , Md          , Md          , Md          , Md          , Md          
Dd          , Dd^Dc       , Dd          , Dd          , Rd          , Hd          , Hd          , Hd          , Dd          , Dd^Edp      , Md          , Md          , Hd          , Hd          , Dd          , Dd          , Dd          , Hd          , Hd          , Dd          , Dd          , Cdr         , Dd          , Dd          , Gs^Ft       , Dd          , Ds          , Dd^Vda      , Hhd         , Hhd         , Hhd         , Hhd         , Hhd         , Hhd         , Hhd         , Hd          , Hd          
Dd^Edp      , Dd          , Ds          , Rd          , Rd          , Dd          , Dd          , Hd          , Hd          , Hd          , Ds          , Md          , Ds          , Ds          , Dd^Vdt      , Re          , Dd          , Dd          , Dd^Edp      , Dd          , Dd          , Kdr         , Cdr         , Dd          , Gs^Ft       , Gs^Ft       , Cd          , Dd          , Hhd         , Hhd         , Hhd         , Hhd         , Hhd         , Md          , Rd          , Hd          , Rd          
Dd          , Dd          , Rd          , Rd          , Rd          , Ds^Edp      , Ds          , Dd          , Dd          , Rd          , Rd          , Dd          , Dd          , Dd          , Dd          , Re          , Ds          , Dd          , Dd          , Hd          , Dd          , Dd          , Dd          , Dd          , Cd          , Cd          , 2 Kd        , Cdr         , Cdr         , Gs^Ft       , Gs^Ft       , Hhd         , Hhd         , Hd          , Hd          , Rd          , Dd          
Dd          , Dd          , Dd          , Dd          , Dd          , Dd^Edp      , Dd          , Dd          , Re          , Rd          , Rd          , Dd^Es       , Dd          , Cdr         , Kdr         , Dd          , Dd^Edp      , Ds          , Cdr         , Ds          , Ds          , Dd^Vda      , Gd^Ft       , Gd          , Cdr         , Ww          , Ww          , Ww          , Cd          , Re          , Gs^Ft       , Hhd         , Ds          , Hd          , Ds          , Dd^Edp      , Ds          
Cdr         , Dd          , Dd          , Dd^Dc       , Dd^Vdt      , Dd^Dr       , Dd          , Dd          , Ds          , Rd          , Rd          , Ds          , Dd          , Cdr         , Cdr         , Dd          , Dd          , Dd          , Ds          , Cdr         , Gd          , Gd          , Gs^Ft       , Gs          , Gs          , Ww          , Ww          , Ww          , Gs          , Gd          , Gd          , Gd          , Cd          , Rd          , Dd          , Ds          , Dd          
Cdr         , Cdr         , Cdr         , Dd          , Dd          , Dd          , Kdr         , Dd          , Dd          , Ds          , Ds          , Rd          , Dd          , Dd          , Dd          , Dd          , Ds          , Gd          , Gd          , Gd          , Gd          , Gg          , Gs          , Gs^Ft       , Gs^Ft       , Gs          , Gs          , Gs          , Gs          , Gd          , Dd          , Cdr         , Dd          , Dd^Dc       , Dd          , Dd          , Dd          
Dd          , Cdr         , Dd          , Cdr         , Cdr         , Cdr         , Dd          , Cdr         , Dd          , Ds          , Ds^Edpp     , Ds          , Re          , Dd          , Re          , Re          , Re          , Gd          , Dd          , Dd          , Dd          , Gs          , Gd          , Gs          , Gs^Ft       , Gd          , Gs^Ft       , Gs          , Gs^Ft       , Dd^Vda      , Dd          , Dd          , Dd          , Dd          , Dd^Edpp     , Ds          , Dd          
Dd          , Dd          , Dd          , Dd          , Dd          , Dd          , Dd          , Dd          , Dd^Vdt      , Dd          , Dd          , Dd          , Dd          , Re          , Dd          , Re          , Dd          , Dd          , Dd^Vda      , Dd^Edp      , Dd          , Dd          , Gd          , Gs          , Gd          , Gs^Ft       , Dd          , Dd          , Dd          , Dd          , Dd^Edp      , Dd          , Ds          , Dd          , Ds          , Ds          , Dd          
Md          , Dd          , Md          , Dd          , Md^Xm       , Dd          , Md          , Dd^Edpp     , Dd          , Dd          , Dd^Es       , Dd          , Dd          , Dd          , Dd          , Dd          , Dd          , Dd          , Dd          , Dd          , Dd          , Gd          , Gd          , Gs          , Dd          , Dd^Es       , Dd          , Dd          , Cdr         , Dd          , Dd          , Dd          , Dd          , Ds          , Dd^Edpp     , Ds          , Ds^Edp      
Hd          , Md          , Hd          , Md          , Md^Xm       , Md^Xm       , Md          , Dd          , Dd          , Dd          , Dd          , Cdr         , Cdr         , Dd^Dr       , Kdr         , Cdr         , Cdr         , Cdr         , Cdr         , Dd          , Dd          , Dd          , Gd          , Gd          , Dd          , Dd          , Cdr         , Cdr         , Dd^Es       , Kdr         , Cdr         , Cdr         , Dd          , Dd          , Dd^Edp      , Dd^Edp      , Dd^Edpp     
Md          , Hd          , Md          , Hd          , Hd          , Hd          , Hd          , Md          , Md          , Dd          , Dd^Vdt      , Dd          , Dd          , Cdr         , Dd          , Dd          , Dd          , Cdr         , Dd          , Cdr         , Dd          , Dd          , Dd^Edpp     , Dd          , Dd^Vdt      , Dd          , Dd          , Dd          , Dd^Vdt      , Dd          , Dd          , Dd          , Dd          , Dd          , Dd          , Dd          , Dd          
Md          , Md          , Hd          , Hd          , Dd          , Hd          , Hd          , Md          , Md          , Dd          , Dd          , Dd          , Dd          , Dd          , Dd          , Dd          , Dd          , Dd          , Hd          , Dd^Es       , Dd          , Ds          , Dd          , Dd          , Dd          , Ds          , Ds          , Ds          , Ds          , Ds          , Dd          , Dd          , Dd          , Hd          , Hd          , Hd          , Dd          
Hhd         , Hd          , Hd          , Dd          , Hd          , Md^Xm       , Md^Xm       , Hd          , Hd          , Dd          , Dd          , Hd          , Dd          , Dd          , Hd          , Dd          , Hd          , Hd          , Dd          , Dd          , Dd          , Ds          , Dd          , Dd          , Hd          , Ds          , Dd          , Ds          , Ds          , Dd          , Hd          , Hd          , Hd          , Hd          , Md          , Dd          , Hd          
Md^Xm       , Md          , Hhd         , Md          , Md^Xm       , Md^Xm       , Md          , Md^Xm       , Md          , Dd          , Dd          , Hd          , Md          , Dd          , Hd          , Hd          , Dd          , Dd          , Dd          , Dd^Dr       , Dd          , Dd          , Hd          , Hd          , Md          , Dd          , Dd          , Dd          , Dd          , Hd          , Hd          , Hd          , Md          , Md          , Md          , Md          , Md          
Md          , Hhd         , Hd          , Hd          , Md          , Hd          , Hd          , Md^Xm       , Md^Xm       , Hd          , Hd          , Hd          , Md          , Hd          , Dd          , Hd          , Ds          , Ds          , Ds          , Dd          , Ds          , Hd          , Md          , Md          , Hd          , Hd          , Dd          , Dd^Es       , Dd          , Hd          , Hd          , Dd          , Dd^Dc       , Dd          , Hd          , Md          , Dd          
Hd          , Hhd         , Dd          , Hd          , Md          , Hd          , Hd          , Md          , Md          , Hd          , Hd          , Md          , Md          , Hd          , Hd          , Hd          , Dd          , Dd^Vdt      , Dd          , Ds          , Hd          , Hd          , Hd          , Md          , Hd          , Hd          , Dd          , Dd^Vda      , Rd          , Dd          , Dd^Vda      , Hd          , Dd          , Dd^Es       , Dd          , Hd          , Hd          
Dd          , Hd          , Dd          , Hd          , Dd          , Dd          , Dd          , Hd          , Hd          , Hd          , Dd          , Hd          , Hd          , Hd          , Hd          , Hd          , Hd          , Dd          , Dd          , Dd          , Dd          , Ds          , Ds          , Dd          , Dd          , Dd          , Dd          , Rd          , Rd          , Dd          , Dd          , Dd^Es       , Dd          , Dd          , Dd          , Hd          , Hd          
Dd          , Hd          , Hd          , Hd          , Hd          , Dd          , Dd          , Hd          , Hd          , Dd          , Hd          , Hd          , Dd          , Hd          , Hd          , Hd          , Hd          , Hd          , Hd          , Dd          , Hd          , Dd          , Dd          , Ds          , Rd          , Rd          , Cdr         , Cd          , Cdr         , Rd          , Rd          , Dd^Es       , Dd          , Ds^Edpp     , Dd          , Dd          , Hd          
Dd          , Dd          , Hd          , Hd          , Hd          , Hd          , Hd          , Dd          , Dd          , Dd          , Dd          , Dd          , Dd          , Hd          , Hd          , Hd          , Dd          , Dd          , Dd          , Dd          , Hd          , Dd          , Dd          , Dd^Vda      , Dd          , Rd          , Cdr         , 3 Kd        , Cd          , Rd          , Rd          , Dd^Vda      , Ds          , Ds          , Dd          , Hd          , Hd          
Dd          , Dd          , Hd          , Hhd         , Hhd         , Hd          , Hd          , Dd          , Hhd         , Dd          , Dd          , Dd^Es       , Dd          , Hd          , Dd          , Dd          , Cdr         , Dd          , Dd          , Dd          , Dd^Es       , Dd          , Dd          , Dd^Edp      , Rd          , Rd          , Rd          , Cd          , Rd          , Gd          , Gd          , Gd          , Gd          , Gd^Ft       , Gd^Ft       , Gd          , Gd          
Hd          , Hd          , Hd          , Md          , Md^Xm       , Hhd         , Hhd         , Dd          , Hhd         , Dd          , Dd          , Dd          , Dd          , Dd          , Dd^Vdt      , Dd          , Cdr         , Cdr         , Dd          , Dd^Es       , Rd          , Rd          , Rd          , Rd          , Dd          , Dd          , Dd^Vda      , Gd          , Gd          , Gll         , Gd^Ft       , Gd          , Ww          , Ww          , Ww          , Gd          , Gd          
Hd          , Hd          , Hd          , Md^Xm       , Hhd         , Md          , Hhd         , Dd          , Hhd         , Dd          , Hhd         , Hhd         , Hhd         , Dd          , Dd          , Dd          , Dd          , Dd          , Rd          , Dd          , Ds^Dr       , Dd          , Dd^Es       , Dd          , Dd^Edpp     , Dd          , Dd          , Rd          , Gd          , Gll^Ft      , Gd          , Ww          , Wo          , Wo          , Ww          , Gd^Ft       , Gll         
Md          , Md          , Hd          , Hd          , Hd          , Hhd         , Hhd         , Hhd         , Md          , Hhd         , Hhd         , Hhd         , Gd          , Hhd         , Dd          , Dd          , Dd          , Rd          , Rd          , Ds          , Dd^Es       , Dd^Es       , Dd          , Dd          , Dd          , Dd          , Rd          , Rd          , Gd          , Gll^Ft      , Gll         , Gd          , Gd^Ft       , Ww          , Gll         , Gll         , Gd          
Md^Xm       , Md^Xm       , Hhd         , Hhd         , Hhd         , Hhd         , Md^Xm       , Hhd         , Md          , Hhd         , Gd          , Gd          , Gd          , Gd          , Dd          , Dd^Es       , Dd          , Rd          , Ds^Edpp     , Dd          , Dd          , Dd          , Dd          , Dd          , Rd          , Cdr         , Cdr         , Dd          , Dd          , Gd          , Hhd         , Gll         , Gd          , Gd          , Hhd         , Gd          , Gd          
Hhd         , Hhd         , Hhd         , Hhd         , Md^Xm       , Md          , Md          , Md^Xm       , Md          , Hhd         , Gd          , Gd          , Gd          , Gd          , Rd          , Dd          , Dd          , Dd          , Dd          , Ds          , Gd          , Gd          , Gd          , Dd          , Rd          , Dd^Edp      , Dd          , Dd          , Hhd         , Hhd         , Hhd         , Md          , Hhd         , Hhd         , Hhd         , Hhd         , Hhd         
Hhd         , Hhd         , Md          , Md          , Md          , Md          , Hhd         , Md^Xm       , Md^Xm       , Hhd         , Dd          , Dd          , Rd          , Rd          , Ds          , Rd          , Gd          , Dd          , Gd          , Gd          , Hhd         , Hhd         , Hd          , Gd          , Re          , Dd          , Gd          , Dd          , Hhd         , Md          , Md          , Md^Xm       , Md          , Md          , Md^Xm       , Md          , Md^Xm       
Md^Xm       , Hhd         , Md^Xm       , Hhd         , Md          , Hhd         , Hhd         , Hhd         , Gd          , Dd          , Dd^Edpp     , Dd          , Rd          , Rd          , Ds          , Rd          , Gd          , Gd          , Rd          , Gd          , Hhd         , Hhd         , Hd          , Gd          , Re          , Gd          , Gd          , Gd          , Hd          , Hhd         , Md          , Md^Xm       , Md^Xm       , Md^Xm       , Md          , Md^Xm       , Md          
Hhd         , Md^Xm       , Hhd         , Md          , Hhd         , Hhd         , Hhd         , Hhd         , Gd          , Gd          , Dd          , Rd          , Rd          , Rd          , Ds          , Gd          , Dd          , Rd          , Rd          , Hhd         , Gd          , Hd          , Dd          , Dd          , Rd          , Gd          , Gd          , Gd          , Hhd         , Md          , Hhd         , Md          , Hhd         , Hhd         , Hhd         , Hhd         , Hhd         
Hhd         , Hhd         , Hhd         , Hhd         , Gd          , Gd          , Gd          , Gd          , Gs          , Gd          , Ds          , Ds          , Ds^Edpp     , Rd          , Dd          , Dd          , Rd          , Rd          , Gd          , Gd          , Gd          , Gd          , Dd          , Dd^Edpp     , Rd          , Gd          , Gd          , Hd          , Hd          , Hhd         , Hhd         , Hhd         , Hhd         , Hhd         , Hd          , Hhd         , Dd          
Dd          , Hhd         , Dd          , Gd          , Dd          , Gd          , Gd          , Gs          , Ds          , Ds          , Ds          , Dd          , Ds^Edpp     , Dd          , Dd^Edpp     , Rd          , Rd          , Rd          , Gs          , Gd          , Gd          , Gd          , Rd          , Rd          , Dd          , Dd          , Gd          , Gd          , Hd          , Hhd         , Hhd         , Hhd         , Hhd         , Hd          , Hhd         , Hd          , Dd          
Dd          , Dd          , Hhd         , Dd          , Md          , Hhd         , Hhd         , Gd          , Gs          , Gd          , Gd^Es       , Dd          , Dd^Es       , Dd          , Dd          , Gs^Ft       , Gs^Ft       , Gd          , Ww^Es       , Gs          , Gs^Ft       , Gs^Ft       , Gs^Ft       , Gd          , Gd          , Gd          , Gd          , Hd          , Dd          , Hhd         , Md          , Hd          , Hhd         , Hhd         , Hd          , Hd          , Hhd         
Dd          , Hhd         , Hhd         , Md          , Hhd         , Hhd         , Gd          , Gs          , Re^Vct      , Gd          , Gd^Es       , Re^Vct      , Ds          , Dd          , Gs^Ft       , Gs^Ft       , Ww          , Ww          , Wo          , Ww          , Ww          , Gs^Ft       , Gs^Ft       , Gd^Ft       , Gs          , Gd          , Gd          , Gd          , Gd          , Hhd         , Hhd         , Md          , Md          , Hhd         , Hhd         , Hhd         , Md          
Hhd         , Hhd         , Md^Xm       , Md^Xm       , Md^Xm       , Hhd         , Hhd         , Gd          , Gs          , Re          , Gs          , Gs          , Gs          , Re          , Re          , Wwf         , Ww          , Wo          , Ww          , Ww          , Wwf         , Gs^Ft       , Gs^Ft       , Gs          , Gs          , Hhd         , Gd          , Gd          , Gd          , Gd          , Hhd         , Md          , Md^Xm       , Md^Xm       , Md^Xm       , Md          , Md          
Md          , Md          , Md^Xm       , Md^Xm       , Md          , Md          , Hhd         , Hhd         , Re^Vct      , Re          , Ce          , Ce          , Ce          , Ce          , Re          , Ww^Es       , Ww          , Wo          , Ww          , Ww          , Wwf         , Gd          , Gd          , Gs          , Gs          , Hhd         , Hhd         , Hhd         , Hhd         , Hhd         , Hhd         , Md^Xm       , Hhd         , Md          , Md          , Md^Xm       , Md          
Md^Xm       , Md^Xm       , Md^Xm       , Md          , Hhd         , Md          , Hhd         , Hhd         , Gs          , Gs          , Ce          , 1 Ke        , Gs          , Re          , Gs^Ft       , Gs^Ft       , Gs^Ft       , Ww          , Gs          , Gs          , Gd          , Gd          , Hhd         , Hhd         , Md          , Md          , Hhd         , Hhd         , Hhd         , Hhd         , Md^Xm       , Md^Xm       , Md          , Md          , Md^Xm       , Md^Xm       , Md          
Md          , Md^Xm       , Hhd         , Hhd         , Md          , Md          , Hhd^Fdw     , Gs          , Gs^Fdw      , Gd          , Re          , Ce          , Re          , Re^Vct      , Re          , Re          , Re          , Re          , Hhd         , Gd          , Gs          , Hhd         , Hhd         , Hhd         , Md          , Md          , Hhd         , Md          , Hhd         , Md^Xm       , Md^Xm       , Md          , Md          , Hhd         , Md^Xm       , Md^Xm       , Hhd         
Hhd         , Md^Xm       , Hhd         , Hhd         , Hh          , Hhd^Fdw     , Hh^Fdw      , Hh          , Gs^Fdw      , Gs^Es       , Re          , Re          , Re          , Re^Es       , Re          , Re          , Gs          , Gs^Fdw      , Gd          , Md          , Md          , Hhd         , Hhd         , Md          , Hhd         , Hhd         , Hhd         , Md          , Md^Xm       , Md^Xm       , Md^Xm       , Md          , Hhd         , Hhd         , Md^Xm       , Md^Xm       , Md^Xm       
Md          , Hhd         , Hhd         , Hh          , Hh          , Hh          , Gs^Fdw      , Gs^Fmw      , Gs          , Re          , Re          , Re          , Gs          , Re          , Gs          , Gs          , Hhd^Fdw     , Gd^Fdw      , Hhd         , Hhd         , Md          , Hhd         , Gd          , Hhd         , Hhd         , Hhd         , Md          , Md^Xm       , Md          , Md          , Hhd         , Md^Xm       , Md^Xm       , Hhd         , Md          , Md^Xm       , Md^Xm       
Md          , Hh          , Hh          , Hh          , Hhd         , Gs^Fdw      , Gs          , Gs          , Re          , Re          , Hh          , Hh          , Gs          , Gs          , Gd          , Hh^Fdw      , Hh          , Hh^Fdw      , Md          , Md          , Md          , Md          , Gd          , Hhd         , Md^Xm       , Md^Xm       , Md^Xm       , Md^Xm       , Md^Xm       , Md          , Md          , Md          , Md^Xm       , Hhd         , Hhd         , Md          , Md          
