border_size=1
usage=map

Gll^Fp      , Gll^Fp      , Gll^Fp      , Gll^Fp      , Gll^Fp      , Gll^Fp      , Gll^Fp      , Gll^Fp      , Gll^Fp      , Gll^Fp      , Gll^Fp      , Gg          , Gg          , Rp          , Gg          , Gll         , Gll^Fp      , Gll^Fp      , Gll^Fp      , Gll^Fp      , Gll^Fp      , Gs          , Gs          , Gs          , Gs          , Gg          , Gg          , Gll^Fp      , Gll^Fp      , Gll^Fp      , Gll^Fp      , Gll^Fp      , Wwg         , Wwg         , Wog         , Wog         , Wog         , Wwg         , Gll^Fp      , Gll^Fp      , Gll^Fp      , Gll^Fp      
Gll^Fp      , Gll^Fp      , Gll^Fp      , Gll^Fp      , Gll^Fp      , Gll^Fp      , Gll^Fp      , Gll^Fp      , Gll^Fp      , Gll^Fp      , Gll         , Gg          , Gll         , Rp          , Gg          , Gll         , Gg          , Gll         , Gs          , Gs^Vh       , Gs          , Gg          , Gs          , Gs          , Gg          , Gg          , Gs          , Gg          , Gll^Em      , Gll^Fp      , Gll^Fp      , Wwg         , Wwg         , Wog         , Wog         , Wog         , Wwg         , Wwg         , Gll^Fp      , Gll^Fp      , Gll^Fp      , Gll^Fp      
Gll^Fp      , Gll^Fp      , Gll^Fp      , Gll^Fp      , Gll^Fp      , Gll^Fp      , Gll^Fp      , Gll^Fp      , Gll^Fp      , Gll^Fp      , Gll^Fp      , Gll^Fp      , Gd^Vhr      , Rp          , Gg          , Gg          , Ce          , Ce          , Ce          , Gs          , Gll^Fp      , Gg^Em       , Gs          , Gs          , Gs          , Gll^Fp      , Gg          , Gs          , Gg          , Gll^Fp      , Gll^Fp      , Wwg         , Wog         , Wog         , Wwg         , Wwg         , Gll^Fp      , Ss          , Gll^Fp      , Gll^Fp      , Gll^Fp      , Gll^Fp      
Gll^Fp      , Gll^Fp      , Gll^Fp      , Gll^Fp      , Gll^Fp      , Gll^Fp      , Gll^Fp      , Gll^Fp      , Gll^Fp      , Gll^Fp      , Gll^Fp      , Gll         , Gg          , Rp          , Ce          , Gg          , Ce          , 2 Ke        , Ce          , Gll         , Gd^Vhr      , Gll^Fp      , Gs          , Gs          , Gs^Em       , Gll^Fp      , Gll^Fp      , Gg          , Gs          , Gll^Fp      , Wwg^Es      , Wwg         , Wog         , Wog         , Wwg         , Wwg         , Gll^Fp      , Ss          , Ss          , Gll^Fp      , Gll^Fp      , Gll^Fp      
Gll^Fp      , Gll^Fp      , Gll^Fp      , Gll^Fp      , Gll^Fp      , Gll^Fp      , Gll^Fp      , Gll^Fp      , Gll^Fp      , Gll^Fp      , Gll         , Gg          , Gg          , Rp          , Rp          , Gg          , Gg          , Ce          , Gg          , Gg          , Gll^Fp      , Gll^Fp      , Gll^Fp      , Gll^Fp      , Gll^Fp      , Gll^Fp      , Gll^Fp      , Gll^Fp      , Gs          , Gg          , Wwg         , Wog         , Wog         , Wwg         , Wwg         , Wwg         , Gll^Fp      , Gll^Fp      , Ss          , Gll^Fp      , Gll^Fp      , Gll^Fp      
Gll^Fp      , Gll^Fp      , Gll^Fp      , Gll^Fp      , Gg          , Gll^Fp      , Gll^Fp      , Gll^Fp      , Gg          , Gll^Fp      , Gg          , Gg          , Gll^Fp      , Gg          , Ce          , Rr          , Rr          , Gg          , Gg          , Gg          , Gll^Fp      , Gll^Fp      , Gll^Fp      , Gll^Fp      , Gll^Fp      , Gll^Fp      , Wwg^Es      , Gll^Fp      , Wwg         , Wwg         , Wog         , Wog         , Wwg         , Wwg         , Wwg         , Gll^Fp      , Gll^Fp      , Gll^Fp      , Ss          , Gll^Fp      , Gll^Fp      , Gll^Fp      
Gll^Fp      , Gll^Fp      , Gll^Fp      , Gg          , Gg          , Gg          , Gg          , Gg          , Gg          , Gg          , Gg^Wm       , Gg          , Gll         , Gg          , Gg          , Wwf         , Rr          , Gg          , Wwg         , Wwg         , Wwg         , Wwg         , Wwg         , Wwg         , Wwg         , Wwg         , Wwg         , Wwg         , Wog         , Wog         , Wwg         , Wwg         , Wwf^Es      , Wwg         , Gg          , Gll         , Gll^Fp      , Gll^Fp      , Ss          , Gll^Fp      , Gll^Fp      , Gll^Fp      
Gll^Fp      , Gll^Fp      , Gg          , Gg          , Gll^Fp      , Gg          , Gg          , Gg          , Rb^Gvs      , Rb^Gvs      , Rb^Gvs      , Gg          , Gg          , Gg          , Wwf         , Wwg         , Wog         , Wog^Bsb\    , Wog^Bsb\    , Wog         , Wog         , Wog         , Wog         , Wog         , Wog         , Wog         , Wog         , Wog         , Wog         , Wog         , Wwg         , Wwf         , Gll^Fp      , Wwf^Es      , Gg          , Gll         , Gll^Fp      , Ss          , Gll^Fp      , Gll^Fp      , Gll^Fp      , Gll^Fp      
Gg          , Gg          , Gll^Fp      , Gll^Fp      , Gll^Fp      , Gll^Fp      , Gg          , Rb^Gvs      , Rb^Gvs      , Rb^Gvs      , Rb^Gvs      , Rb^Gvs      , Gg          , Gg          , Wwg         , Wwg         , Wog         , Wog         , Wog         , Wog^Bsb\    , Wwg^Bsb\    , Wwg         , Wwg         , Wwg         , Wwg         , Wog         , Wwg         , Wwg         , Wwg         , Wwg         , Gll^Fp      , Gll^Fp      , Gll^Fp      , Gll^Fp      , Gll         , Gll         , Gll^Fp      , Ss          , Ss          , Gll^Fp      , Hh          , Gll^Fp      
Gg          , Gg          , Gll^Fp      , Gll^Fp      , Gll^Fp      , Gll^Fp      , Gll^Fp      , Gg          , Gg          , Rb^Gvs      , Gg          , Gg          , Wwg         , Wwg         , Wog         , Wog         , Wog         , Wwg         , Wwg         , Wwg         , Wwg         , Rr          , Rr          , Gd^Fetd     , Gs^Fdw      , Wwg         , Gd^Fmw      , Wwg         , Wwf         , Wwf^Es      , Gll^Fp      , Gll^Fp      , Gll^Fp      , Gll^Fp      , Gll^Fp      , Gll^Fp      , Ss          , Ss          , Ss^Vhs      , Ss          , Hh          , Gll^Fp      
Gg          , Gg          , Gll^Fp      , Gll^Fp      , Gll^Fp      , Gll^Fp      , Gll^Fp      , Gg          , Gll^Fp      , Wwf         , Wwg         , Wwg         , Wog         , Wog         , Wwg         , Wwg         , Wwg         , Wwg         , Gll^Fp      , Ss          , Ss          , Gg          , Rr          , Gs          , Gg          , Gs^Fdw      , Gd^Fmw      , Gd^Fmw      , Gd^Fmw      , Gll^Fp      , Gll^Fp      , Gd^Fmw      , Gll^Fdw     , Gll^Fdw     , Ss          , Gll^Fp      , Gll^Fp      , Gll^Fp      , Gll^Fp      , Ss          , Hh          , Hh          
Gg          , Gll^Fp      , Gll^Fp      , Gll^Fp      , Gll^Fp      , Gll^Fp      , Gll^Fp      , Gll^Fp      , Gll^Fp      , Wwf^Es      , Wwg         , Wwg         , Wog         , Wog         , Wwg         , Wwg         , Wwg         , Gll^Fp      , Gll^Fp      , Gll         , Ss          , Gg          , Gg          , Rr          , Rp          , Gs^Fdw      , Gs          , Gg^Em       , Gs          , Gd^Fmw      , Gd^Fmw      , Gll^Fp      , Gll^Fp      , Gll^Fdw     , Ss          , Gll^Fp      , Gll^Fp      , Gll^Fp      , Hh          , Hh          , Hh          , Gll^Fp      
Gll^Fp      , Gll^Fp      , Gll^Fp      , Gll^Fp      , Wwf         , Wwf         , Gll^Fp      , Gll^Fp      , Wwg^Es      , Wwf         , Wwg         , Wog         , Wwg^Es      , Wwg         , Wwf^Es      , Wwg         , Wwg         , Ss          , Gll^Fp      , Ss          , Gll         , Gll^Fp      , Gll^Fp      , Gg          , Rp          , Gs^Vh       , Gg          , Gg          , Gs          , Gll         , Gll^Fp      , Gll^Fp      , Gd^Fmw      , Ss          , Ss          , Gll^Fp      , Gd^Fmw      , Hh          , Gll^Fp      , Hh          , Hh          , Gll^Fp      
Wwg         , Wwg         , Wwg         , Gll^Fp      , Wwg         , Wwf         , Wwg         , Wwg         , Wwg         , Wwg         , Wog         , Wog         , Wwg         , Wwf         , Wwf^Es      , Wwg         , Ss          , Ss          , Sm          , Sm          , Gll^Fp      , Gll^Fp      , Gll^Fp      , Rp          , Gs          , Gg          , Gs^Fdw      , Gd^Fmw      , Gll^Fp      , Gll         , Gll         , Gll^Fp      , Gs^Fdw      , Ss          , Gll^Fp      , Gll^Fp      , Gll^Fp      , Hh          , Gd^Fmw      , Gll^Fp      , Gll^Fp      , Hh          
Wog         , Wwg         , Wog         , Wwg         , Wog         , Wwg         , Wwg         , Wwg         , Wog         , Wog         , Wwg         , Wwg         , Gll^Fp      , Gd^Fmw      , Gll^Fp      , Wwg         , Gll^Fp      , Ss^Vhs      , Sm          , Sm          , Gll^Fp      , Gll^Fp      , Gg          , Re          , Gg          , Gll^Fp      , Gll^Fp      , Gd^Fmw      , Gll         , Gs          , Gll         , Gll^Fp      , Gll^Fp      , Gll^Fp      , Gll^Fp      , Gll^Fp      , Hh          , Gll^Fp      , Gll^Fp      , Gll^Fp      , Hh          , Hh          
Wog         , Wog         , Wwg         , Wog         , Wog         , Wog         , Wog         , Wog         , Wog         , Wog         , Wwg^Es      , Gll^Fp      , Gd^Fmw      , Gll^Fp      , Gd^Fmw      , Gll^Fp      , Gd^Fmw      , Sm          , Sm          , Gll^Fp      , Gg          , Gg          , Re          , Re          , Gg          , Gs          , Gs          , Gll^Fp      , Gll^Fp      , Gll^Fp      , Gs          , Gll^Fp      , Gll^Fp      , Gd^Fmw      , Gll^Fp      , Hh          , Hh          , Hh          , Gll^Fp      , Gll^Fp      , Hh^Vhh      , Hh          
Wwg         , Wwg         , Wwg         , Wwg         , Gll^Fp      , Wwg         , Wwg         , Wwg         , Wwg         , Wwg         , Gll^Fp      , Gll^Fp      , Gd^Fmw      , Gll^Fp      , Gs          , Gll         , Gll^Fp      , Gll^Fp      , Gll^Fp      , Gll^Fp      , Gs          , Gg          , Re          , Gg          , Gs          , Gs          , Gs^Fdw      , Gd^Fmw      , Gll^Fp      , Gll^Fp      , Gs          , Gs          , Gd^Fmw      , Gd^Fmw      , Hh          , Hh          , Hh          , Gll^Fp      , Gd^Fmw      , Hh          , Hh          , Hh          
Gll^Fp      , Wwf^Es      , Gll^Fp      , Gll^Fp      , Gll^Fp      , Gll^Fp      , Gll^Fp      , Gll^Fp      , Gll^Fp      , Gll^Fp      , Gll^Fp      , Gll^Fp      , Gd^Fmw      , Gll^Fp      , Gs          , Gll         , Gg          , Gll^Fp      , Gs          , Gll^Fp      , Gs          , Gg          , Gg          , Gg          , Gg          , Gg          , Gll^Fp      , Gd^Fmw      , Gll^Fp      , Gs          , Gs          , Gll^Fp      , Gll^Fp      , Gll^Fp      , Gd^Fmw      , Gll^Fp      , Hh          , Gd^Fmw      , Hh^Fmw      , Gll^Fp      , Gll^Fp      , Gll^Fp      
Gll^Fp      , Gll^Fp      , Gll^Fp      , Gll^Fp      , Gll^Fp      , Gll^Fp      , Gll^Fp      , Gs          , Gg          , Gg          , Gll^Fp      , Gd^Fmw      , Gll^Fp      , Gll         , Gg          , Gg          , Gll^Fp      , Gg          , Gg          , Gg          , Gg          , Gg          , Gs          , Re          , Re          , Gg          , Gg          , Gll^Fp      , Gg          , Gll         , Gll^Fp      , Gll^Fp      , Gll^Fp      , Gll^Fp      , Gll^Fp      , Gll^Fp      , Hh^Fp       , Hh          , Hh          , Hh^Fp       , Gd^Fmw      , Gll^Fp      
Gll^Fp      , Gd^Fmw      , Gll^Fp      , Gd^Fmw      , Gd^Fmw      , Gd^Fmw      , Gll^Fp      , Gll^Fp      , Gll^Fp      , Gs          , Gg          , Gll^Fp      , Gll^Fp      , Gll^Fp      , Gll         , Gll         , Gll^Fp      , Gg          , Gll^Fp      , Gg          , Gll^Fp      , Gll^Fp      , Gg          , Gs          , Re^Es       , Re          , Gs          , Gs          , Gg          , Gll^Fp      , Gll^Fp      , Gll^Fp      , Gll^Fp      , Gll^Fp      , Gll^Fp      , Gll^Fp      , Hh^Fp       , Hh          , Hh          , Hh^Fp       , Gll^Fp      , Gll^Fp      
Hh          , Gll^Fp      , Gd^Fmw      , Gll^Fp      , Gll^Fp      , Gd^Fmw      , Gll^Fp      , Gll^Fp      , Gll^Fp      , Gll^Fp      , Gs          , Gs^Em       , Gg^Em       , Gll^Fp      , Gg          , Gll         , Gll^Fp      , Gll^Fp      , Gll^Fp      , Gll^Fp      , Gg          , Gg          , Gg          , Gs          , Re          , Re          , Gg          , Gg          , Gg          , Gll^Fp      , Gll^Fp      , Gll^Fp      , Gll^Fp      , Gd^Fmw      , Gll^Fp      , Hh          , Gll^Fp      , Gll^Fp      , Hh          , Hh          , Gll^Fp      , Gll^Fp      
Gll^Fp      , Gll^Fp      , Gd^Fmw      , Gd^Fmw      , Gs          , Gs^Fdw      , Gs^Fdw      , Gll^Fp      , Gll^Fp      , Gs^Em       , Gs          , Gs          , Gg          , Gg          , Gg          , Gll^Fp      , Gll^Fp      , Gll^Fp      , Gll^Fp      , Gll^Fp      , Gg          , Gs          , Re          , Gg          , Re          , Gs          , Gs          , Gg          , Gg          , Gg          , Gg          , Gll^Fp      , Gll^Fp      , Gll^Fp      , Gll^Fp      , Gll^Fp      , Gll^Fp      , Gll^Fp      , Gll^Fp      , Gll^Fp      , Gll^Fp      , Gll^Fp      
Gll^Fp      , Gll^Fp      , Gd^Fmw      , Gs^Fdw      , Gll^Fp      , Gs          , Gll^Fp      , Gll^Fp      , Gll         , Gll         , Gll^Fp      , Gll^Fp      , Gll^Fp      , Gg          , Gs          , Gg          , Gg          , Gll^Fp      , Gg          , Gg          , Gg          , Gs          , Re          , Gs^Es       , Gs          , Gs          , Gg          , Gll^Fp      , Gg          , Gs          , Gg          , Gll^Fp      , Gll^Fp      , Gll^Fp      , Gll^Fp      , Gll^Fp      , Hh          , Gll^Fp      , Gll^Fp      , Gs^Vl       , Gs          , Gll^Fp      
Gll^Fp      , Gll^Fp      , Gll^Fp      , Gll         , Gs          , Gs^Vl       , Gd^Fmw      , Gll^Fp      , Gll^Fp      , Gll^Fp      , Gll^Fp      , Gll^Fp      , Gg^Em       , Gg          , Gs          , Gs          , Gg          , Gg          , Re^Es       , Gs          , Re          , Gs          , Re          , Re          , Gg          , Gg          , Gll^Fp      , Gg          , Gg          , Gs          , Gs          , Gg          , Gg          , Gll^Fp      , Gll         , Gll^Fp      , Hh          , Gll^Fp      , Hh          , Gs          , Gs          , Gll^Fp      
Gd^Fmw      , Gll^Fp      , Gll^Em      , Gll         , Gd^Fmw      , Gll         , Gd^Fmw      , Gll^Fp      , Gll         , Gll^Fp      , Gll^Fp      , Gll^Fp      , Gg          , Gg          , Gg          , Gs          , Gs          , Re          , Re          , Gs          , Re          , Gs          , Gs          , Re          , Gs          , Gg          , Re          , Gg          , Gs          , Gs          , Gll^Fp      , Gs          , Gll^Fp      , Gg          , Gll^Fp      , Hh          , Gll^Fp      , Hh          , Hh          , Gll^Fp      , Hh^Fp       , Gll^Fp      
Gll^Fp      , Gll^Fp      , Gll^Fp      , Gll^Fp      , Gll^Fp      , Gll         , Gll^Fp      , Gll^Fp      , Gll^Fp      , Gll^Fp      , Gg          , Gg          , Gll^Fp      , Gg          , Re          , Gs          , Gg^Es       , Gs          , Re          , Re          , Re          , Re^Es       , Gs          , Gs          , Gg          , Gg          , Re^Es       , Gg          , Gs          , Gll^Fp      , Gll^Fp      , Gll^Fp      , Gll^Fp      , Gd^Fmw      , Gll^Fp      , Gll^Fp      , Gll^Fp      , Hh          , Gll^Fp      , Gll^Fp      , Hh          , Hh          
Gll^Fp      , Gll^Fp      , Gll^Fp      , Gll^Fp      , Gll^Fp      , Gll^Fp      , Gll^Fp      , Gd^Fmw      , Gll^Fp      , Gll^Fp      , Gg          , Gg          , Gll^Fp      , Gg          , Gg          , Re          , Gg          , Gs          , Gg          , Gs          , Re          , Gs          , Gs          , Gs          , Gs          , Re          , Gg          , Gg          , Gg          , Gll^Fp      , Gs          , Gll^Fp      , Gll^Fp      , Gll^Fp      , Gll^Fp      , Gll^Fp      , Gll^Fp      , Gll^Fp      , Gll^Fp      , Gll^Fp      , Hh          , Hh^Fp       
Gll^Fp      , Gll^Fp      , Gd^Fmw      , Gll^Fp      , Gll^Fp      , Gll^Fp      , Gll^Fp      , Gll^Fp      , Gll^Fp      , Gll^Fp      , Gll^Fp      , Gg          , Gll^Fp      , Gll^Fp      , Gll^Fp      , Gs          , Gll^Fp      , Gs          , Gg          , Re          , Gg          , Gg          , Gg          , Gg          , Gll^Fp      , Gg          , Gg          , Gg          , Gg          , Gg          , Gs          , Gg          , Gll^Fp      , Gll^Fp      , Gll^Fp      , Gll^Fp      , Gll^Fp      , Gll^Fp      , Gll^Fp      , Hh          , Gll^Fp      , Hh^Fp       
Gll^Fp      , Gd^Fmw      , Gll^Fp      , Gll^Fp      , Gll^Fp      , Gll^Fp      , Gll^Fp      , Gll^Fp      , Gll^Fp      , Gll^Fp      , Gll^Fp      , Gll^Fp      , Gll^Fp      , Gll^Fp      , Gll^Fp      , Gll^Fp      , Gll^Fp      , Gg          , Gg          , Gg          , Gg          , Gll^Fp      , Gll^Fp      , Gll^Fp      , Gll^Fp      , Gll^Fp      , Gll^Fp      , Gg          , Gll^Fp      , Gg          , Gg          , Gg          , Gll^Fp      , Gll^Fp      , Gll^Fp      , Gll^Fp      , Gll^Emf     , Gll^Fp      , Gll^Fp      , Hh          , Gll^Fp      , Gll^Fp      
Gll^Fp      , Gll^Fp      , Gll^Fp      , Gll^Fp      , Gll^Fp      , Gll^Fp      , Gll^Fp      , Gll^Fp      , Gll^Fp      , Gll^Fp      , Gll^Fp      , Gll^Fp      , Gd^Fmw      , Gll^Fp      , Gll^Fp      , Gll^Fp      , Gg          , Gg          , Gll^Fp      , Re          , Re^Es       , Gll^Fp      , Gg          , Gll^Fp      , Gll^Fp      , Gll^Fmw     , Gll^Fp      , Gll^Fp      , Gll^Fp      , Gll^Fp      , Gll^Fp      , Gll^Fp      , Gll^Fp      , Gll^Fp      , Gll^Fp      , Gll^Fp      , Gll^Em      , Gll^Fp      , Gll^Fp      , Gll^Fp      , Gll^Fp      , Gll^Fp      
Gll^Fp      , Gll^Fp      , Gll^Fp      , Gll^Fp      , Gd^Fmw      , Gll^Fp      , Gll^Fp      , Gll^Fp      , Gll^Fp      , Gll^Fp      , Gll^Fp      , Gll^Fp      , Gll^Fp      , Gll^Fp      , Gll^Fp      , Gll^Fp      , Gg          , Gll^Fp      , Gll^Fp      , Re          , Re          , Gg          , Gg          , Gll^Fp      , Gll^Fp      , Gll^Fp      , Gll^Fp      , Gll^Fp      , Gll^Fp      , Gll^Fmw     , Gll^Fp      , Gll^Fp      , Gll^Fp      , Gll^Fp      , Gll^Fp      , Gll^Fp      , Gll^Fp      , Gll         , Gll^Fp      , Gd^Fmw      , Gll^Fp      , Gd^Fmw      
Gd^Fmw      , Gll^Fp      , Gll^Fp      , Gll^Fp      , Gll^Fp      , Gll^Fp      , Gll^Fp      , Gll^Fp      , Gd^Fmw      , Gll^Fp      , Gll^Fp      , Gll^Fp      , Gll^Fp      , Gll^Fp      , Gll^Fp      , Gll^Fp      , Gg          , Gg          , Gg          , Gg          , Gll^Fp      , Gs          , Gs          , Gll^Fp      , Gs          , Gll^Fp      , Gd          , Gll^Fp      , Gll         , Gll         , Gs          , Gll         , Gll^Fp      , Gll^Fp      , Gll         , Gll^Fp      , Gll         , Gll^Em      , Gll^Fp      , Gll^Fp      , Gd^Fmw      , Gd^Fmw      
Gll^Fp      , Gll^Fp      , Gll^Fp      , Gll^Fp      , Gll^Fp      , Gll^Fp      , Gd^Fmw      , Gll^Fp      , Gll^Fp      , Gll^Fp      , Gll^Fp      , Gs          , Gs          , Gll^Fp      , Gll^Fp      , Gll^Fp      , Gll^Fp      , Gg          , Gg          , Gg          , Gll^Fp      , Rb          , Rb          , Gs          , Gs          , Gs          , Gd          , Gd          , Gs          , Gs          , Gg          , Gll^Fp      , Gll^Fp      , Gll^Fp      , Gs          , Gs^Em       , Gg^Eff      , Gg          , Gg          , Gll^Fp      , Gll^Fp      , Gll^Fp      
Gll^Fp      , Gll^Fp      , Gll^Fp      , Gd^Fmw      , Gd^Fmw      , Gll^Fp      , Gll^Fp      , Gs          , Gg          , Gs          , Gll^Fp      , Gs          , Gs^Es       , Gll^Fp      , Gd^Vhr      , Gll^Fp      , Gll^Fp      , Gll^Fp      , Gg          , Gll^Fp      , Gs          , Gs          , Gs          , Re          , Gs          , Gs          , Rb          , Gd          , Gs          , Gs          , Gg          , Gll^Em      , Gg^Eff      , Gg^Eff      , Wwg         , Gs          , Gg          , Gg^Eff      , Gg^Eff      , Gll^Fp      , Gg          , Gg          
Gs          , Gll^Fp      , Gll^Fp      , Gd^Fmw      , Gll^Fp      , Gll^Fp      , Gll^Fp      , Gs          , Gs          , Gs          , Gs          , Gs          , Gs          , Gg          , Gg          , Gg          , Gg          , Gg          , Gg          , Gs          , Gd          , Gd          , Gs          , Gs          , Gg          , Gs          , Gg          , Rb          , Re          , Gs          , Gs          , Gg          , Wwg         , Gg          , Wwg         , Wwg         , Wwg^Bw/r    , Gs^Vl       , Gs          , Gg          , Gg          , Gg          
Gs          , Gs          , Gll^Fp      , Gll^Fp      , Gll^Fp      , Gll^Fp      , Gs          , Gg          , Gs          , Gs          , Gg          , Gg^Es       , Gs          , Chr         , Gg          , Gll^Fp      , Gll^Fp      , Gg          , Gg          , Gs^Vhr      , Gs          , Gd          , Gs          , Gs          , Gg          , Gll^Fp      , Gll^Fp      , Gll^Fp      , Gs          , Rb          , Gs          , Gg          , Wwg         , Wwg         , Wog         , Wog         , Wwg         , Wwg         , Gs          , Gg          , Gll^Fp      , Gll^Fp      
Gg          , Gs          , Gs          , Gll^Fp      , Gll^Fp      , Gs          , Gg          , Gg          , Chr         , Chr         , Gg          , Gg          , Chr         , 3 Khr       , Ch          , Chr         , Chr         , Gll^Fp      , Gg          , Gg          , Gll^Fp      , Gs          , Gll^Fp      , Gll^Fp      , Gll^Fp      , Gll^Fp      , Gll^Fp      , Gll^Fp      , Gll^Fp      , Rb          , Gg          , Gg          , Gg          , Wwg         , Wog         , Wog         , Wwg         , Wwg         , Wwf         , Wwf^Es      , Gg          , Gll^Fp      
Gg          , Gs          , Gg          , Gll^Fp      , Gg          , Gs          , Gs          , Gg          , Gg          , Chr         , Gll         , Gll^Fp      , Gll         , Gll^Fp      , Chr         , Gll^Fp      , Hh          , Gll^Fp      , Hh^Vhhr     , Hh^Fp       , Gll^Fp      , Gg          , Gll^Fp      , Gll^Fp      , Gll^Fp      , Gll^Fp      , Gll^Fp      , Gll^Fp      , Gll^Fp      , Gll         , Rb          , Gg          , Gg          , Wwg         , Wwg         , Wwg         , Gs          , Wwg         , Gs          , Gs          , Gs          , Gd^Fmw      
Gg          , Gg          , Hh          , Gg          , Gg          , Gs          , Gg          , Hh^Vhhr     , Gg          , Gll^Fp      , Gll         , Gs^Es       , Gll^Fp      , Gll^Fp      , Hh^Fp       , Hh          , Mm          , Hh          , Mm          , Hh          , Gll^Fp      , Gll^Fp      , Gll^Fp      , Gll^Fp      , Gll^Fp      , Gll^Fp      , Gll^Fp      , Gll^Fp      , Gll         , Gll         , Gg          , Rb          , Rb          , Gg^Eff      , Gg^Eff      , Gs          , Gs          , Gg          , Gg          , Gs          , Gg          , Gg          
Hh          , Hh          , Gg          , Gg          , Hh          , Gg          , Hh^Fp       , Hh          , Gg          , Gll^Fp      , Gg          , Gs          , Wwf         , Gll^Fp      , Chr         , Hh          , Wwg         , Mm          , Hh          , Hh          , Gll^Fp      , Gll^Fp      , Gs          , Gll^Fp      , Gll^Fp      , Gll^Fp      , Gll^Fp      , Gll^Fp      , Gll^Fp      , Gll         , Gll^Fp      , Gg          , Rb          , Re          , Gg          , Gs          , Gg          , Gs          , Gg          , Gs          , Gll^Fp      , Gg          
Hh^Fp       , Hh          , Gs          , Hh          , Gg          , Hh^Fp       , Hh          , Gll^Fp      , Gll^Fp      , Gll^Fp      , Gg          , Wwg         , Wwg         , Wwg         , Wwf         , Wwf         , Mm          , Mm          , Hh          , Hh^Fp       , Hh^Fp       , Gll^Fp      , Gg          , Gll^Fp      , Gll^Fp      , Gll^Fp      , Gll         , Gll^Fp      , Gll^Fp      , Gll^Fp      , Gg          , Gg          , Gg          , Re          , Gg          , Gg          , Gll^Fp      , Gll^Fp      , Gll^Fp      , Gg          , Gll^Fp      , Gg          
Hh          , Gll^Fp      , Gg          , Gg          , Gg          , Hh          , Hh          , Gll^Fp      , Gs          , Gll^Fp      , Gg          , Hhd         , Hh^Fp       , Hh^Fp       , Hh          , Mm          , Mm          , Mm          , Hh          , Hh^Fp       , Hh          , Gg          , Gg          , Gs          , Gll         , Gll         , Gll         , Gll^Fp      , Gll         , Gll^Fp      , Gll^Fp      , Gg          , Gg          , Re          , Gs          , Gll^Fp      , Gll^Fp      , Gll^Fp      , Gll^Fp      , Gll^Fp      , Gll^Fp      , Gll^Fp      
Hh          , Gg          , Hh          , Hh          , Mm          , Mm^Xm       , Mm          , Gg          , Gg          , Gs          , Gg          , Gg          , Gll^Fp      , Hh^Fp       , Hh^Fmw      , Hh^Fmw      , Hh          , Hh          , Hh          , Gg          , Gs          , Gll^Fp      , Gs          , Gll^Fp      , Gll^Fp      , Gll^Fp      , Gll         , Gs          , Gll^Fp      , Gll^Fp      , Gll^Fp      , Gll^Fp      , Gg          , Gs          , Gg          , Gg          , Gs^Fdw      , Gs^Fdw      , Gll^Fp      , Gll^Fp      , Gll^Fp      , Gg          
Mm          , Hh          , Mm          , Mm          , Mm          , Mm          , Hh          , Hh          , Hh          , Gg          , Gll^Fp      , Gs          , Gs          , Gll^Fp      , Hh^Fp       , Hh^Fdw      , Hh          , Hh          , Hh          , Gg          , Gs          , Gll^Fp      , Gd^Fmw      , Gd^Fmw      , Gs^Fdw      , Gll^Fp      , Gll^Fp      , Gs          , Gs          , Gll^Fp      , Gll^Fp      , Gll^Fp      , Gg          , Gs          , Re          , Gs          , Gd^Fmw      , Gs^Fmw      , Gs^Fdw      , Gll^Fp      , Gs^Fdw      , Gd^Fmw      
Mm^Xm       , Mm^Xm       , Mm^Xm       , Mm^Xm       , Mm^Xm       , Mm^Xm       , Mm          , Hh          , Hh          , Gg          , Gll^Fp      , Gll^Fp      , Gs          , Gll^Fp      , Gs          , Gs          , Gg          , Gg          , Hh          , Gg          , Gg          , Gll^Fp      , Gll^Fp      , Gd^Fmw      , Gd^Fmw      , Gg          , Gg          , Gs          , Gs          , Gg          , Gll^Fp      , Gg          , Gs          , Gs^Vct      , Re          , Gs          , Gg          , Gs          , Gll^Fp      , Gg          , Gs^Fdw      , Gll^Fp      
Mm          , Mm          , Mm          , Mm          , Mm          , Mm^Xm       , Mm^Xm       , Hh          , Hh          , Gg          , Hh          , Gll^Fp      , Gg          , Gg          , Gg          , Gg          , Gs          , Gg          , Gd^Fmw      , Gs^Fdw      , Gg          , Gg          , Gg          , Gll^Fp      , Gs^Fdw      , Gs^Fdw      , Gg          , Gg          , Gs          , Gs          , Gs          , Gg          , Ce          , Gs          , Gs          , Re          , Gs          , Gs          , Gs          , Gs^Fdw      , Gll^Fp      , Gll^Fp      
Hh          , Hh          , Hh          , Hh          , Hh          , Mm          , Mm          , Mm^Xm       , Hh          , Hh          , Hh          , Hh          , Gll^Fp      , Gll^Fp      , Gs          , Gll^Fp      , Gll^Fp      , Gg          , Gd^Fmw      , Gs^Fdw      , Gs^Fdw      , Gg          , Gg          , Gg          , Gg          , Gs^Fdw      , Gg          , Gs^Fdw      , Gs          , Gs^Vct      , Gg          , Ce          , 1 Ke        , Ce          , Gs          , Re          , Gs          , Gs          , Gll         , Gs          , Gs          , Gll^Fp      
Gg          , Gg          , Hh          , Hh          , Mm          , Hh          , Mm          , Mm^Xm       , Mm^Xm       , Mm          , Mm          , Hh^Fp       , Gll^Fp      , Gll^Fp      , Hh          , Gll^Fp      , Gll^Fp      , Gd^Fmw      , Gll^Fp      , Gd^Fmw      , Gg          , Gg          , Gll^Fp      , Gll^Fp      , Gg          , Gg          , Gs^Fdw      , Gs^Fdw      , Gll^Fp      , Gs          , Gs          , Ce          , Ce          , Ce          , Gs          , Gs          , Re          , Gll         , Gll         , Gll^Fp      , Gs          , Gll^Fp      
Gg          , Gg          , Hh          , Hh          , Mm          , Mm          , Mm          , Mm^Xm       , Hh          , Mm^Xm       , Mm          , Hh          , Hh          , Hh          , Gg          , Gg          , Hh          , Gg          , Gg          , Gll^Fp      , Gg          , Gll^Fp      , Gd^Fmw      , Gll^Fp      , Gg          , Gd^Fmw      , Gd^Fmw      , Gd^Fmw      , Gd^Fmw      , Gll^Fp      , Gg          , Gg          , Gll         , Gg          , Gs          , Gs^Vct      , Gs          , Re          , Rp          , Gll         , Gs          , Gg          
Gg          , Gg          , Hh          , Hh          , Mm          , Mm          , Hh          , Mm          , Hh          , Mm^Xm       , Mm^Xm       , Hh          , Hh          , Hh          , Mm          , Hh          , Hh          , Gg          , Gll^Fp      , Gg          , Gg          , Gg          , Gd^Fmw      , Gd^Fmw      , Gll^Fp      , Gd^Fmw      , Gll^Fp      , Gd^Fmw      , Gd^Fmw      , Gll^Fp      , Gd^Fmw      , Gg          , Gll         , Gs^Vct      , Gs          , Gs          , Gs          , Gs          , Re          , Rp          , Gs          , Gg          
Hh          , Hh          , Mm          , Mm          , Mm          , Mm          , Mm          , Hh          , Hh          , Mm          , Mm^Xm       , Mm          , Hh          , Hh          , Mm          , Mm          , Hh          , Gll^Fp      , Gll^Fp      , Gll^Fp      , Gll^Fp      , Gll^Fp      , Gd^Fmw      , Gll^Fp      , Gg          , Gg          , Gg          , Gll^Fp      , Gll^Fp      , Gll^Fp      , Gll^Fp      , Gd^Fmw      , Gll^Fp      , Gll         , Gll^Fp      , Gll^Fp      , Gll         , Gs          , Gs          , Rp          , Gs          , Gs          
Gg          , Hh          , Mm          , Mm          , Hh          , Hh          , Hh          , Hh          , Mm          , Mm^Xm       , Mm          , Mm          , Mm          , Hh          , Mm          , Mm          , Mm          , Hh          , Hh          , Gg          , Gg          , Gg          , Gg          , Gll^Fp      , Gll^Fp      , Gll^Fp      , Gg          , Gll^Fp      , Gll^Fp      , Gd^Fmw      , Gd^Fmw      , Gd^Fmw      , Gd^Fmw      , Gll^Fp      , Gll^Fp      , Gll         , Gll         , Gs          , Rp          , Re          , Gs          , Gs          
